                                      1 ;--------------------------------------------------------
                                      2 ; File Created by SDCC : free open source ISO C Compiler
                                      3 ; Version 4.5.1 #15267 (Linux)
                                      4 ;--------------------------------------------------------
                                      5 	.module ball
                                      6 	
                                      7 ;--------------------------------------------------------
                                      8 ; Public variables in this module
                                      9 ;--------------------------------------------------------
                                     10 	.globl _UpdateBall
                                     11 	.globl _ResetBall
                                     12 ;--------------------------------------------------------
                                     13 ; special function registers
                                     14 ;--------------------------------------------------------
                                     15 	.area _HRAM
                                     16 ;--------------------------------------------------------
                                     17 ; ram data
                                     18 ;--------------------------------------------------------
                                     19 	.area _DATA
                                     20 ;--------------------------------------------------------
                                     21 ; ram data
                                     22 ;--------------------------------------------------------
                                     23 	.area _INITIALIZED
                                     24 ;--------------------------------------------------------
                                     25 ; absolute external ram data
                                     26 ;--------------------------------------------------------
                                     27 	.area _DABS (ABS)
                                     28 ;--------------------------------------------------------
                                     29 ; global & static initialisations
                                     30 ;--------------------------------------------------------
                                     31 	.area _HOME
                                     32 	.area _GSINIT
                                     33 	.area _GSFINAL
                                     34 	.area _GSINIT
                                     35 ;--------------------------------------------------------
                                     36 ; Home
                                     37 ;--------------------------------------------------------
                                     38 	.area _HOME
                                     39 	.area _HOME
                                     40 ;--------------------------------------------------------
                                     41 ; code
                                     42 ;--------------------------------------------------------
                                     43 	.area _CODE
                                     44 ;source/default/ball.c:6: void ResetBall(){
                                     45 ;	---------------------------------
                                     46 ; Function ResetBall
                                     47 ; ---------------------------------
    00000000                         48 _ResetBall::
                                     49 ;source/default/ball.c:8: ballX=BALLSTART_X;
    00000000 21r00r00         [12]   50 	ld	hl, #_ballX
    00000003 AF               [ 4]   51 	xor	a, a
    00000004 22               [ 8]   52 	ld	(hl+), a
    00000005 36 04            [12]   53 	ld	(hl), #0x04
                                     54 ;source/default/ball.c:9: ballY=BALLSTART_Y;
    00000007 21r00r00         [12]   55 	ld	hl, #_ballY
    0000000A 3E 80            [ 8]   56 	ld	a, #0x80
    0000000C 22               [ 8]   57 	ld	(hl+), a
    0000000D 36 06            [12]   58 	ld	(hl), #0x06
                                     59 ;source/default/ball.c:10: ballVelocityX=0;
    0000000F AF               [ 4]   60 	xor	a, a
    00000010 21r00r00         [12]   61 	ld	hl, #_ballVelocityX
    00000013 22               [ 8]   62 	ld	(hl+), a
    00000014 77               [ 8]   63 	ld	(hl), a
                                     64 ;source/default/ball.c:11: ballVelocityY=0;
    00000015 AF               [ 4]   65 	xor	a, a
    00000016 21r00r00         [12]   66 	ld	hl, #_ballVelocityY
    00000019 22               [ 8]   67 	ld	(hl+), a
    0000001A 77               [ 8]   68 	ld	(hl), a
                                     69 ;source/default/ball.c:12: }
    0000001B C9               [16]   70 	ret
                                     71 ;source/default/ball.c:14: uint8_t UpdateBall(uint8_t lastSprite){
                                     72 ;	---------------------------------
                                     73 ; Function UpdateBall
                                     74 ; ---------------------------------
    0000001C                         75 _UpdateBall::
    0000001C 3B               [ 8]   76 	dec	sp
    0000001D 3B               [ 8]   77 	dec	sp
    0000001E F8 01            [12]   78 	ldhl	sp,	#1
    00000020 77               [ 8]   79 	ld	(hl), a
                                     80 ;source/default/ball.c:17: ballX+=ballVelocityX>>4;
    00000021 21r00r00         [12]   81 	ld	hl, #_ballVelocityX
    00000024 2A               [ 8]   82 	ld	a, (hl+)
    00000025 4F               [ 4]   83 	ld	c, a
    00000026 46               [ 8]   84 	ld	b, (hl)
    00000027 CB 28            [ 8]   85 	sra	b
    00000029 CB 19            [ 8]   86 	rr	c
    0000002B CB 28            [ 8]   87 	sra	b
    0000002D CB 19            [ 8]   88 	rr	c
    0000002F CB 28            [ 8]   89 	sra	b
    00000031 CB 19            [ 8]   90 	rr	c
    00000033 CB 28            [ 8]   91 	sra	b
    00000035 CB 19            [ 8]   92 	rr	c
    00000037 21r00r00         [12]   93 	ld	hl, #_ballX
    0000003A 7E               [ 8]   94 	ld	a, (hl)
    0000003B 81               [ 4]   95 	add	a, c
    0000003C 22               [ 8]   96 	ld	(hl+), a
    0000003D 7E               [ 8]   97 	ld	a, (hl)
    0000003E 88               [ 4]   98 	adc	a, b
    0000003F 77               [ 8]   99 	ld	(hl), a
                                    100 ;source/default/ball.c:18: ballY+=ballVelocityY>>4;
    00000040 21r00r00         [12]  101 	ld	hl, #_ballVelocityY
    00000043 2A               [ 8]  102 	ld	a, (hl+)
    00000044 4F               [ 4]  103 	ld	c, a
    00000045 46               [ 8]  104 	ld	b, (hl)
    00000046 CB 28            [ 8]  105 	sra	b
    00000048 CB 19            [ 8]  106 	rr	c
    0000004A CB 28            [ 8]  107 	sra	b
    0000004C CB 19            [ 8]  108 	rr	c
    0000004E CB 28            [ 8]  109 	sra	b
    00000050 CB 19            [ 8]  110 	rr	c
    00000052 CB 28            [ 8]  111 	sra	b
    00000054 CB 19            [ 8]  112 	rr	c
    00000056 21r00r00         [12]  113 	ld	hl, #_ballY
    00000059 7E               [ 8]  114 	ld	a, (hl)
    0000005A 81               [ 4]  115 	add	a, c
    0000005B 22               [ 8]  116 	ld	(hl+), a
    0000005C 7E               [ 8]  117 	ld	a, (hl)
    0000005D 88               [ 4]  118 	adc	a, b
                                    119 ;source/default/ball.c:21: if((ballY>>4)>144){
    0000005E 32               [ 8]  120 	ld	(hl-), a
    0000005F 2A               [ 8]  121 	ld	a, (hl+)
    00000060 4F               [ 4]  122 	ld	c, a
    00000061 46               [ 8]  123 	ld	b, (hl)
    00000062 CB 38            [ 8]  124 	srl	b
    00000064 CB 19            [ 8]  125 	rr	c
    00000066 CB 38            [ 8]  126 	srl	b
    00000068 CB 19            [ 8]  127 	rr	c
    0000006A CB 38            [ 8]  128 	srl	b
    0000006C CB 19            [ 8]  129 	rr	c
    0000006E CB 38            [ 8]  130 	srl	b
    00000070 CB 19            [ 8]  131 	rr	c
    00000072 59               [ 4]  132 	ld	e, c
    00000073 50               [ 4]  133 	ld	d, b
    00000074 3E 90            [ 8]  134 	ld	a, #0x90
    00000076 BB               [ 4]  135 	cp	a, e
    00000077 3E 00            [ 8]  136 	ld	a, #0x00
    00000079 9A               [ 4]  137 	sbc	a, d
    0000007A 30 03            [12]  138 	jr	NC, 00102$
                                    139 ;source/default/ball.c:24: return 0;
    0000007C AF               [ 4]  140 	xor	a, a
    0000007D 18 41            [12]  141 	jr	00104$
    0000007F                        142 00102$:
                                    143 ;source/default/ball.c:27: lastSprite = move_metasprite(ball_metasprites[0],paddle_TILE_COUNT,lastSprite,(ballX>>4)+7,(ballY>>4)+15);
    0000007F 79               [ 4]  144 	ld	a, c
    00000080 C6 0F            [ 8]  145 	add	a, #0x0f
    00000082 F8 00            [12]  146 	ldhl	sp,	#0
    00000084 77               [ 8]  147 	ld	(hl), a
    00000085 21r00r00         [12]  148 	ld	hl, #_ballX
    00000088 2A               [ 8]  149 	ld	a, (hl+)
    00000089 4F               [ 4]  150 	ld	c, a
    0000008A 46               [ 8]  151 	ld	b, (hl)
    0000008B CB 38            [ 8]  152 	srl	b
    0000008D CB 19            [ 8]  153 	rr	c
    0000008F CB 38            [ 8]  154 	srl	b
    00000091 CB 19            [ 8]  155 	rr	c
    00000093 CB 38            [ 8]  156 	srl	b
    00000095 CB 19            [ 8]  157 	rr	c
    00000097 CB 38            [ 8]  158 	srl	b
    00000099 CB 19            [ 8]  159 	rr	c
    0000009B 79               [ 4]  160 	ld	a, c
    0000009C C6 07            [ 8]  161 	add	a, #0x07
    0000009E 4F               [ 4]  162 	ld	c, a
    0000009F 21r00r00         [12]  163 	ld	hl, #_ball_metasprites
    000000A2 2A               [ 8]  164 	ld	a,	(hl+)
    000000A3 66               [ 8]  165 	ld	h, (hl)
                                    166 ;/opt/gbdk/include/gb/metasprites.h:169: __current_metasprite = metasprite;
    000000A4 5F               [ 4]  167 	ld	e, a
    000000A5 54               [ 4]  168 	ld	d, h
    000000A6 21r00r00         [12]  169 	ld	hl, #___current_metasprite
    000000A9 7B               [ 4]  170 	ld	a, e
    000000AA 22               [ 8]  171 	ld	(hl+), a
    000000AB 72               [ 8]  172 	ld	(hl), d
                                    173 ;/opt/gbdk/include/gb/metasprites.h:170: __current_base_tile = base_tile;
    000000AC 21r00r00         [12]  174 	ld	hl, #___current_base_tile
    000000AF 36 03            [12]  175 	ld	(hl), #0x03
                                    176 ;/opt/gbdk/include/gb/metasprites.h:171: __current_base_prop = 0;
    000000B1 AF               [ 4]  177 	xor	a, a
    000000B2 EAr00r00         [16]  178 	ld	(#___current_base_prop),a
                                    179 ;/opt/gbdk/include/gb/metasprites.h:172: return __move_metasprite(base_sprite, (y << 8) | (uint8_t)x);
    000000B5 F8 00            [12]  180 	ldhl	sp,	#0
    000000B7 2A               [ 8]  181 	ld	a, (hl+)
    000000B8 57               [ 4]  182 	ld	d, a
    000000B9 59               [ 4]  183 	ld	e, c
    000000BA 7E               [ 8]  184 	ld	a, (hl)
    000000BB CDr00r00         [24]  185 	call	___move_metasprite
                                    186 ;source/default/ball.c:29: return 1;
    000000BE 3E 01            [ 8]  187 	ld	a, #0x01
    000000C0                        188 00104$:
                                    189 ;source/default/ball.c:30: }
    000000C0 33               [ 8]  190 	inc	sp
    000000C1 33               [ 8]  191 	inc	sp
    000000C2 C9               [16]  192 	ret
                                    193 	.area _CODE
                                    194 	.area _INITIALIZER
                                    195 	.area _CABS (ABS)
