                                      1 ;--------------------------------------------------------
                                      2 ; File Created by SDCC : free open source ISO C Compiler
                                      3 ; Version 4.5.1 #15267 (Linux)
                                      4 ;--------------------------------------------------------
                                      5 	.module collisions
                                      6 	
                                      7 ;--------------------------------------------------------
                                      8 ; Public variables in this module
                                      9 ;--------------------------------------------------------
                                     10 	.globl _CollideBricksAgainstBall
                                     11 	.globl _CollidePaddleAgainstBall
                                     12 	.globl _IncreaseScore
                                     13 	.globl _UpdateBrick
                                     14 	.globl _CheckTopOrBottomBrick
                                     15 ;--------------------------------------------------------
                                     16 ; special function registers
                                     17 ;--------------------------------------------------------
                                     18 	.area _HRAM
                                     19 ;--------------------------------------------------------
                                     20 ; ram data
                                     21 ;--------------------------------------------------------
                                     22 	.area _DATA
                                     23 ;--------------------------------------------------------
                                     24 ; ram data
                                     25 ;--------------------------------------------------------
                                     26 	.area _INITIALIZED
                                     27 ;--------------------------------------------------------
                                     28 ; absolute external ram data
                                     29 ;--------------------------------------------------------
                                     30 	.area _DABS (ABS)
                                     31 ;--------------------------------------------------------
                                     32 ; global & static initialisations
                                     33 ;--------------------------------------------------------
                                     34 	.area _HOME
                                     35 	.area _GSINIT
                                     36 	.area _GSFINAL
                                     37 	.area _GSINIT
                                     38 ;--------------------------------------------------------
                                     39 ; Home
                                     40 ;--------------------------------------------------------
                                     41 	.area _HOME
                                     42 	.area _HOME
                                     43 ;--------------------------------------------------------
                                     44 ; code
                                     45 ;--------------------------------------------------------
                                     46 	.area _CODE
                                     47 ;source/default/collisions.c:9: void CollidePaddleAgainstBall(){
                                     48 ;	---------------------------------
                                     49 ; Function CollidePaddleAgainstBall
                                     50 ; ---------------------------------
    00000000                         51 _CollidePaddleAgainstBall::
    00000000 E8 F8            [16]   52 	add	sp, #-8
                                     53 ;source/default/collisions.c:10: int16_t xd = (int16_t)(ballX>>4)-(int16_t)(paddleX>>4);
    00000002 21r00r00         [12]   54 	ld	hl, #_ballX
    00000005 2A               [ 8]   55 	ld	a, (hl+)
    00000006 4F               [ 4]   56 	ld	c, a
    00000007 46               [ 8]   57 	ld	b, (hl)
    00000008 CB 38            [ 8]   58 	srl	b
    0000000A CB 19            [ 8]   59 	rr	c
    0000000C CB 38            [ 8]   60 	srl	b
    0000000E CB 19            [ 8]   61 	rr	c
    00000010 CB 38            [ 8]   62 	srl	b
    00000012 CB 19            [ 8]   63 	rr	c
    00000014 CB 38            [ 8]   64 	srl	b
    00000016 CB 19            [ 8]   65 	rr	c
    00000018 21r00r00         [12]   66 	ld	hl, #_paddleX
    0000001B 2A               [ 8]   67 	ld	a, (hl+)
    0000001C 5F               [ 4]   68 	ld	e, a
    0000001D 56               [ 8]   69 	ld	d, (hl)
    0000001E CB 3A            [ 8]   70 	srl	d
    00000020 CB 1B            [ 8]   71 	rr	e
    00000022 CB 3A            [ 8]   72 	srl	d
    00000024 CB 1B            [ 8]   73 	rr	e
    00000026 CB 3A            [ 8]   74 	srl	d
    00000028 CB 1B            [ 8]   75 	rr	e
    0000002A CB 3A            [ 8]   76 	srl	d
    0000002C CB 1B            [ 8]   77 	rr	e
    0000002E 79               [ 4]   78 	ld	a, c
    0000002F 93               [ 4]   79 	sub	a, e
    00000030 4F               [ 4]   80 	ld	c, a
    00000031 78               [ 4]   81 	ld	a, b
    00000032 9A               [ 4]   82 	sbc	a, d
    00000033 47               [ 4]   83 	ld	b, a
                                     84 ;source/default/collisions.c:12: xd = ABS(xd);
    00000034 60               [ 4]   85 	ld	h, b
    00000035 CB 7C            [ 8]   86 	bit	7, h
    00000037 28 06            [12]   87 	jr	Z, 00112$
    00000039 AF               [ 4]   88 	xor	a, a
    0000003A 91               [ 4]   89 	sub	a, c
    0000003B 4F               [ 4]   90 	ld	c, a
    0000003C 9F               [ 4]   91 	sbc	a, a
    0000003D 90               [ 4]   92 	sub	a, b
    0000003E 47               [ 4]   93 	ld	b, a
    0000003F                         94 00112$:
                                     95 ;source/default/collisions.c:14: if(xd<=PADDLE_SIZE/2+BALL_RADIUS){
    0000003F 58               [ 4]   96 	ld	e, b
    00000040 16 00            [ 8]   97 	ld	d, #0x00
    00000042 3E 13            [ 8]   98 	ld	a, #0x13
    00000044 B9               [ 4]   99 	cp	a, c
    00000045 3E 00            [ 8]  100 	ld	a, #0x00
    00000047 98               [ 4]  101 	sbc	a, b
    00000048 CB 7B            [ 8]  102 	bit	7, e
    0000004A 28 07            [12]  103 	jr	Z, 00203$
    0000004C CB 7A            [ 8]  104 	bit	7, d
    0000004E 20 08            [12]  105 	jr	NZ, 00204$
    00000050 BF               [ 4]  106 	cp	a, a
    00000051 18 05            [12]  107 	jr	00204$
    00000053                        108 00203$:
    00000053 CB 7A            [ 8]  109 	bit	7, d
    00000055 28 01            [12]  110 	jr	Z, 00204$
    00000057 37               [ 4]  111 	scf
    00000058                        112 00204$:
    00000058 DAr1Ar02         [16]  113 	jp	C, 00110$
                                    114 ;source/default/collisions.c:16: int16_t yd =(int16_t)(ballY>>4)-(int16_t)(paddleY>>4);
    0000005B 21r00r00         [12]  115 	ld	hl, #_ballY
    0000005E 2A               [ 8]  116 	ld	a, (hl+)
    0000005F 5F               [ 4]  117 	ld	e, a
    00000060 56               [ 8]  118 	ld	d, (hl)
    00000061 CB 3A            [ 8]  119 	srl	d
    00000063 CB 1B            [ 8]  120 	rr	e
    00000065 CB 3A            [ 8]  121 	srl	d
    00000067 CB 1B            [ 8]  122 	rr	e
    00000069 CB 3A            [ 8]  123 	srl	d
    0000006B CB 1B            [ 8]  124 	rr	e
    0000006D CB 3A            [ 8]  125 	srl	d
    0000006F CB 1B            [ 8]  126 	rr	e
    00000071 F8 02            [12]  127 	ldhl	sp,	#2
    00000073 7B               [ 4]  128 	ld	a, e
    00000074 22               [ 8]  129 	ld	(hl+), a
    00000075 72               [ 8]  130 	ld	(hl), d
    00000076 21r00r00         [12]  131 	ld	hl, #_paddleY
    00000079 2A               [ 8]  132 	ld	a, (hl+)
    0000007A 5F               [ 4]  133 	ld	e, a
    0000007B 56               [ 8]  134 	ld	d, (hl)
    0000007C CB 3A            [ 8]  135 	srl	d
    0000007E CB 1B            [ 8]  136 	rr	e
    00000080 CB 3A            [ 8]  137 	srl	d
    00000082 CB 1B            [ 8]  138 	rr	e
    00000084 CB 3A            [ 8]  139 	srl	d
    00000086 CB 1B            [ 8]  140 	rr	e
    00000088 CB 3A            [ 8]  141 	srl	d
    0000008A CB 1B            [ 8]  142 	rr	e
    0000008C F8 04            [12]  143 	ldhl	sp,	#4
    0000008E 7B               [ 4]  144 	ld	a, e
    0000008F 22               [ 8]  145 	ld	(hl+), a
    00000090 7A               [ 4]  146 	ld	a, d
    00000091 32               [ 8]  147 	ld	(hl-), a
    00000092 2B               [ 8]  148 	dec	hl
    00000093 2B               [ 8]  149 	dec	hl
    00000094 2A               [ 8]  150 	ld	a, (hl+)
    00000095 5F               [ 4]  151 	ld	e, a
    00000096 2A               [ 8]  152 	ld	a, (hl+)
    00000097 57               [ 4]  153 	ld	d, a
    00000098 2A               [ 8]  154 	ld	a,	(hl+)
    00000099 66               [ 8]  155 	ld	h, (hl)
    0000009A 6F               [ 4]  156 	ld	l, a
    0000009B 7B               [ 4]  157 	ld	a, e
    0000009C 95               [ 4]  158 	sub	a, l
    0000009D 5F               [ 4]  159 	ld	e, a
    0000009E 7A               [ 4]  160 	ld	a, d
    0000009F 9C               [ 4]  161 	sbc	a, h
    000000A0 F8 07            [12]  162 	ldhl	sp,	#7
    000000A2 32               [ 8]  163 	ld	(hl-), a
    000000A3 73               [ 8]  164 	ld	(hl), e
                                    165 ;source/default/collisions.c:18: yd = ABS(yd);
    000000A4 3A               [ 8]  166 	ld	a, (hl-)
    000000A5 2B               [ 8]  167 	dec	hl
    000000A6 77               [ 8]  168 	ld	(hl), a
    000000A7 F8 07            [12]  169 	ldhl	sp,	#7
    000000A9 3A               [ 8]  170 	ld	a, (hl-)
    000000AA 2B               [ 8]  171 	dec	hl
    000000AB 77               [ 8]  172 	ld	(hl), a
    000000AC CB 7E            [12]  173 	bit	7, (hl)
    000000AE 28 12            [12]  174 	jr	Z, 00114$
    000000B0 23               [ 8]  175 	inc	hl
    000000B1 11 00 00         [12]  176 	ld	de, #0x0000
    000000B4 2A               [ 8]  177 	ld	a,	(hl+)
    000000B5 66               [ 8]  178 	ld	h, (hl)
    000000B6 6F               [ 4]  179 	ld	l, a
    000000B7 7B               [ 4]  180 	ld	a, e
    000000B8 95               [ 4]  181 	sub	a, l
    000000B9 5F               [ 4]  182 	ld	e, a
    000000BA 7A               [ 4]  183 	ld	a, d
    000000BB 9C               [ 4]  184 	sbc	a, h
    000000BC F8 05            [12]  185 	ldhl	sp,	#5
    000000BE 32               [ 8]  186 	ld	(hl-), a
    000000BF 73               [ 8]  187 	ld	(hl), e
    000000C0 18 0A            [12]  188 	jr	00115$
    000000C2                        189 00114$:
    000000C2 F8 06            [12]  190 	ldhl	sp,	#6
    000000C4 3A               [ 8]  191 	ld	a, (hl-)
    000000C5 2B               [ 8]  192 	dec	hl
    000000C6 77               [ 8]  193 	ld	(hl), a
    000000C7 F8 07            [12]  194 	ldhl	sp,	#7
    000000C9 3A               [ 8]  195 	ld	a, (hl-)
    000000CA 2B               [ 8]  196 	dec	hl
    000000CB 77               [ 8]  197 	ld	(hl), a
    000000CC                        198 00115$:
    000000CC F8 04            [12]  199 	ldhl	sp,	#4
    000000CE 2A               [ 8]  200 	ld	a, (hl+)
    000000CF 23               [ 8]  201 	inc	hl
    000000D0 32               [ 8]  202 	ld	(hl-), a
    000000D1 2A               [ 8]  203 	ld	a, (hl+)
    000000D2 23               [ 8]  204 	inc	hl
                                    205 ;source/default/collisions.c:20: if(yd<=(PADDLE_HALF_THICKNESS+BALL_RADIUS)){
    000000D3 32               [ 8]  206 	ld	(hl-), a
    000000D4 3E 05            [ 8]  207 	ld	a, #0x05
    000000D6 96               [ 8]  208 	sub	a, (hl)
    000000D7 23               [ 8]  209 	inc	hl
    000000D8 3E 00            [ 8]  210 	ld	a, #0x00
    000000DA 9E               [ 8]  211 	sbc	a, (hl)
    000000DB 3E 00            [ 8]  212 	ld	a, #0x00
    000000DD 57               [ 4]  213 	ld	d, a
    000000DE CB 7E            [12]  214 	bit	7, (hl)
    000000E0 28 07            [12]  215 	jr	Z, 00205$
    000000E2 CB 7A            [ 8]  216 	bit	7, d
    000000E4 20 08            [12]  217 	jr	NZ, 00206$
    000000E6 BF               [ 4]  218 	cp	a, a
    000000E7 18 05            [12]  219 	jr	00206$
    000000E9                        220 00205$:
    000000E9 CB 7A            [ 8]  221 	bit	7, d
    000000EB 28 01            [12]  222 	jr	Z, 00206$
    000000ED 37               [ 4]  223 	scf
    000000EE                        224 00206$:
    000000EE DAr1Ar02         [16]  225 	jp	C, 00110$
                                    226 ;source/default/collisions.c:23: ballVelocityY=-ballVelocityY;
    000000F1 AF               [ 4]  227 	xor	a, a
    000000F2 21r00r00         [12]  228 	ld	hl, #_ballVelocityY
    000000F5 96               [ 8]  229 	sub	a, (hl)
    000000F6 22               [ 8]  230 	ld	(hl+), a
    000000F7 9F               [ 4]  231 	sbc	a, a
    000000F8 96               [ 8]  232 	sub	a, (hl)
    000000F9 77               [ 8]  233 	ld	(hl), a
                                    234 ;source/default/collisions.c:25: NR10_REG=0X2B;
    000000FA 3E 2B            [ 8]  235 	ld	a, #0x2b
    000000FC E0r00            [12]  236 	ldh	(_NR10_REG + 0), a
                                    237 ;source/default/collisions.c:26: NR11_REG=0X81;
    000000FE 3E 81            [ 8]  238 	ld	a, #0x81
    00000100 E0r00            [12]  239 	ldh	(_NR11_REG + 0), a
                                    240 ;source/default/collisions.c:27: NR12_REG=0X41;
    00000102 3E 41            [ 8]  241 	ld	a, #0x41
    00000104 E0r00            [12]  242 	ldh	(_NR12_REG + 0), a
                                    243 ;source/default/collisions.c:28: NR13_REG=0X5C;
    00000106 3E 5C            [ 8]  244 	ld	a, #0x5c
    00000108 E0r00            [12]  245 	ldh	(_NR13_REG + 0), a
                                    246 ;source/default/collisions.c:29: NR14_REG=0X86;
    0000010A 3E 86            [ 8]  247 	ld	a, #0x86
    0000010C E0r00            [12]  248 	ldh	(_NR14_REG + 0), a
                                    249 ;source/default/collisions.c:31: if(xd>PADDLE_SIZE/2-PADDLE_HALF_THICKNESS){
    0000010E 58               [ 4]  250 	ld	e, b
    0000010F 16 00            [ 8]  251 	ld	d, #0x00
    00000111 3E 0E            [ 8]  252 	ld	a, #0x0e
    00000113 B9               [ 4]  253 	cp	a, c
    00000114 3E 00            [ 8]  254 	ld	a, #0x00
    00000116 98               [ 4]  255 	sbc	a, b
    00000117 CB 7B            [ 8]  256 	bit	7, e
    00000119 28 07            [12]  257 	jr	Z, 00207$
    0000011B CB 7A            [ 8]  258 	bit	7, d
    0000011D 20 08            [12]  259 	jr	NZ, 00208$
    0000011F BF               [ 4]  260 	cp	a, a
    00000120 18 05            [12]  261 	jr	00208$
    00000122                        262 00207$:
    00000122 CB 7A            [ 8]  263 	bit	7, d
    00000124 28 01            [12]  264 	jr	Z, 00208$
    00000126 37               [ 4]  265 	scf
    00000127                        266 00208$:
    00000127 D2rF6r01         [16]  267 	jp	NC, 00105$
                                    268 ;source/default/collisions.c:34: ballVelocityX=ABS(ballVelocityX);
    0000012A FAr00r00         [16]  269 	ld	a, (_ballVelocityX)
    0000012D 21r01r00         [12]  270 	ld	hl, #_ballVelocityX + 1
    00000130 46               [ 8]  271 	ld	b, (hl)
    00000131 11 00 00         [12]  272 	ld	de, #0x0000
    00000134 3A               [ 8]  273 	ld	a, (hl-)
    00000135 6E               [ 8]  274 	ld	l, (hl)
    00000136 67               [ 4]  275 	ld	h, a
    00000137 7B               [ 4]  276 	ld	a, e
    00000138 95               [ 4]  277 	sub	a, l
    00000139 5F               [ 4]  278 	ld	e, a
    0000013A 7A               [ 4]  279 	ld	a, d
    0000013B 9C               [ 4]  280 	sbc	a, h
    0000013C F8 01            [12]  281 	ldhl	sp,	#1
    0000013E 32               [ 8]  282 	ld	(hl-), a
    0000013F 73               [ 8]  283 	ld	(hl), e
    00000140 FAr00r00         [16]  284 	ld	a, (#_ballVelocityX)
    00000143 F8 06            [12]  285 	ldhl	sp,	#6
    00000145 77               [ 8]  286 	ld	(hl), a
    00000146 FAr01r00         [16]  287 	ld	a, (#_ballVelocityX + 1)
    00000149 F8 07            [12]  288 	ldhl	sp,	#7
    0000014B 77               [ 8]  289 	ld	(hl), a
                                    290 ;source/default/collisions.c:35: ballX=MAX(ballX,paddleX+1+PADDLE_SIZE/2+((PADDLE_HALF_THICKNESS-BALL_RADIUS)<<4));
    0000014C FAr00r00         [16]  291 	ld	a, (#_paddleX)
    0000014F F8 02            [12]  292 	ldhl	sp,	#2
    00000151 77               [ 8]  293 	ld	(hl), a
    00000152 FAr01r00         [16]  294 	ld	a, (#_paddleX + 1)
    00000155 F8 03            [12]  295 	ldhl	sp,	#3
    00000157 77               [ 8]  296 	ld	(hl), a
    00000158 FAr00r00         [16]  297 	ld	a, (#_ballX)
    0000015B F8 04            [12]  298 	ldhl	sp,	#4
    0000015D 77               [ 8]  299 	ld	(hl), a
    0000015E FAr01r00         [16]  300 	ld	a, (#_ballX + 1)
    00000161 F8 05            [12]  301 	ldhl	sp,	#5
    00000163 77               [ 8]  302 	ld	(hl), a
                                    303 ;source/default/collisions.c:34: ballVelocityX=ABS(ballVelocityX);
    00000164 78               [ 4]  304 	ld	a, b
    00000165 07               [ 4]  305 	rlca
    00000166 E6 01            [ 8]  306 	and	a,#0x01
    00000168 4F               [ 4]  307 	ld	c, a
                                    308 ;source/default/collisions.c:32: if(paddleX<ballX){
    00000169 11r00r00         [12]  309 	ld	de, #_paddleX
    0000016C 21r00r00         [12]  310 	ld	hl, #_ballX
    0000016F 1A               [ 8]  311 	ld	a, (de)
    00000170 13               [ 8]  312 	inc	de
    00000171 96               [ 8]  313 	sub	a, (hl)
    00000172 23               [ 8]  314 	inc	hl
    00000173 1A               [ 8]  315 	ld	a, (de)
    00000174 9E               [ 8]  316 	sbc	a, (hl)
    00000175 30 52            [12]  317 	jr	NC, 00102$
                                    318 ;source/default/collisions.c:34: ballVelocityX=ABS(ballVelocityX);
    00000177 79               [ 4]  319 	ld	a, c
    00000178 B7               [ 4]  320 	or	a, a
    00000179 28 0C            [12]  321 	jr	Z, 00116$
    0000017B F8 00            [12]  322 	ldhl	sp,	#0
    0000017D 7E               [ 8]  323 	ld	a, (hl)
    0000017E F8 06            [12]  324 	ldhl	sp,	#6
    00000180 77               [ 8]  325 	ld	(hl), a
    00000181 F8 01            [12]  326 	ldhl	sp,	#1
    00000183 7E               [ 8]  327 	ld	a, (hl)
    00000184 F8 07            [12]  328 	ldhl	sp,	#7
    00000186 77               [ 8]  329 	ld	(hl), a
    00000187                        330 00116$:
    00000187 F8 06            [12]  331 	ldhl	sp,	#6
    00000189 7E               [ 8]  332 	ld	a, (hl)
    0000018A EAr00r00         [16]  333 	ld	(#_ballVelocityX),a
    0000018D F8 07            [12]  334 	ldhl	sp,	#7
    0000018F 7E               [ 8]  335 	ld	a, (hl)
    00000190 EAr01r00         [16]  336 	ld	(#_ballVelocityX + 1),a
                                    337 ;source/default/collisions.c:35: ballX=MAX(ballX,paddleX+1+PADDLE_SIZE/2+((PADDLE_HALF_THICKNESS-BALL_RADIUS)<<4));
    00000193 F8 02            [12]  338 	ldhl	sp,#2
    00000195 2A               [ 8]  339 	ld	a, (hl+)
    00000196 5F               [ 4]  340 	ld	e, a
    00000197 56               [ 8]  341 	ld	d, (hl)
    00000198 6B               [ 4]  342 	ld	l, e
    00000199 62               [ 4]  343 	ld	h, d
    0000019A 23               [ 8]  344 	inc	hl
    0000019B E5               [16]  345 	push	hl
    0000019C 7D               [ 4]  346 	ld	a, l
    0000019D F8 08            [12]  347 	ldhl	sp,	#8
    0000019F 77               [ 8]  348 	ld	(hl), a
    000001A0 E1               [12]  349 	pop	hl
    000001A1 7C               [ 4]  350 	ld	a, h
    000001A2 F8 07            [12]  351 	ldhl	sp,	#7
    000001A4 77               [ 8]  352 	ld	(hl), a
    000001A5 F8 06            [12]  353 	ldhl	sp,	#6
    000001A7 5D               [ 4]  354 	ld	e, l
    000001A8 54               [ 4]  355 	ld	d, h
    000001A9 F8 04            [12]  356 	ldhl	sp,	#4
    000001AB 1A               [ 8]  357 	ld	a, (de)
    000001AC 13               [ 8]  358 	inc	de
    000001AD 96               [ 8]  359 	sub	a, (hl)
    000001AE 23               [ 8]  360 	inc	hl
    000001AF 1A               [ 8]  361 	ld	a, (de)
    000001B0 9E               [ 8]  362 	sbc	a, (hl)
    000001B1 30 08            [12]  363 	jr	NC, 00118$
    000001B3 F8 04            [12]  364 	ldhl	sp,	#4
    000001B5 2A               [ 8]  365 	ld	a, (hl+)
    000001B6 23               [ 8]  366 	inc	hl
    000001B7 32               [ 8]  367 	ld	(hl-), a
    000001B8 2A               [ 8]  368 	ld	a, (hl+)
    000001B9 23               [ 8]  369 	inc	hl
    000001BA 77               [ 8]  370 	ld	(hl), a
    000001BB                        371 00118$:
    000001BB F8 06            [12]  372 	ldhl	sp,	#6
    000001BD 7E               [ 8]  373 	ld	a, (hl)
    000001BE EAr00r00         [16]  374 	ld	(#_ballX),a
    000001C1 F8 07            [12]  375 	ldhl	sp,	#7
    000001C3 7E               [ 8]  376 	ld	a, (hl)
    000001C4 EAr01r00         [16]  377 	ld	(#_ballX + 1),a
    000001C7 18 2D            [12]  378 	jr	00105$
    000001C9                        379 00102$:
                                    380 ;source/default/collisions.c:38: ballVelocityX=-ABS(ballVelocityX);
    000001C9 79               [ 4]  381 	ld	a, c
    000001CA B7               [ 4]  382 	or	a, a
    000001CB 28 04            [12]  383 	jr	Z, 00120$
    000001CD C1               [12]  384 	pop	bc
    000001CE C5               [16]  385 	push	bc
    000001CF 18 05            [12]  386 	jr	00121$
    000001D1                        387 00120$:
    000001D1 F8 06            [12]  388 	ldhl	sp,	#6
    000001D3 2A               [ 8]  389 	ld	a, (hl+)
    000001D4 4F               [ 4]  390 	ld	c, a
    000001D5 46               [ 8]  391 	ld	b, (hl)
    000001D6                        392 00121$:
    000001D6 AF               [ 4]  393 	xor	a, a
    000001D7 91               [ 4]  394 	sub	a, c
    000001D8 21r00r00         [12]  395 	ld	hl, #_ballVelocityX
    000001DB 22               [ 8]  396 	ld	(hl+), a
    000001DC 9F               [ 4]  397 	sbc	a, a
    000001DD 90               [ 4]  398 	sub	a, b
    000001DE 77               [ 8]  399 	ld	(hl), a
                                    400 ;source/default/collisions.c:39: ballX=MIN(ballX,paddleX-1-PADDLE_SIZE/2-((PADDLE_HALF_THICKNESS-BALL_RADIUS)<<4));
    000001DF F8 02            [12]  401 	ldhl	sp,#2
    000001E1 2A               [ 8]  402 	ld	a, (hl+)
    000001E2 4F               [ 4]  403 	ld	c, a
    000001E3 2A               [ 8]  404 	ld	a, (hl+)
    000001E4 47               [ 4]  405 	ld	b, a
    000001E5 0B               [ 8]  406 	dec	bc
    000001E6 2A               [ 8]  407 	ld	a, (hl+)
    000001E7 91               [ 4]  408 	sub	a, c
    000001E8 7E               [ 8]  409 	ld	a, (hl)
    000001E9 98               [ 4]  410 	sbc	a, b
    000001EA 30 04            [12]  411 	jr	NC, 00122$
    000001EC 2B               [ 8]  412 	dec	hl
    000001ED 2A               [ 8]  413 	ld	a, (hl+)
    000001EE 4F               [ 4]  414 	ld	c, a
    000001EF 46               [ 8]  415 	ld	b, (hl)
    000001F0                        416 00122$:
    000001F0 21r00r00         [12]  417 	ld	hl, #_ballX
    000001F3 79               [ 4]  418 	ld	a, c
    000001F4 22               [ 8]  419 	ld	(hl+), a
    000001F5 70               [ 8]  420 	ld	(hl), b
    000001F6                        421 00105$:
                                    422 ;source/default/collisions.c:42: ballY=MIN(ballY,paddleY-((1+PADDLE_HALF_THICKNESS+BALL_RADIUS)<<4));
    000001F6 FAr00r00         [16]  423 	ld	a, (_paddleY)
    000001F9 21r01r00         [12]  424 	ld	hl, #_paddleY + 1
    000001FC 46               [ 8]  425 	ld	b, (hl)
    000001FD C6 A0            [ 8]  426 	add	a, #0xa0
    000001FF 4F               [ 4]  427 	ld	c, a
    00000200 78               [ 4]  428 	ld	a, b
    00000201 CE FF            [ 8]  429 	adc	a, #0xff
    00000203 47               [ 4]  430 	ld	b, a
    00000204 FAr00r00         [16]  431 	ld	a, (_ballY)
    00000207 5F               [ 4]  432 	ld	e, a
    00000208 21r01r00         [12]  433 	ld	hl, #_ballY + 1
    0000020B 56               [ 8]  434 	ld	d, (hl)
    0000020C 7B               [ 4]  435 	ld	a, e
    0000020D 91               [ 4]  436 	sub	a, c
    0000020E 7A               [ 4]  437 	ld	a, d
    0000020F 98               [ 4]  438 	sbc	a, b
    00000210 38 02            [12]  439 	jr	C, 00125$
    00000212 59               [ 4]  440 	ld	e, c
    00000213 50               [ 4]  441 	ld	d, b
    00000214                        442 00125$:
    00000214 21r00r00         [12]  443 	ld	hl, #_ballY
    00000217 7B               [ 4]  444 	ld	a, e
    00000218 22               [ 8]  445 	ld	(hl+), a
    00000219 72               [ 8]  446 	ld	(hl), d
    0000021A                        447 00110$:
                                    448 ;source/default/collisions.c:48: }
    0000021A E8 08            [16]  449 	add	sp, #8
    0000021C C9               [16]  450 	ret
                                    451 ;source/default/collisions.c:50: void CollideBricksAgainstBall(){
                                    452 ;	---------------------------------
                                    453 ; Function CollideBricksAgainstBall
                                    454 ; ---------------------------------
    0000021D                        455 _CollideBricksAgainstBall::
    0000021D E8 F5            [16]  456 	add	sp, #-11
                                    457 ;source/default/collisions.c:52: int16_t verticalSide=SIGN(ballVelocityY);
    0000021F FAr00r00         [16]  458 	ld	a, (_ballVelocityY)
    00000222 21r01r00         [12]  459 	ld	hl, #_ballVelocityY + 1
    00000225 CB 7E            [12]  460 	bit	7, (hl)
    00000227 3E FF            [ 8]  461 	ld	a, #0xff
    00000229 20 02            [12]  462 	jr	NZ, 00114$
    0000022B 3E 01            [ 8]  463 	ld	a, #0x01
    0000022D                        464 00114$:
    0000022D F8 09            [12]  465 	ldhl	sp,	#9
    0000022F 22               [ 8]  466 	ld	(hl+), a
    00000230 07               [ 4]  467 	rlca
    00000231 9F               [ 4]  468 	sbc	a, a
    00000232 77               [ 8]  469 	ld	(hl), a
                                    470 ;source/default/collisions.c:53: int16_t horizontalSide=SIGN(ballVelocityX);
    00000233 FAr00r00         [16]  471 	ld	a, (_ballVelocityX)
    00000236 21r01r00         [12]  472 	ld	hl, #_ballVelocityX + 1
    00000239 CB 7E            [12]  473 	bit	7, (hl)
    0000023B 3E FF            [ 8]  474 	ld	a, #0xff
    0000023D 20 02            [12]  475 	jr	NZ, 00116$
    0000023F 3E 01            [ 8]  476 	ld	a, #0x01
    00000241                        477 00116$:
    00000241 F8 00            [12]  478 	ldhl	sp,	#0
    00000243 22               [ 8]  479 	ld	(hl+), a
    00000244 07               [ 4]  480 	rlca
    00000245 9F               [ 4]  481 	sbc	a, a
    00000246 77               [ 8]  482 	ld	(hl), a
                                    483 ;source/default/collisions.c:55: int16_t checkHorizontal = (ballX>>4)+horizontalSide*BALL_RADIUS;
    00000247 FAr00r00         [16]  484 	ld	a, (#_ballX)
    0000024A F8 07            [12]  485 	ldhl	sp,	#7
    0000024C 77               [ 8]  486 	ld	(hl), a
    0000024D FAr01r00         [16]  487 	ld	a, (#_ballX + 1)
    00000250 F8 08            [12]  488 	ldhl	sp,	#8
    00000252 77               [ 8]  489 	ld	(hl), a
    00000253 CB 3E            [16]  490 	srl	(hl)
    00000255 2B               [ 8]  491 	dec	hl
    00000256 CB 1E            [16]  492 	rr	(hl)
    00000258 23               [ 8]  493 	inc	hl
    00000259 CB 3E            [16]  494 	srl	(hl)
    0000025B 2B               [ 8]  495 	dec	hl
    0000025C CB 1E            [16]  496 	rr	(hl)
    0000025E 23               [ 8]  497 	inc	hl
    0000025F CB 3E            [16]  498 	srl	(hl)
    00000261 2B               [ 8]  499 	dec	hl
    00000262 CB 1E            [16]  500 	rr	(hl)
    00000264 23               [ 8]  501 	inc	hl
    00000265 CB 3E            [16]  502 	srl	(hl)
    00000267 2B               [ 8]  503 	dec	hl
    00000268 CB 1E            [16]  504 	rr	(hl)
    0000026A C1               [12]  505 	pop	bc
    0000026B C5               [16]  506 	push	bc
    0000026C 69               [ 4]  507 	ld	l, c
    0000026D 60               [ 4]  508 	ld	h, b
    0000026E 29               [ 8]  509 	add	hl, hl
    0000026F 09               [ 8]  510 	add	hl, bc
    00000270 4D               [ 4]  511 	ld	c, l
    00000271 44               [ 4]  512 	ld	b, h
    00000272 F8 07            [12]  513 	ldhl	sp,	#7
    00000274 2A               [ 8]  514 	ld	a, (hl+)
    00000275 5E               [ 8]  515 	ld	e, (hl)
    00000276 81               [ 4]  516 	add	a, c
    00000277 4F               [ 4]  517 	ld	c, a
    00000278 7B               [ 4]  518 	ld	a, e
    00000279 88               [ 4]  519 	adc	a, b
    0000027A F8 02            [12]  520 	ldhl	sp,	#2
    0000027C 71               [ 8]  521 	ld	(hl), c
    0000027D 23               [ 8]  522 	inc	hl
    0000027E 77               [ 8]  523 	ld	(hl), a
                                    524 ;source/default/collisions.c:56: int16_t checkVertical = (ballY>>4)+verticalSide*BALL_RADIUS;
    0000027F 21r00r00         [12]  525 	ld	hl, #_ballY
    00000282 2A               [ 8]  526 	ld	a, (hl+)
    00000283 4F               [ 4]  527 	ld	c, a
    00000284 46               [ 8]  528 	ld	b, (hl)
    00000285 CB 38            [ 8]  529 	srl	b
    00000287 CB 19            [ 8]  530 	rr	c
    00000289 CB 38            [ 8]  531 	srl	b
    0000028B CB 19            [ 8]  532 	rr	c
    0000028D CB 38            [ 8]  533 	srl	b
    0000028F CB 19            [ 8]  534 	rr	c
    00000291 CB 38            [ 8]  535 	srl	b
    00000293 CB 19            [ 8]  536 	rr	c
    00000295 F8 09            [12]  537 	ldhl	sp,	#9
    00000297 7E               [ 8]  538 	ld	a, (hl)
    00000298 F8 05            [12]  539 	ldhl	sp,	#5
    0000029A 77               [ 8]  540 	ld	(hl), a
    0000029B F8 0A            [12]  541 	ldhl	sp,	#10
    0000029D 7E               [ 8]  542 	ld	a, (hl)
    0000029E F8 06            [12]  543 	ldhl	sp,	#6
    000002A0 32               [ 8]  544 	ld	(hl-), a
    000002A1 2A               [ 8]  545 	ld	a, (hl+)
    000002A2 5F               [ 4]  546 	ld	e, a
    000002A3 56               [ 8]  547 	ld	d, (hl)
    000002A4 6B               [ 4]  548 	ld	l, e
    000002A5 62               [ 4]  549 	ld	h, d
    000002A6 29               [ 8]  550 	add	hl, hl
    000002A7 19               [ 8]  551 	add	hl, de
    000002A8 09               [ 8]  552 	add	hl, bc
    000002A9 4D               [ 4]  553 	ld	c, l
    000002AA 7C               [ 4]  554 	ld	a, h
    000002AB F8 04            [12]  555 	ldhl	sp,	#4
    000002AD 71               [ 8]  556 	ld	(hl), c
    000002AE 23               [ 8]  557 	inc	hl
                                    558 ;source/default/collisions.c:58: uint8_t topBottomOrWall = CheckTopOrBottomBrick(ballX>>4,checkVertical);
    000002AF 32               [ 8]  559 	ld	(hl-), a
    000002B0 2A               [ 8]  560 	ld	a, (hl+)
    000002B1 4F               [ 4]  561 	ld	c, a
    000002B2 2A               [ 8]  562 	ld	a, (hl+)
    000002B3 23               [ 8]  563 	inc	hl
    000002B4 47               [ 4]  564 	ld	b, a
    000002B5 2A               [ 8]  565 	ld	a, (hl+)
    000002B6 5F               [ 4]  566 	ld	e, a
    000002B7 56               [ 8]  567 	ld	d, (hl)
    000002B8 CDr00r00         [24]  568 	call	_CheckTopOrBottomBrick
                                    569 ;source/default/collisions.c:61: if(topBottomOrWall!=0){
    000002BB F8 06            [12]  570 	ldhl	sp,#6
    000002BD 77               [ 8]  571 	ld	(hl), a
    000002BE 7E               [ 8]  572 	ld	a, (hl)
    000002BF B7               [ 4]  573 	or	a, a
    000002C0 CAr8Fr03         [16]  574 	jp	Z, 00105$
                                    575 ;source/default/collisions.c:63: ballVelocityY=-verticalSide*ABS(ballVelocityY);
    000002C3 11 00 00         [12]  576 	ld	de, #0x0000
    000002C6 F8 09            [12]  577 	ldhl	sp,	#9
    000002C8 2A               [ 8]  578 	ld	a,	(hl+)
    000002C9 66               [ 8]  579 	ld	h, (hl)
    000002CA 6F               [ 4]  580 	ld	l, a
    000002CB 7B               [ 4]  581 	ld	a, e
    000002CC 95               [ 4]  582 	sub	a, l
    000002CD 5F               [ 4]  583 	ld	e, a
    000002CE 7A               [ 4]  584 	ld	a, d
    000002CF 9C               [ 4]  585 	sbc	a, h
    000002D0 F8 08            [12]  586 	ldhl	sp,	#8
    000002D2 32               [ 8]  587 	ld	(hl-), a
    000002D3 73               [ 8]  588 	ld	(hl), e
    000002D4 FAr00r00         [16]  589 	ld	a, (_ballVelocityY)
    000002D7 21r01r00         [12]  590 	ld	hl, #_ballVelocityY + 1
    000002DA CB 7E            [12]  591 	bit	7, (hl)
    000002DC 28 11            [12]  592 	jr	Z, 00117$
    000002DE 11 00 00         [12]  593 	ld	de, #0x0000
    000002E1 3A               [ 8]  594 	ld	a, (hl-)
    000002E2 6E               [ 8]  595 	ld	l, (hl)
    000002E3 67               [ 4]  596 	ld	h, a
    000002E4 7B               [ 4]  597 	ld	a, e
    000002E5 95               [ 4]  598 	sub	a, l
    000002E6 5F               [ 4]  599 	ld	e, a
    000002E7 7A               [ 4]  600 	ld	a, d
    000002E8 9C               [ 4]  601 	sbc	a, h
    000002E9 F8 0A            [12]  602 	ldhl	sp,	#10
    000002EB 32               [ 8]  603 	ld	(hl-), a
    000002EC 73               [ 8]  604 	ld	(hl), e
    000002ED 18 0C            [12]  605 	jr	00118$
    000002EF                        606 00117$:
    000002EF FAr00r00         [16]  607 	ld	a, (#_ballVelocityY)
    000002F2 F8 09            [12]  608 	ldhl	sp,	#9
    000002F4 77               [ 8]  609 	ld	(hl), a
    000002F5 FAr01r00         [16]  610 	ld	a, (#_ballVelocityY + 1)
    000002F8 F8 0A            [12]  611 	ldhl	sp,	#10
    000002FA 77               [ 8]  612 	ld	(hl), a
    000002FB                        613 00118$:
    000002FB F8 09            [12]  614 	ldhl	sp,	#9
    000002FD 2A               [ 8]  615 	ld	a, (hl+)
    000002FE 4F               [ 4]  616 	ld	c, a
    000002FF 46               [ 8]  617 	ld	b, (hl)
    00000300 F8 07            [12]  618 	ldhl	sp,	#7
    00000302 2A               [ 8]  619 	ld	a, (hl+)
    00000303 5F               [ 4]  620 	ld	e, a
    00000304 56               [ 8]  621 	ld	d, (hl)
    00000305 CDr00r00         [24]  622 	call	__mulint
    00000308 21r00r00         [12]  623 	ld	hl, #_ballVelocityY
    0000030B 79               [ 4]  624 	ld	a, c
    0000030C 22               [ 8]  625 	ld	(hl+), a
                                    626 ;source/default/collisions.c:66: ballVelocityY+=SIGN(ballVelocityY)*BALL_SPEEDUP;
    0000030D 78               [ 4]  627 	ld	a, b
    0000030E 32               [ 8]  628 	ld	(hl-), a
    0000030F 2A               [ 8]  629 	ld	a, (hl+)
    00000310 4F               [ 4]  630 	ld	c, a
    00000311 46               [ 8]  631 	ld	b, (hl)
    00000312 CB 78            [ 8]  632 	bit	7, b
    00000314 28 05            [12]  633 	jr	Z, 00119$
    00000316 21 FF FF         [12]  634 	ld	hl, #0xffff
    00000319 18 03            [12]  635 	jr	00120$
    0000031B                        636 00119$:
    0000031B 21 01 00         [12]  637 	ld	hl, #0x0001
    0000031E                        638 00120$:
    0000031E 5D               [ 4]  639 	ld	e, l
    0000031F 54               [ 4]  640 	ld	d, h
    00000320 29               [ 8]  641 	add	hl, hl
    00000321 19               [ 8]  642 	add	hl, de
    00000322 09               [ 8]  643 	add	hl, bc
    00000323 4D               [ 4]  644 	ld	c, l
    00000324 44               [ 4]  645 	ld	b, h
    00000325 21r00r00         [12]  646 	ld	hl, #_ballVelocityY
    00000328 79               [ 4]  647 	ld	a, c
    00000329 22               [ 8]  648 	ld	(hl+), a
    0000032A 70               [ 8]  649 	ld	(hl), b
                                    650 ;source/default/collisions.c:69: if(topBottomOrWall!=WALL){
    0000032B F8 06            [12]  651 	ldhl	sp,	#6
    0000032D 7E               [ 8]  652 	ld	a, (hl)
    0000032E D6 03            [ 8]  653 	sub	a, #0x03
    00000330 28 49            [12]  654 	jr	Z, 00102$
                                    655 ;source/default/collisions.c:71: blocksLeft--;
    00000332 21r00r00         [12]  656 	ld	hl, #_blocksLeft
    00000335 2A               [ 8]  657 	ld	a, (hl+)
    00000336 5F               [ 4]  658 	ld	e, a
    00000337 3A               [ 8]  659 	ld	a, (hl-)
    00000338 57               [ 4]  660 	ld	d, a
    00000339 1B               [ 8]  661 	dec	de
    0000033A 7B               [ 4]  662 	ld	a, e
    0000033B 22               [ 8]  663 	ld	(hl+), a
    0000033C 72               [ 8]  664 	ld	(hl), d
                                    665 ;source/default/collisions.c:74: NR10_REG=0X00;
    0000033D AF               [ 4]  666 	xor	a, a
    0000033E E0r00            [12]  667 	ldh	(_NR10_REG + 0), a
                                    668 ;source/default/collisions.c:75: NR11_REG=0X81;
    00000340 3E 81            [ 8]  669 	ld	a, #0x81
    00000342 E0r00            [12]  670 	ldh	(_NR11_REG + 0), a
                                    671 ;source/default/collisions.c:76: NR12_REG=0X43;
    00000344 3E 43            [ 8]  672 	ld	a, #0x43
    00000346 E0r00            [12]  673 	ldh	(_NR12_REG + 0), a
                                    674 ;source/default/collisions.c:77: NR13_REG=0X73;
    00000348 3E 73            [ 8]  675 	ld	a, #0x73
    0000034A E0r00            [12]  676 	ldh	(_NR13_REG + 0), a
                                    677 ;source/default/collisions.c:78: NR14_REG=0X86;
    0000034C 3E 86            [ 8]  678 	ld	a, #0x86
    0000034E E0r00            [12]  679 	ldh	(_NR14_REG + 0), a
                                    680 ;source/default/collisions.c:80: IncreaseScore(5);
    00000350 11 05 00         [12]  681 	ld	de, #0x0005
    00000353 CDr00r00         [24]  682 	call	_IncreaseScore
                                    683 ;source/default/collisions.c:82: UpdateBrick(topBottomOrWall,ballX>>4,checkVertical);
    00000356 F8 04            [12]  684 	ldhl	sp,	#4
    00000358 46               [ 8]  685 	ld	b, (hl)
    00000359 FAr00r00         [16]  686 	ld	a, (_ballX)
    0000035C 5F               [ 4]  687 	ld	e, a
    0000035D 21r01r00         [12]  688 	ld	hl, #_ballX + 1
    00000360 4E               [ 8]  689 	ld	c, (hl)
    00000361 CB 39            [ 8]  690 	srl	c
    00000363 CB 1B            [ 8]  691 	rr	e
    00000365 CB 39            [ 8]  692 	srl	c
    00000367 CB 1B            [ 8]  693 	rr	e
    00000369 CB 39            [ 8]  694 	srl	c
    0000036B CB 1B            [ 8]  695 	rr	e
    0000036D CB 39            [ 8]  696 	srl	c
    0000036F CB 1B            [ 8]  697 	rr	e
    00000371 C5               [16]  698 	push	bc
    00000372 33               [ 8]  699 	inc	sp
    00000373 F8 07            [12]  700 	ldhl	sp,	#7
    00000375 7E               [ 8]  701 	ld	a, (hl)
    00000376 CDr00r00         [24]  702 	call	_UpdateBrick
    00000379 18 14            [12]  703 	jr	00105$
    0000037B                        704 00102$:
                                    705 ;source/default/collisions.c:86: NR10_REG=0X4A;
    0000037B 3E 4A            [ 8]  706 	ld	a, #0x4a
    0000037D E0r00            [12]  707 	ldh	(_NR10_REG + 0), a
                                    708 ;source/default/collisions.c:87: NR11_REG=0X81;
    0000037F 3E 81            [ 8]  709 	ld	a, #0x81
    00000381 E0r00            [12]  710 	ldh	(_NR11_REG + 0), a
                                    711 ;source/default/collisions.c:88: NR12_REG=0X43;
    00000383 3E 43            [ 8]  712 	ld	a, #0x43
    00000385 E0r00            [12]  713 	ldh	(_NR12_REG + 0), a
                                    714 ;source/default/collisions.c:89: NR13_REG=0X56;
    00000387 3E 56            [ 8]  715 	ld	a, #0x56
    00000389 E0r00            [12]  716 	ldh	(_NR13_REG + 0), a
                                    717 ;source/default/collisions.c:90: NR14_REG=0X86;
    0000038B 3E 86            [ 8]  718 	ld	a, #0x86
    0000038D E0r00            [12]  719 	ldh	(_NR14_REG + 0), a
    0000038F                        720 00105$:
                                    721 ;source/default/collisions.c:95: topBottomOrWall = CheckTopOrBottomBrick(checkHorizontal,ballY>>4);
    0000038F 21r00r00         [12]  722 	ld	hl, #_ballY
    00000392 2A               [ 8]  723 	ld	a, (hl+)
    00000393 4F               [ 4]  724 	ld	c, a
    00000394 46               [ 8]  725 	ld	b, (hl)
    00000395 CB 38            [ 8]  726 	srl	b
    00000397 CB 19            [ 8]  727 	rr	c
    00000399 CB 38            [ 8]  728 	srl	b
    0000039B CB 19            [ 8]  729 	rr	c
    0000039D CB 38            [ 8]  730 	srl	b
    0000039F CB 19            [ 8]  731 	rr	c
    000003A1 CB 38            [ 8]  732 	srl	b
    000003A3 CB 19            [ 8]  733 	rr	c
    000003A5 F8 02            [12]  734 	ldhl	sp,	#2
    000003A7 2A               [ 8]  735 	ld	a, (hl+)
    000003A8 5F               [ 4]  736 	ld	e, a
    000003A9 56               [ 8]  737 	ld	d, (hl)
    000003AA CDr00r00         [24]  738 	call	_CheckTopOrBottomBrick
                                    739 ;source/default/collisions.c:99: if(topBottomOrWall!=0){
    000003AD F8 0A            [12]  740 	ldhl	sp,#10
    000003AF 77               [ 8]  741 	ld	(hl), a
    000003B0 7E               [ 8]  742 	ld	a, (hl)
    000003B1 B7               [ 4]  743 	or	a, a
    000003B2 CArB3r04         [16]  744 	jp	Z, 00111$
                                    745 ;source/default/collisions.c:102: ballVelocityX=-horizontalSide*ABS(ballVelocityX);
    000003B5 11 00 00         [12]  746 	ld	de, #0x0000
    000003B8 E1               [12]  747 	pop	hl
    000003B9 E5               [16]  748 	push	hl
    000003BA 7B               [ 4]  749 	ld	a, e
    000003BB 95               [ 4]  750 	sub	a, l
    000003BC 5F               [ 4]  751 	ld	e, a
    000003BD 7A               [ 4]  752 	ld	a, d
    000003BE 9C               [ 4]  753 	sbc	a, h
    000003BF F8 09            [12]  754 	ldhl	sp,	#9
    000003C1 32               [ 8]  755 	ld	(hl-), a
    000003C2 73               [ 8]  756 	ld	(hl), e
    000003C3 FAr00r00         [16]  757 	ld	a, (_ballVelocityX)
    000003C6 21r01r00         [12]  758 	ld	hl, #_ballVelocityX + 1
    000003C9 CB 7E            [12]  759 	bit	7, (hl)
    000003CB 28 0A            [12]  760 	jr	Z, 00121$
    000003CD 2B               [ 8]  761 	dec	hl
    000003CE AF               [ 4]  762 	xor	a, a
    000003CF 96               [ 8]  763 	sub	a, (hl)
    000003D0 23               [ 8]  764 	inc	hl
    000003D1 4F               [ 4]  765 	ld	c, a
    000003D2 9F               [ 4]  766 	sbc	a, a
    000003D3 96               [ 8]  767 	sub	a, (hl)
    000003D4 47               [ 4]  768 	ld	b, a
    000003D5 18 08            [12]  769 	jr	00122$
    000003D7                        770 00121$:
    000003D7 FAr00r00         [16]  771 	ld	a, (_ballVelocityX)
    000003DA 4F               [ 4]  772 	ld	c, a
    000003DB 21r01r00         [12]  773 	ld	hl, #_ballVelocityX + 1
    000003DE 46               [ 8]  774 	ld	b, (hl)
    000003DF                        775 00122$:
    000003DF F8 08            [12]  776 	ldhl	sp,	#8
    000003E1 2A               [ 8]  777 	ld	a, (hl+)
    000003E2 5F               [ 4]  778 	ld	e, a
    000003E3 56               [ 8]  779 	ld	d, (hl)
    000003E4 CDr00r00         [24]  780 	call	__mulint
    000003E7 21r00r00         [12]  781 	ld	hl, #_ballVelocityX
    000003EA 79               [ 4]  782 	ld	a, c
    000003EB 22               [ 8]  783 	ld	(hl+), a
                                    784 ;source/default/collisions.c:105: ballVelocityX+=SIGN(ballVelocityX)*BALL_SPEEDUP;
    000003EC 78               [ 4]  785 	ld	a, b
    000003ED 32               [ 8]  786 	ld	(hl-), a
    000003EE 7E               [ 8]  787 	ld	a, (hl)
    000003EF F8 04            [12]  788 	ldhl	sp,	#4
    000003F1 77               [ 8]  789 	ld	(hl), a
    000003F2 FAr01r00         [16]  790 	ld	a, (#_ballVelocityX + 1)
    000003F5 F8 05            [12]  791 	ldhl	sp,	#5
    000003F7 77               [ 8]  792 	ld	(hl), a
    000003F8 CB 7E            [12]  793 	bit	7, (hl)
    000003FA 28 09            [12]  794 	jr	Z, 00123$
    000003FC F8 08            [12]  795 	ldhl	sp,	#8
    000003FE 3E FF            [ 8]  796 	ld	a, #0xff
    00000400 22               [ 8]  797 	ld	(hl+), a
    00000401 36 FF            [12]  798 	ld	(hl), #0xff
    00000403 18 07            [12]  799 	jr	00124$
    00000405                        800 00123$:
    00000405 F8 08            [12]  801 	ldhl	sp,	#8
    00000407 3E 01            [ 8]  802 	ld	a, #0x01
    00000409 22               [ 8]  803 	ld	(hl+), a
    0000040A AF               [ 4]  804 	xor	a, a
    0000040B 77               [ 8]  805 	ld	(hl), a
    0000040C                        806 00124$:
    0000040C F8 08            [12]  807 	ldhl	sp,#8
    0000040E 2A               [ 8]  808 	ld	a, (hl+)
    0000040F 4F               [ 4]  809 	ld	c, a
    00000410 46               [ 8]  810 	ld	b, (hl)
    00000411 69               [ 4]  811 	ld	l, c
    00000412 60               [ 4]  812 	ld	h, b
    00000413 29               [ 8]  813 	add	hl, hl
    00000414 09               [ 8]  814 	add	hl, bc
    00000415 E5               [16]  815 	push	hl
    00000416 7D               [ 4]  816 	ld	a, l
    00000417 F8 08            [12]  817 	ldhl	sp,	#8
    00000419 77               [ 8]  818 	ld	(hl), a
    0000041A E1               [12]  819 	pop	hl
    0000041B 7C               [ 4]  820 	ld	a, h
    0000041C F8 07            [12]  821 	ldhl	sp,	#7
    0000041E 32               [ 8]  822 	ld	(hl-), a
    0000041F 2A               [ 8]  823 	ld	a, (hl+)
    00000420 5F               [ 4]  824 	ld	e, a
    00000421 56               [ 8]  825 	ld	d, (hl)
    00000422 F8 04            [12]  826 	ldhl	sp,	#4
    00000424 2A               [ 8]  827 	ld	a,	(hl+)
    00000425 66               [ 8]  828 	ld	h, (hl)
    00000426 6F               [ 4]  829 	ld	l, a
    00000427 19               [ 8]  830 	add	hl, de
    00000428 E5               [16]  831 	push	hl
    00000429 7D               [ 4]  832 	ld	a, l
    0000042A F8 0A            [12]  833 	ldhl	sp,	#10
    0000042C 77               [ 8]  834 	ld	(hl), a
    0000042D E1               [12]  835 	pop	hl
    0000042E 7C               [ 4]  836 	ld	a, h
    0000042F F8 09            [12]  837 	ldhl	sp,	#9
    00000431 32               [ 8]  838 	ld	(hl-), a
    00000432 7E               [ 8]  839 	ld	a, (hl)
    00000433 EAr00r00         [16]  840 	ld	(#_ballVelocityX),a
    00000436 F8 09            [12]  841 	ldhl	sp,	#9
    00000438 7E               [ 8]  842 	ld	a, (hl)
    00000439 EAr01r00         [16]  843 	ld	(#_ballVelocityX + 1),a
                                    844 ;source/default/collisions.c:108: if(topBottomOrWall!=WALL){
    0000043C F8 0A            [12]  845 	ldhl	sp,	#10
    0000043E 7E               [ 8]  846 	ld	a, (hl)
    0000043F D6 03            [ 8]  847 	sub	a, #0x03
    00000441 28 5C            [12]  848 	jr	Z, 00107$
                                    849 ;source/default/collisions.c:111: blocksLeft--;
    00000443 21r00r00         [12]  850 	ld	hl, #_blocksLeft
    00000446 2A               [ 8]  851 	ld	a, (hl+)
    00000447 5F               [ 4]  852 	ld	e, a
    00000448 3A               [ 8]  853 	ld	a, (hl-)
    00000449 57               [ 4]  854 	ld	d, a
    0000044A 1B               [ 8]  855 	dec	de
    0000044B 7B               [ 4]  856 	ld	a, e
    0000044C 22               [ 8]  857 	ld	(hl+), a
    0000044D 72               [ 8]  858 	ld	(hl), d
                                    859 ;source/default/collisions.c:115: NR10_REG=0X00;
    0000044E AF               [ 4]  860 	xor	a, a
    0000044F E0r00            [12]  861 	ldh	(_NR10_REG + 0), a
                                    862 ;source/default/collisions.c:116: NR11_REG=0X81;
    00000451 3E 81            [ 8]  863 	ld	a, #0x81
    00000453 E0r00            [12]  864 	ldh	(_NR11_REG + 0), a
                                    865 ;source/default/collisions.c:117: NR12_REG=0X43;
    00000455 3E 43            [ 8]  866 	ld	a, #0x43
    00000457 E0r00            [12]  867 	ldh	(_NR12_REG + 0), a
                                    868 ;source/default/collisions.c:118: NR13_REG=0X73;
    00000459 3E 73            [ 8]  869 	ld	a, #0x73
    0000045B E0r00            [12]  870 	ldh	(_NR13_REG + 0), a
                                    871 ;source/default/collisions.c:119: NR14_REG=0X86;
    0000045D 3E 86            [ 8]  872 	ld	a, #0x86
    0000045F E0r00            [12]  873 	ldh	(_NR14_REG + 0), a
                                    874 ;source/default/collisions.c:122: IncreaseScore(5);
    00000461 11 05 00         [12]  875 	ld	de, #0x0005
    00000464 CDr00r00         [24]  876 	call	_IncreaseScore
                                    877 ;source/default/collisions.c:125: UpdateBrick(topBottomOrWall,checkHorizontal,ballY>>4);
    00000467 FAr00r00         [16]  878 	ld	a, (#_ballY)
    0000046A F8 05            [12]  879 	ldhl	sp,	#5
    0000046C 77               [ 8]  880 	ld	(hl), a
    0000046D FAr01r00         [16]  881 	ld	a, (#_ballY + 1)
    00000470 F8 06            [12]  882 	ldhl	sp,	#6
    00000472 77               [ 8]  883 	ld	(hl), a
    00000473 CB 3E            [16]  884 	srl	(hl)
    00000475 2B               [ 8]  885 	dec	hl
    00000476 CB 1E            [16]  886 	rr	(hl)
    00000478 23               [ 8]  887 	inc	hl
    00000479 CB 3E            [16]  888 	srl	(hl)
    0000047B 2B               [ 8]  889 	dec	hl
    0000047C CB 1E            [16]  890 	rr	(hl)
    0000047E 23               [ 8]  891 	inc	hl
    0000047F CB 3E            [16]  892 	srl	(hl)
    00000481 2B               [ 8]  893 	dec	hl
    00000482 CB 1E            [16]  894 	rr	(hl)
    00000484 23               [ 8]  895 	inc	hl
    00000485 CB 3E            [16]  896 	srl	(hl)
    00000487 2B               [ 8]  897 	dec	hl
    00000488 CB 1E            [16]  898 	rr	(hl)
    0000048A 7E               [ 8]  899 	ld	a, (hl)
    0000048B F8 08            [12]  900 	ldhl	sp,	#8
    0000048D 77               [ 8]  901 	ld	(hl), a
    0000048E F8 02            [12]  902 	ldhl	sp,	#2
    00000490 7E               [ 8]  903 	ld	a, (hl)
    00000491 F8 09            [12]  904 	ldhl	sp,	#9
    00000493 32               [ 8]  905 	ld	(hl-), a
    00000494 2A               [ 8]  906 	ld	a, (hl+)
    00000495 F5               [16]  907 	push	af
    00000496 33               [ 8]  908 	inc	sp
    00000497 2A               [ 8]  909 	ld	a, (hl+)
    00000498 5F               [ 4]  910 	ld	e, a
    00000499 7E               [ 8]  911 	ld	a, (hl)
    0000049A CDr00r00         [24]  912 	call	_UpdateBrick
    0000049D 18 14            [12]  913 	jr	00111$
    0000049F                        914 00107$:
                                    915 ;source/default/collisions.c:130: NR10_REG=0X4A;
    0000049F 3E 4A            [ 8]  916 	ld	a, #0x4a
    000004A1 E0r00            [12]  917 	ldh	(_NR10_REG + 0), a
                                    918 ;source/default/collisions.c:131: NR11_REG=0X81;
    000004A3 3E 81            [ 8]  919 	ld	a, #0x81
    000004A5 E0r00            [12]  920 	ldh	(_NR11_REG + 0), a
                                    921 ;source/default/collisions.c:132: NR12_REG=0X43;
    000004A7 3E 43            [ 8]  922 	ld	a, #0x43
    000004A9 E0r00            [12]  923 	ldh	(_NR12_REG + 0), a
                                    924 ;source/default/collisions.c:133: NR13_REG=0X56;
    000004AB 3E 56            [ 8]  925 	ld	a, #0x56
    000004AD E0r00            [12]  926 	ldh	(_NR13_REG + 0), a
                                    927 ;source/default/collisions.c:134: NR14_REG=0X86;
    000004AF 3E 86            [ 8]  928 	ld	a, #0x86
    000004B1 E0r00            [12]  929 	ldh	(_NR14_REG + 0), a
    000004B3                        930 00111$:
                                    931 ;source/default/collisions.c:137: }
    000004B3 E8 0B            [16]  932 	add	sp, #11
    000004B5 C9               [16]  933 	ret
                                    934 	.area _CODE
                                    935 	.area _INITIALIZER
                                    936 	.area _CABS (ABS)
