                                      1 ;--------------------------------------------------------
                                      2 ; File Created by SDCC : free open source ISO C Compiler
                                      3 ; Version 4.5.1 #15267 (Linux)
                                      4 ;--------------------------------------------------------
                                      5 	.module common
                                      6 	
                                      7 ;--------------------------------------------------------
                                      8 ; Public variables in this module
                                      9 ;--------------------------------------------------------
                                     10 	.globl _joypadCurrent
                                     11 	.globl _joypadPrevious
                                     12 	.globl _ballState
                                     13 	.globl _topScore
                                     14 	.globl _score
                                     15 	.globl _stage
                                     16 	.globl _ballVelocityY
                                     17 	.globl _ballVelocityX
                                     18 	.globl _ballAngle
                                     19 	.globl _ballY
                                     20 	.globl _ballX
                                     21 	.globl _blocksLeft
                                     22 	.globl _paddleXSpeed
                                     23 	.globl _paddleY
                                     24 	.globl _paddleX
                                     25 	.globl _BlackAndWhitePalette
                                     26 	.globl _RandomNumber
                                     27 ;--------------------------------------------------------
                                     28 ; special function registers
                                     29 ;--------------------------------------------------------
                                     30 	.area _HRAM
                                     31 ;--------------------------------------------------------
                                     32 ; ram data
                                     33 ;--------------------------------------------------------
                                     34 	.area _DATA
                                     35 ;--------------------------------------------------------
                                     36 ; ram data
                                     37 ;--------------------------------------------------------
                                     38 	.area _INITIALIZED
    00000000                         39 _paddleX::
    00000000                         40 	.ds 2
    00000002                         41 _paddleY::
    00000002                         42 	.ds 2
    00000004                         43 _paddleXSpeed::
    00000004                         44 	.ds 2
    00000006                         45 _blocksLeft::
    00000006                         46 	.ds 2
    00000008                         47 _ballX::
    00000008                         48 	.ds 2
    0000000A                         49 _ballY::
    0000000A                         50 	.ds 2
    0000000C                         51 _ballAngle::
    0000000C                         52 	.ds 2
    0000000E                         53 _ballVelocityX::
    0000000E                         54 	.ds 2
    00000010                         55 _ballVelocityY::
    00000010                         56 	.ds 2
    00000012                         57 _stage::
    00000012                         58 	.ds 1
    00000013                         59 _score::
    00000013                         60 	.ds 2
    00000015                         61 _topScore::
    00000015                         62 	.ds 2
    00000017                         63 _ballState::
    00000017                         64 	.ds 1
    00000018                         65 _joypadPrevious::
    00000018                         66 	.ds 1
    00000019                         67 _joypadCurrent::
    00000019                         68 	.ds 1
                                     69 ;--------------------------------------------------------
                                     70 ; absolute external ram data
                                     71 ;--------------------------------------------------------
                                     72 	.area _DABS (ABS)
                                     73 ;--------------------------------------------------------
                                     74 ; global & static initialisations
                                     75 ;--------------------------------------------------------
                                     76 	.area _HOME
                                     77 	.area _GSINIT
                                     78 	.area _GSFINAL
                                     79 	.area _GSINIT
                                     80 ;--------------------------------------------------------
                                     81 ; Home
                                     82 ;--------------------------------------------------------
                                     83 	.area _HOME
                                     84 	.area _HOME
                                     85 ;--------------------------------------------------------
                                     86 ; code
                                     87 ;--------------------------------------------------------
                                     88 	.area _CODE
                                     89 ;source/default/common.c:27: uint8_t RandomNumber(uint8_t min, uint8_t max)
                                     90 ;	---------------------------------
                                     91 ; Function RandomNumber
                                     92 ; ---------------------------------
    00000000                         93 _RandomNumber::
    00000000 6F               [ 4]   94 	ld	l, a
                                     95 ;source/default/common.c:31: return min + (DIV_REG % (max - min)); 
    00000001 4D               [ 4]   96 	ld	c, l
    00000002 06 00            [ 8]   97 	ld	b, #0x00
    00000004 7B               [ 4]   98 	ld	a, e
    00000005 91               [ 4]   99 	sub	a, c
    00000006 4F               [ 4]  100 	ld	c, a
    00000007 9F               [ 4]  101 	sbc	a, a
    00000008 90               [ 4]  102 	sub	a, b
    00000009 47               [ 4]  103 	ld	b, a
    0000000A F0r00            [12]  104 	ldh	a, (_DIV_REG + 0)
    0000000C 16 00            [ 8]  105 	ld	d, #0x00
    0000000E E5               [16]  106 	push	hl
    0000000F 5F               [ 4]  107 	ld	e, a
    00000010 CDr00r00         [24]  108 	call	__modsint
    00000013 E1               [12]  109 	pop	hl
    00000014 79               [ 4]  110 	ld	a, c
    00000015 85               [ 4]  111 	add	a, l
                                    112 ;source/default/common.c:32: }
    00000016 C9               [16]  113 	ret
    00000017                        114 _BlackAndWhitePalette:
    00000017 FF 7F                  115 	.dw #0x7fff
    00000019 B5 56                  116 	.dw #0x56b5
    0000001B A5 14                  117 	.dw #0x14a5
    0000001D 00 00                  118 	.dw #0x0000
                                    119 	.area _CODE
                                    120 	.area _INITIALIZER
    00000000                        121 __xinit__paddleX:
    00000000 00 00                  122 	.dw #0x0000
    00000002                        123 __xinit__paddleY:
    00000002 00 00                  124 	.dw #0x0000
    00000004                        125 __xinit__paddleXSpeed:
    00000004 00 00                  126 	.dw #0x0000
    00000006                        127 __xinit__blocksLeft:
    00000006 00 00                  128 	.dw #0x0000
    00000008                        129 __xinit__ballX:
    00000008 00 00                  130 	.dw #0x0000
    0000000A                        131 __xinit__ballY:
    0000000A 00 00                  132 	.dw #0x0000
    0000000C                        133 __xinit__ballAngle:
    0000000C 2D 00                  134 	.dw #0x002d
    0000000E                        135 __xinit__ballVelocityX:
    0000000E 00 00                  136 	.dw #0x0000
    00000010                        137 __xinit__ballVelocityY:
    00000010 00 00                  138 	.dw #0x0000
    00000012                        139 __xinit__stage:
    00000012 00                     140 	.db #0x00	; 0
    00000013                        141 __xinit__score:
    00000013 00 00                  142 	.dw #0x0000
    00000015                        143 __xinit__topScore:
    00000015 00 00                  144 	.dw #0x0000
    00000017                        145 __xinit__ballState:
    00000017 00                     146 	.db #0x00	; 0
    00000018                        147 __xinit__joypadPrevious:
    00000018 00                     148 	.db #0x00	; 0
    00000019                        149 __xinit__joypadCurrent:
    00000019 00                     150 	.db #0x00	; 0
                                    151 	.area _CABS (ABS)
