                                      1 ;--------------------------------------------------------
                                      2 ; File Created by SDCC : free open source ISO C Compiler
                                      3 ; Version 4.5.1 #15267 (Linux)
                                      4 ;--------------------------------------------------------
                                      5 	.module UserInterface
                                      6 	
                                      7 ;--------------------------------------------------------
                                      8 ; Public variables in this module
                                      9 ;--------------------------------------------------------
                                     10 	.globl _UserInterface_map_attributes
                                     11 	.globl _UserInterface_map
                                     12 	.globl _UserInterface_tiles
                                     13 	.globl _UserInterface_palettes
                                     14 	.globl b___func_UserInterface
                                     15 	.globl ___func_UserInterface
                                     16 ;--------------------------------------------------------
                                     17 ; special function registers
                                     18 ;--------------------------------------------------------
                                     19 	.area _HRAM
                                     20 ;--------------------------------------------------------
                                     21 ; ram data
                                     22 ;--------------------------------------------------------
                                     23 	.area _DATA
                                     24 ;--------------------------------------------------------
                                     25 ; ram data
                                     26 ;--------------------------------------------------------
                                     27 	.area _INITIALIZED
                                     28 ;--------------------------------------------------------
                                     29 ; absolute external ram data
                                     30 ;--------------------------------------------------------
                                     31 	.area _DABS (ABS)
                                     32 ;--------------------------------------------------------
                                     33 ; global & static initialisations
                                     34 ;--------------------------------------------------------
                                     35 	.area _HOME
                                     36 	.area _GSINIT
                                     37 	.area _GSFINAL
                                     38 	.area _GSINIT
                                     39 ;--------------------------------------------------------
                                     40 ; Home
                                     41 ;--------------------------------------------------------
                                     42 	.area _HOME
                                     43 	.area _HOME
                                     44 ;--------------------------------------------------------
                                     45 ; code
                                     46 ;--------------------------------------------------------
                                     47 	.area _CODE
                                     48 ;source/gen/graphics/UserInterface.c:8: BANKREF(UserInterface)
                                     49 ;	---------------------------------
                                     50 ; Function __func_UserInterface
                                     51 ; ---------------------------------
                         00000000    52 	b___func_UserInterface	= 0
    00000000                         53 ___func_UserInterface::
                                     54 	.local b___func_UserInterface 
                         00000000    55 	___bank_UserInterface = b___func_UserInterface 
                                     56 	.globl ___bank_UserInterface 
                                     57 	.area _CODE
    00000000                         58 _UserInterface_palettes:
    00000000 FF 7F                   59 	.dw #0x7fff
    00000002 B5 56                   60 	.dw #0x56b5
    00000004 8C 31                   61 	.dw #0x318c
    00000006 00 00                   62 	.dw #0x0000
    00000008                         63 _UserInterface_tiles:
    00000008 7F                      64 	.db #0x7f	; 127
    00000009 7F                      65 	.db #0x7f	; 127
    0000000A C0                      66 	.db #0xc0	; 192
    0000000B FF                      67 	.db #0xff	; 255
    0000000C A9                      68 	.db #0xa9	; 169
    0000000D E0                      69 	.db #0xe0	; 224
    0000000E AF                      70 	.db #0xaf	; 175
    0000000F D0                      71 	.db #0xd0	; 208
    00000010 B7                      72 	.db #0xb7	; 183
    00000011 C8                      73 	.db #0xc8	; 200
    00000012 BC                      74 	.db #0xbc	; 188
    00000013 C7                      75 	.db #0xc7	; 199
    00000014 BA                      76 	.db #0xba	; 186
    00000015 C7                      77 	.db #0xc7	; 199
    00000016 B9                      78 	.db #0xb9	; 185
    00000017 C7                      79 	.db #0xc7	; 199
    00000018 FF                      80 	.db #0xff	; 255
    00000019 FF                      81 	.db #0xff	; 255
    0000001A 00                      82 	.db #0x00	; 0
    0000001B FF                      83 	.db #0xff	; 255
    0000001C FF                      84 	.db #0xff	; 255
    0000001D 00                      85 	.db #0x00	; 0
    0000001E FF                      86 	.db #0xff	; 255
    0000001F 00                      87 	.db #0x00	; 0
    00000020 FF                      88 	.db #0xff	; 255
    00000021 00                      89 	.db #0x00	; 0
    00000022 00                      90 	.db #0x00	; 0
    00000023 FF                      91 	.db #0xff	; 255
    00000024 00                      92 	.db #0x00	; 0
    00000025 FF                      93 	.db #0xff	; 255
    00000026 FF                      94 	.db #0xff	; 255
    00000027 FF                      95 	.db #0xff	; 255
    00000028 FE                      96 	.db #0xfe	; 254
    00000029 FE                      97 	.db #0xfe	; 254
    0000002A 03                      98 	.db #0x03	; 3
    0000002B FF                      99 	.db #0xff	; 255
    0000002C 95                     100 	.db #0x95	; 149
    0000002D 07                     101 	.db #0x07	; 7
    0000002E F1                     102 	.db #0xf1	; 241
    0000002F 0F                     103 	.db #0x0f	; 15
    00000030 E9                     104 	.db #0xe9	; 233
    00000031 17                     105 	.db #0x17	; 23
    00000032 59                     106 	.db #0x59	; 89	'Y'
    00000033 A7                     107 	.db #0xa7	; 167
    00000034 79                     108 	.db #0x79	; 121	'y'
    00000035 C7                     109 	.db #0xc7	; 199
    00000036 B9                     110 	.db #0xb9	; 185
    00000037 C7                     111 	.db #0xc7	; 199
    00000038 00                     112 	.db #0x00	; 0
    00000039 00                     113 	.db #0x00	; 0
    0000003A 00                     114 	.db #0x00	; 0
    0000003B 00                     115 	.db #0x00	; 0
    0000003C 00                     116 	.db #0x00	; 0
    0000003D 00                     117 	.db #0x00	; 0
    0000003E 00                     118 	.db #0x00	; 0
    0000003F 00                     119 	.db #0x00	; 0
    00000040 00                     120 	.db #0x00	; 0
    00000041 00                     121 	.db #0x00	; 0
    00000042 00                     122 	.db #0x00	; 0
    00000043 00                     123 	.db #0x00	; 0
    00000044 00                     124 	.db #0x00	; 0
    00000045 00                     125 	.db #0x00	; 0
    00000046 00                     126 	.db #0x00	; 0
    00000047 00                     127 	.db #0x00	; 0
    00000048 B9                     128 	.db #0xb9	; 185
    00000049 C7                     129 	.db #0xc7	; 199
    0000004A B9                     130 	.db #0xb9	; 185
    0000004B C7                     131 	.db #0xc7	; 199
    0000004C B9                     132 	.db #0xb9	; 185
    0000004D C7                     133 	.db #0xc7	; 199
    0000004E B9                     134 	.db #0xb9	; 185
    0000004F C7                     135 	.db #0xc7	; 199
    00000050 B9                     136 	.db #0xb9	; 185
    00000051 C7                     137 	.db #0xc7	; 199
    00000052 B9                     138 	.db #0xb9	; 185
    00000053 C7                     139 	.db #0xc7	; 199
    00000054 B9                     140 	.db #0xb9	; 185
    00000055 C7                     141 	.db #0xc7	; 199
    00000056 B9                     142 	.db #0xb9	; 185
    00000057 C7                     143 	.db #0xc7	; 199
    00000058 00                     144 	.db #0x00	; 0
    00000059 00                     145 	.db #0x00	; 0
    0000005A 7E                     146 	.db #0x7e	; 126
    0000005B 7E                     147 	.db #0x7e	; 126
    0000005C 18                     148 	.db #0x18	; 24
    0000005D 18                     149 	.db #0x18	; 24
    0000005E 18                     150 	.db #0x18	; 24
    0000005F 18                     151 	.db #0x18	; 24
    00000060 18                     152 	.db #0x18	; 24
    00000061 18                     153 	.db #0x18	; 24
    00000062 18                     154 	.db #0x18	; 24
    00000063 18                     155 	.db #0x18	; 24
    00000064 18                     156 	.db #0x18	; 24
    00000065 18                     157 	.db #0x18	; 24
    00000066 00                     158 	.db #0x00	; 0
    00000067 00                     159 	.db #0x00	; 0
    00000068 00                     160 	.db #0x00	; 0
    00000069 00                     161 	.db #0x00	; 0
    0000006A 3C                     162 	.db #0x3c	; 60
    0000006B 3C                     163 	.db #0x3c	; 60
    0000006C 66                     164 	.db #0x66	; 102	'f'
    0000006D 66                     165 	.db #0x66	; 102	'f'
    0000006E 66                     166 	.db #0x66	; 102	'f'
    0000006F 66                     167 	.db #0x66	; 102	'f'
    00000070 66                     168 	.db #0x66	; 102	'f'
    00000071 66                     169 	.db #0x66	; 102	'f'
    00000072 66                     170 	.db #0x66	; 102	'f'
    00000073 66                     171 	.db #0x66	; 102	'f'
    00000074 3C                     172 	.db #0x3c	; 60
    00000075 3C                     173 	.db #0x3c	; 60
    00000076 00                     174 	.db #0x00	; 0
    00000077 00                     175 	.db #0x00	; 0
    00000078 00                     176 	.db #0x00	; 0
    00000079 00                     177 	.db #0x00	; 0
    0000007A 7C                     178 	.db #0x7c	; 124
    0000007B 7C                     179 	.db #0x7c	; 124
    0000007C 66                     180 	.db #0x66	; 102	'f'
    0000007D 66                     181 	.db #0x66	; 102	'f'
    0000007E 66                     182 	.db #0x66	; 102	'f'
    0000007F 66                     183 	.db #0x66	; 102	'f'
    00000080 7C                     184 	.db #0x7c	; 124
    00000081 7C                     185 	.db #0x7c	; 124
    00000082 60                     186 	.db #0x60	; 96
    00000083 60                     187 	.db #0x60	; 96
    00000084 60                     188 	.db #0x60	; 96
    00000085 60                     189 	.db #0x60	; 96
    00000086 00                     190 	.db #0x00	; 0
    00000087 00                     191 	.db #0x00	; 0
    00000088 00                     192 	.db #0x00	; 0
    00000089 00                     193 	.db #0x00	; 0
    0000008A 38                     194 	.db #0x38	; 56	'8'
    0000008B 38                     195 	.db #0x38	; 56	'8'
    0000008C 65                     196 	.db #0x65	; 101	'e'
    0000008D 65                     197 	.db #0x65	; 101	'e'
    0000008E 31                     198 	.db #0x31	; 49	'1'
    0000008F 31                     199 	.db #0x31	; 49	'1'
    00000090 19                     200 	.db #0x19	; 25
    00000091 19                     201 	.db #0x19	; 25
    00000092 4D                     202 	.db #0x4d	; 77	'M'
    00000093 4D                     203 	.db #0x4d	; 77	'M'
    00000094 38                     204 	.db #0x38	; 56	'8'
    00000095 38                     205 	.db #0x38	; 56	'8'
    00000096 00                     206 	.db #0x00	; 0
    00000097 00                     207 	.db #0x00	; 0
    00000098 00                     208 	.db #0x00	; 0
    00000099 00                     209 	.db #0x00	; 0
    0000009A E3                     210 	.db #0xe3	; 227
    0000009B E3                     211 	.db #0xe3	; 227
    0000009C 96                     212 	.db #0x96	; 150
    0000009D 96                     213 	.db #0x96	; 150
    0000009E 86                     214 	.db #0x86	; 134
    0000009F 86                     215 	.db #0x86	; 134
    000000A0 86                     216 	.db #0x86	; 134
    000000A1 86                     217 	.db #0x86	; 134
    000000A2 96                     218 	.db #0x96	; 150
    000000A3 96                     219 	.db #0x96	; 150
    000000A4 E3                     220 	.db #0xe3	; 227
    000000A5 E3                     221 	.db #0xe3	; 227
    000000A6 00                     222 	.db #0x00	; 0
    000000A7 00                     223 	.db #0x00	; 0
    000000A8 00                     224 	.db #0x00	; 0
    000000A9 00                     225 	.db #0x00	; 0
    000000AA 9E                     226 	.db #0x9e	; 158
    000000AB 9E                     227 	.db #0x9e	; 158
    000000AC 59                     228 	.db #0x59	; 89	'Y'
    000000AD 59                     229 	.db #0x59	; 89	'Y'
    000000AE 59                     230 	.db #0x59	; 89	'Y'
    000000AF 59                     231 	.db #0x59	; 89	'Y'
    000000B0 5E                     232 	.db #0x5e	; 94
    000000B1 5E                     233 	.db #0x5e	; 94
    000000B2 5B                     234 	.db #0x5b	; 91
    000000B3 5B                     235 	.db #0x5b	; 91
    000000B4 9B                     236 	.db #0x9b	; 155
    000000B5 9B                     237 	.db #0x9b	; 155
    000000B6 00                     238 	.db #0x00	; 0
    000000B7 00                     239 	.db #0x00	; 0
    000000B8 00                     240 	.db #0x00	; 0
    000000B9 00                     241 	.db #0x00	; 0
    000000BA 7C                     242 	.db #0x7c	; 124
    000000BB 7C                     243 	.db #0x7c	; 124
    000000BC 60                     244 	.db #0x60	; 96
    000000BD 60                     245 	.db #0x60	; 96
    000000BE 78                     246 	.db #0x78	; 120	'x'
    000000BF 78                     247 	.db #0x78	; 120	'x'
    000000C0 60                     248 	.db #0x60	; 96
    000000C1 60                     249 	.db #0x60	; 96
    000000C2 60                     250 	.db #0x60	; 96
    000000C3 60                     251 	.db #0x60	; 96
    000000C4 7C                     252 	.db #0x7c	; 124
    000000C5 7C                     253 	.db #0x7c	; 124
    000000C6 00                     254 	.db #0x00	; 0
    000000C7 00                     255 	.db #0x00	; 0
    000000C8 00                     256 	.db #0x00	; 0
    000000C9 00                     257 	.db #0x00	; 0
    000000CA 3B                     258 	.db #0x3b	; 59
    000000CB 3B                     259 	.db #0x3b	; 59
    000000CC 6C                     260 	.db #0x6c	; 108	'l'
    000000CD 6C                     261 	.db #0x6c	; 108	'l'
    000000CE 30                     262 	.db #0x30	; 48	'0'
    000000CF 30                     263 	.db #0x30	; 48	'0'
    000000D0 18                     264 	.db #0x18	; 24
    000000D1 18                     265 	.db #0x18	; 24
    000000D2 6C                     266 	.db #0x6c	; 108	'l'
    000000D3 6C                     267 	.db #0x6c	; 108	'l'
    000000D4 38                     268 	.db #0x38	; 56	'8'
    000000D5 38                     269 	.db #0x38	; 56	'8'
    000000D6 00                     270 	.db #0x00	; 0
    000000D7 00                     271 	.db #0x00	; 0
    000000D8 00                     272 	.db #0x00	; 0
    000000D9 00                     273 	.db #0x00	; 0
    000000DA F3                     274 	.db #0xf3	; 243
    000000DB F3                     275 	.db #0xf3	; 243
    000000DC C7                     276 	.db #0xc7	; 199
    000000DD C7                     277 	.db #0xc7	; 199
    000000DE CC                     278 	.db #0xcc	; 204
    000000DF CC                     279 	.db #0xcc	; 204
    000000E0 CF                     280 	.db #0xcf	; 207
    000000E1 CF                     281 	.db #0xcf	; 207
    000000E2 CC                     282 	.db #0xcc	; 204
    000000E3 CC                     283 	.db #0xcc	; 204
    000000E4 CC                     284 	.db #0xcc	; 204
    000000E5 CC                     285 	.db #0xcc	; 204
    000000E6 00                     286 	.db #0x00	; 0
    000000E7 00                     287 	.db #0x00	; 0
    000000E8 00                     288 	.db #0x00	; 0
    000000E9 00                     289 	.db #0x00	; 0
    000000EA 0F                     290 	.db #0x0f	; 15
    000000EB 0F                     291 	.db #0x0f	; 15
    000000EC 99                     292 	.db #0x99	; 153
    000000ED 99                     293 	.db #0x99	; 153
    000000EE D8                     294 	.db #0xd8	; 216
    000000EF D8                     295 	.db #0xd8	; 216
    000000F0 DB                     296 	.db #0xdb	; 219
    000000F1 DB                     297 	.db #0xdb	; 219
    000000F2 D9                     298 	.db #0xd9	; 217
    000000F3 D9                     299 	.db #0xd9	; 217
    000000F4 CF                     300 	.db #0xcf	; 207
    000000F5 CF                     301 	.db #0xcf	; 207
    000000F6 00                     302 	.db #0x00	; 0
    000000F7 00                     303 	.db #0x00	; 0
    000000F8 00                     304 	.db #0x00	; 0
    000000F9 00                     305 	.db #0x00	; 0
    000000FA 3E                     306 	.db #0x3e	; 62
    000000FB 3E                     307 	.db #0x3e	; 62
    000000FC B0                     308 	.db #0xb0	; 176
    000000FD B0                     309 	.db #0xb0	; 176
    000000FE 3C                     310 	.db #0x3c	; 60
    000000FF 3C                     311 	.db #0x3c	; 60
    00000100 B0                     312 	.db #0xb0	; 176
    00000101 B0                     313 	.db #0xb0	; 176
    00000102 B0                     314 	.db #0xb0	; 176
    00000103 B0                     315 	.db #0xb0	; 176
    00000104 BE                     316 	.db #0xbe	; 190
    00000105 BE                     317 	.db #0xbe	; 190
    00000106 00                     318 	.db #0x00	; 0
    00000107 00                     319 	.db #0x00	; 0
    00000108                        320 _UserInterface_map:
    00000108 00                     321 	.db #0x00	; 0
    00000109 01                     322 	.db #0x01	; 1
    0000010A 01                     323 	.db #0x01	; 1
    0000010B 01                     324 	.db #0x01	; 1
    0000010C 01                     325 	.db #0x01	; 1
    0000010D 01                     326 	.db #0x01	; 1
    0000010E 01                     327 	.db #0x01	; 1
    0000010F 01                     328 	.db #0x01	; 1
    00000110 01                     329 	.db #0x01	; 1
    00000111 01                     330 	.db #0x01	; 1
    00000112 01                     331 	.db #0x01	; 1
    00000113 01                     332 	.db #0x01	; 1
    00000114 01                     333 	.db #0x01	; 1
    00000115 01                     334 	.db #0x01	; 1
    00000116 01                     335 	.db #0x01	; 1
    00000117 02                     336 	.db #0x02	; 2
    00000118 03                     337 	.db #0x03	; 3
    00000119 03                     338 	.db #0x03	; 3
    0000011A 03                     339 	.db #0x03	; 3
    0000011B 03                     340 	.db #0x03	; 3
    0000011C 04                     341 	.db #0x04	; 4
    0000011D 03                     342 	.db #0x03	; 3
    0000011E 03                     343 	.db #0x03	; 3
    0000011F 03                     344 	.db #0x03	; 3
    00000120 03                     345 	.db #0x03	; 3
    00000121 03                     346 	.db #0x03	; 3
    00000122 03                     347 	.db #0x03	; 3
    00000123 03                     348 	.db #0x03	; 3
    00000124 03                     349 	.db #0x03	; 3
    00000125 03                     350 	.db #0x03	; 3
    00000126 03                     351 	.db #0x03	; 3
    00000127 03                     352 	.db #0x03	; 3
    00000128 03                     353 	.db #0x03	; 3
    00000129 03                     354 	.db #0x03	; 3
    0000012A 03                     355 	.db #0x03	; 3
    0000012B 04                     356 	.db #0x04	; 4
    0000012C 05                     357 	.db #0x05	; 5
    0000012D 06                     358 	.db #0x06	; 6
    0000012E 07                     359 	.db #0x07	; 7
    0000012F 03                     360 	.db #0x03	; 3
    00000130 04                     361 	.db #0x04	; 4
    00000131 03                     362 	.db #0x03	; 3
    00000132 03                     363 	.db #0x03	; 3
    00000133 03                     364 	.db #0x03	; 3
    00000134 03                     365 	.db #0x03	; 3
    00000135 03                     366 	.db #0x03	; 3
    00000136 03                     367 	.db #0x03	; 3
    00000137 03                     368 	.db #0x03	; 3
    00000138 03                     369 	.db #0x03	; 3
    00000139 03                     370 	.db #0x03	; 3
    0000013A 03                     371 	.db #0x03	; 3
    0000013B 03                     372 	.db #0x03	; 3
    0000013C 03                     373 	.db #0x03	; 3
    0000013D 03                     374 	.db #0x03	; 3
    0000013E 03                     375 	.db #0x03	; 3
    0000013F 04                     376 	.db #0x04	; 4
    00000140 03                     377 	.db #0x03	; 3
    00000141 03                     378 	.db #0x03	; 3
    00000142 03                     379 	.db #0x03	; 3
    00000143 03                     380 	.db #0x03	; 3
    00000144 04                     381 	.db #0x04	; 4
    00000145 03                     382 	.db #0x03	; 3
    00000146 03                     383 	.db #0x03	; 3
    00000147 03                     384 	.db #0x03	; 3
    00000148 03                     385 	.db #0x03	; 3
    00000149 03                     386 	.db #0x03	; 3
    0000014A 03                     387 	.db #0x03	; 3
    0000014B 03                     388 	.db #0x03	; 3
    0000014C 03                     389 	.db #0x03	; 3
    0000014D 03                     390 	.db #0x03	; 3
    0000014E 03                     391 	.db #0x03	; 3
    0000014F 03                     392 	.db #0x03	; 3
    00000150 03                     393 	.db #0x03	; 3
    00000151 03                     394 	.db #0x03	; 3
    00000152 03                     395 	.db #0x03	; 3
    00000153 04                     396 	.db #0x04	; 4
    00000154 03                     397 	.db #0x03	; 3
    00000155 03                     398 	.db #0x03	; 3
    00000156 03                     399 	.db #0x03	; 3
    00000157 03                     400 	.db #0x03	; 3
    00000158 04                     401 	.db #0x04	; 4
    00000159 03                     402 	.db #0x03	; 3
    0000015A 03                     403 	.db #0x03	; 3
    0000015B 03                     404 	.db #0x03	; 3
    0000015C 03                     405 	.db #0x03	; 3
    0000015D 03                     406 	.db #0x03	; 3
    0000015E 03                     407 	.db #0x03	; 3
    0000015F 03                     408 	.db #0x03	; 3
    00000160 03                     409 	.db #0x03	; 3
    00000161 03                     410 	.db #0x03	; 3
    00000162 03                     411 	.db #0x03	; 3
    00000163 03                     412 	.db #0x03	; 3
    00000164 03                     413 	.db #0x03	; 3
    00000165 03                     414 	.db #0x03	; 3
    00000166 03                     415 	.db #0x03	; 3
    00000167 04                     416 	.db #0x04	; 4
    00000168 08                     417 	.db #0x08	; 8
    00000169 09                     418 	.db #0x09	; 9
    0000016A 0A                     419 	.db #0x0a	; 10
    0000016B 0B                     420 	.db #0x0b	; 11
    0000016C 04                     421 	.db #0x04	; 4
    0000016D 03                     422 	.db #0x03	; 3
    0000016E 03                     423 	.db #0x03	; 3
    0000016F 03                     424 	.db #0x03	; 3
    00000170 03                     425 	.db #0x03	; 3
    00000171 03                     426 	.db #0x03	; 3
    00000172 03                     427 	.db #0x03	; 3
    00000173 03                     428 	.db #0x03	; 3
    00000174 03                     429 	.db #0x03	; 3
    00000175 03                     430 	.db #0x03	; 3
    00000176 03                     431 	.db #0x03	; 3
    00000177 03                     432 	.db #0x03	; 3
    00000178 03                     433 	.db #0x03	; 3
    00000179 03                     434 	.db #0x03	; 3
    0000017A 03                     435 	.db #0x03	; 3
    0000017B 04                     436 	.db #0x04	; 4
    0000017C 03                     437 	.db #0x03	; 3
    0000017D 03                     438 	.db #0x03	; 3
    0000017E 03                     439 	.db #0x03	; 3
    0000017F 03                     440 	.db #0x03	; 3
    00000180 04                     441 	.db #0x04	; 4
    00000181 03                     442 	.db #0x03	; 3
    00000182 03                     443 	.db #0x03	; 3
    00000183 03                     444 	.db #0x03	; 3
    00000184 03                     445 	.db #0x03	; 3
    00000185 03                     446 	.db #0x03	; 3
    00000186 03                     447 	.db #0x03	; 3
    00000187 03                     448 	.db #0x03	; 3
    00000188 03                     449 	.db #0x03	; 3
    00000189 03                     450 	.db #0x03	; 3
    0000018A 03                     451 	.db #0x03	; 3
    0000018B 03                     452 	.db #0x03	; 3
    0000018C 03                     453 	.db #0x03	; 3
    0000018D 03                     454 	.db #0x03	; 3
    0000018E 03                     455 	.db #0x03	; 3
    0000018F 04                     456 	.db #0x04	; 4
    00000190 03                     457 	.db #0x03	; 3
    00000191 03                     458 	.db #0x03	; 3
    00000192 03                     459 	.db #0x03	; 3
    00000193 03                     460 	.db #0x03	; 3
    00000194 04                     461 	.db #0x04	; 4
    00000195 03                     462 	.db #0x03	; 3
    00000196 03                     463 	.db #0x03	; 3
    00000197 03                     464 	.db #0x03	; 3
    00000198 03                     465 	.db #0x03	; 3
    00000199 03                     466 	.db #0x03	; 3
    0000019A 03                     467 	.db #0x03	; 3
    0000019B 03                     468 	.db #0x03	; 3
    0000019C 03                     469 	.db #0x03	; 3
    0000019D 03                     470 	.db #0x03	; 3
    0000019E 03                     471 	.db #0x03	; 3
    0000019F 03                     472 	.db #0x03	; 3
    000001A0 03                     473 	.db #0x03	; 3
    000001A1 03                     474 	.db #0x03	; 3
    000001A2 03                     475 	.db #0x03	; 3
    000001A3 04                     476 	.db #0x04	; 4
    000001A4 03                     477 	.db #0x03	; 3
    000001A5 03                     478 	.db #0x03	; 3
    000001A6 03                     479 	.db #0x03	; 3
    000001A7 03                     480 	.db #0x03	; 3
    000001A8 04                     481 	.db #0x04	; 4
    000001A9 03                     482 	.db #0x03	; 3
    000001AA 03                     483 	.db #0x03	; 3
    000001AB 03                     484 	.db #0x03	; 3
    000001AC 03                     485 	.db #0x03	; 3
    000001AD 03                     486 	.db #0x03	; 3
    000001AE 03                     487 	.db #0x03	; 3
    000001AF 03                     488 	.db #0x03	; 3
    000001B0 03                     489 	.db #0x03	; 3
    000001B1 03                     490 	.db #0x03	; 3
    000001B2 03                     491 	.db #0x03	; 3
    000001B3 03                     492 	.db #0x03	; 3
    000001B4 03                     493 	.db #0x03	; 3
    000001B5 03                     494 	.db #0x03	; 3
    000001B6 03                     495 	.db #0x03	; 3
    000001B7 04                     496 	.db #0x04	; 4
    000001B8 03                     497 	.db #0x03	; 3
    000001B9 03                     498 	.db #0x03	; 3
    000001BA 03                     499 	.db #0x03	; 3
    000001BB 03                     500 	.db #0x03	; 3
    000001BC 04                     501 	.db #0x04	; 4
    000001BD 03                     502 	.db #0x03	; 3
    000001BE 03                     503 	.db #0x03	; 3
    000001BF 03                     504 	.db #0x03	; 3
    000001C0 03                     505 	.db #0x03	; 3
    000001C1 03                     506 	.db #0x03	; 3
    000001C2 03                     507 	.db #0x03	; 3
    000001C3 03                     508 	.db #0x03	; 3
    000001C4 03                     509 	.db #0x03	; 3
    000001C5 03                     510 	.db #0x03	; 3
    000001C6 03                     511 	.db #0x03	; 3
    000001C7 03                     512 	.db #0x03	; 3
    000001C8 03                     513 	.db #0x03	; 3
    000001C9 03                     514 	.db #0x03	; 3
    000001CA 03                     515 	.db #0x03	; 3
    000001CB 04                     516 	.db #0x04	; 4
    000001CC 0C                     517 	.db #0x0c	; 12
    000001CD 0D                     518 	.db #0x0d	; 13
    000001CE 0E                     519 	.db #0x0e	; 14
    000001CF 0F                     520 	.db #0x0f	; 15
    000001D0 04                     521 	.db #0x04	; 4
    000001D1 03                     522 	.db #0x03	; 3
    000001D2 03                     523 	.db #0x03	; 3
    000001D3 03                     524 	.db #0x03	; 3
    000001D4 03                     525 	.db #0x03	; 3
    000001D5 03                     526 	.db #0x03	; 3
    000001D6 03                     527 	.db #0x03	; 3
    000001D7 03                     528 	.db #0x03	; 3
    000001D8 03                     529 	.db #0x03	; 3
    000001D9 03                     530 	.db #0x03	; 3
    000001DA 03                     531 	.db #0x03	; 3
    000001DB 03                     532 	.db #0x03	; 3
    000001DC 03                     533 	.db #0x03	; 3
    000001DD 03                     534 	.db #0x03	; 3
    000001DE 03                     535 	.db #0x03	; 3
    000001DF 04                     536 	.db #0x04	; 4
    000001E0 03                     537 	.db #0x03	; 3
    000001E1 03                     538 	.db #0x03	; 3
    000001E2 03                     539 	.db #0x03	; 3
    000001E3 03                     540 	.db #0x03	; 3
    000001E4 04                     541 	.db #0x04	; 4
    000001E5 03                     542 	.db #0x03	; 3
    000001E6 03                     543 	.db #0x03	; 3
    000001E7 03                     544 	.db #0x03	; 3
    000001E8 03                     545 	.db #0x03	; 3
    000001E9 03                     546 	.db #0x03	; 3
    000001EA 03                     547 	.db #0x03	; 3
    000001EB 03                     548 	.db #0x03	; 3
    000001EC 03                     549 	.db #0x03	; 3
    000001ED 03                     550 	.db #0x03	; 3
    000001EE 03                     551 	.db #0x03	; 3
    000001EF 03                     552 	.db #0x03	; 3
    000001F0 03                     553 	.db #0x03	; 3
    000001F1 03                     554 	.db #0x03	; 3
    000001F2 03                     555 	.db #0x03	; 3
    000001F3 04                     556 	.db #0x04	; 4
    000001F4 03                     557 	.db #0x03	; 3
    000001F5 03                     558 	.db #0x03	; 3
    000001F6 03                     559 	.db #0x03	; 3
    000001F7 03                     560 	.db #0x03	; 3
    000001F8 04                     561 	.db #0x04	; 4
    000001F9 03                     562 	.db #0x03	; 3
    000001FA 03                     563 	.db #0x03	; 3
    000001FB 03                     564 	.db #0x03	; 3
    000001FC 03                     565 	.db #0x03	; 3
    000001FD 03                     566 	.db #0x03	; 3
    000001FE 03                     567 	.db #0x03	; 3
    000001FF 03                     568 	.db #0x03	; 3
    00000200 03                     569 	.db #0x03	; 3
    00000201 03                     570 	.db #0x03	; 3
    00000202 03                     571 	.db #0x03	; 3
    00000203 03                     572 	.db #0x03	; 3
    00000204 03                     573 	.db #0x03	; 3
    00000205 03                     574 	.db #0x03	; 3
    00000206 03                     575 	.db #0x03	; 3
    00000207 04                     576 	.db #0x04	; 4
    00000208 03                     577 	.db #0x03	; 3
    00000209 03                     578 	.db #0x03	; 3
    0000020A 03                     579 	.db #0x03	; 3
    0000020B 03                     580 	.db #0x03	; 3
    0000020C 04                     581 	.db #0x04	; 4
    0000020D 03                     582 	.db #0x03	; 3
    0000020E 03                     583 	.db #0x03	; 3
    0000020F 03                     584 	.db #0x03	; 3
    00000210 03                     585 	.db #0x03	; 3
    00000211 03                     586 	.db #0x03	; 3
    00000212 03                     587 	.db #0x03	; 3
    00000213 03                     588 	.db #0x03	; 3
    00000214 03                     589 	.db #0x03	; 3
    00000215 03                     590 	.db #0x03	; 3
    00000216 03                     591 	.db #0x03	; 3
    00000217 03                     592 	.db #0x03	; 3
    00000218 03                     593 	.db #0x03	; 3
    00000219 03                     594 	.db #0x03	; 3
    0000021A 03                     595 	.db #0x03	; 3
    0000021B 04                     596 	.db #0x04	; 4
    0000021C 03                     597 	.db #0x03	; 3
    0000021D 03                     598 	.db #0x03	; 3
    0000021E 03                     599 	.db #0x03	; 3
    0000021F 03                     600 	.db #0x03	; 3
    00000220 04                     601 	.db #0x04	; 4
    00000221 03                     602 	.db #0x03	; 3
    00000222 03                     603 	.db #0x03	; 3
    00000223 03                     604 	.db #0x03	; 3
    00000224 03                     605 	.db #0x03	; 3
    00000225 03                     606 	.db #0x03	; 3
    00000226 03                     607 	.db #0x03	; 3
    00000227 03                     608 	.db #0x03	; 3
    00000228 03                     609 	.db #0x03	; 3
    00000229 03                     610 	.db #0x03	; 3
    0000022A 03                     611 	.db #0x03	; 3
    0000022B 03                     612 	.db #0x03	; 3
    0000022C 03                     613 	.db #0x03	; 3
    0000022D 03                     614 	.db #0x03	; 3
    0000022E 03                     615 	.db #0x03	; 3
    0000022F 04                     616 	.db #0x04	; 4
    00000230 03                     617 	.db #0x03	; 3
    00000231 03                     618 	.db #0x03	; 3
    00000232 03                     619 	.db #0x03	; 3
    00000233 03                     620 	.db #0x03	; 3
    00000234 04                     621 	.db #0x04	; 4
    00000235 03                     622 	.db #0x03	; 3
    00000236 03                     623 	.db #0x03	; 3
    00000237 03                     624 	.db #0x03	; 3
    00000238 03                     625 	.db #0x03	; 3
    00000239 03                     626 	.db #0x03	; 3
    0000023A 03                     627 	.db #0x03	; 3
    0000023B 03                     628 	.db #0x03	; 3
    0000023C 03                     629 	.db #0x03	; 3
    0000023D 03                     630 	.db #0x03	; 3
    0000023E 03                     631 	.db #0x03	; 3
    0000023F 03                     632 	.db #0x03	; 3
    00000240 03                     633 	.db #0x03	; 3
    00000241 03                     634 	.db #0x03	; 3
    00000242 03                     635 	.db #0x03	; 3
    00000243 04                     636 	.db #0x04	; 4
    00000244 03                     637 	.db #0x03	; 3
    00000245 03                     638 	.db #0x03	; 3
    00000246 03                     639 	.db #0x03	; 3
    00000247 03                     640 	.db #0x03	; 3
    00000248 04                     641 	.db #0x04	; 4
    00000249 03                     642 	.db #0x03	; 3
    0000024A 03                     643 	.db #0x03	; 3
    0000024B 03                     644 	.db #0x03	; 3
    0000024C 03                     645 	.db #0x03	; 3
    0000024D 03                     646 	.db #0x03	; 3
    0000024E 03                     647 	.db #0x03	; 3
    0000024F 03                     648 	.db #0x03	; 3
    00000250 03                     649 	.db #0x03	; 3
    00000251 03                     650 	.db #0x03	; 3
    00000252 03                     651 	.db #0x03	; 3
    00000253 03                     652 	.db #0x03	; 3
    00000254 03                     653 	.db #0x03	; 3
    00000255 03                     654 	.db #0x03	; 3
    00000256 03                     655 	.db #0x03	; 3
    00000257 04                     656 	.db #0x04	; 4
    00000258 03                     657 	.db #0x03	; 3
    00000259 03                     658 	.db #0x03	; 3
    0000025A 03                     659 	.db #0x03	; 3
    0000025B 03                     660 	.db #0x03	; 3
    0000025C 04                     661 	.db #0x04	; 4
    0000025D 03                     662 	.db #0x03	; 3
    0000025E 03                     663 	.db #0x03	; 3
    0000025F 03                     664 	.db #0x03	; 3
    00000260 03                     665 	.db #0x03	; 3
    00000261 03                     666 	.db #0x03	; 3
    00000262 03                     667 	.db #0x03	; 3
    00000263 03                     668 	.db #0x03	; 3
    00000264 03                     669 	.db #0x03	; 3
    00000265 03                     670 	.db #0x03	; 3
    00000266 03                     671 	.db #0x03	; 3
    00000267 03                     672 	.db #0x03	; 3
    00000268 03                     673 	.db #0x03	; 3
    00000269 03                     674 	.db #0x03	; 3
    0000026A 03                     675 	.db #0x03	; 3
    0000026B 04                     676 	.db #0x04	; 4
    0000026C 03                     677 	.db #0x03	; 3
    0000026D 03                     678 	.db #0x03	; 3
    0000026E 03                     679 	.db #0x03	; 3
    0000026F 03                     680 	.db #0x03	; 3
    00000270                        681 _UserInterface_map_attributes:
    00000270 00                     682 	.db #0x00	; 0
    00000271 00                     683 	.db #0x00	; 0
    00000272 00                     684 	.db #0x00	; 0
    00000273 00                     685 	.db #0x00	; 0
    00000274 00                     686 	.db #0x00	; 0
    00000275 00                     687 	.db #0x00	; 0
    00000276 00                     688 	.db #0x00	; 0
    00000277 00                     689 	.db #0x00	; 0
    00000278 00                     690 	.db #0x00	; 0
    00000279 00                     691 	.db #0x00	; 0
    0000027A 00                     692 	.db #0x00	; 0
    0000027B 00                     693 	.db #0x00	; 0
    0000027C 00                     694 	.db #0x00	; 0
    0000027D 00                     695 	.db #0x00	; 0
    0000027E 00                     696 	.db #0x00	; 0
    0000027F 00                     697 	.db #0x00	; 0
    00000280 00                     698 	.db #0x00	; 0
    00000281 00                     699 	.db #0x00	; 0
    00000282 00                     700 	.db #0x00	; 0
    00000283 00                     701 	.db #0x00	; 0
    00000284 00                     702 	.db #0x00	; 0
    00000285 00                     703 	.db #0x00	; 0
    00000286 00                     704 	.db #0x00	; 0
    00000287 00                     705 	.db #0x00	; 0
    00000288 00                     706 	.db #0x00	; 0
    00000289 00                     707 	.db #0x00	; 0
    0000028A 00                     708 	.db #0x00	; 0
    0000028B 00                     709 	.db #0x00	; 0
    0000028C 00                     710 	.db #0x00	; 0
    0000028D 00                     711 	.db #0x00	; 0
    0000028E 00                     712 	.db #0x00	; 0
    0000028F 00                     713 	.db #0x00	; 0
    00000290 00                     714 	.db #0x00	; 0
    00000291 00                     715 	.db #0x00	; 0
    00000292 00                     716 	.db #0x00	; 0
    00000293 00                     717 	.db #0x00	; 0
    00000294 00                     718 	.db #0x00	; 0
    00000295 00                     719 	.db #0x00	; 0
    00000296 00                     720 	.db #0x00	; 0
    00000297 00                     721 	.db #0x00	; 0
    00000298 00                     722 	.db #0x00	; 0
    00000299 00                     723 	.db #0x00	; 0
    0000029A 00                     724 	.db #0x00	; 0
    0000029B 00                     725 	.db #0x00	; 0
    0000029C 00                     726 	.db #0x00	; 0
    0000029D 00                     727 	.db #0x00	; 0
    0000029E 00                     728 	.db #0x00	; 0
    0000029F 00                     729 	.db #0x00	; 0
    000002A0 00                     730 	.db #0x00	; 0
    000002A1 00                     731 	.db #0x00	; 0
    000002A2 00                     732 	.db #0x00	; 0
    000002A3 00                     733 	.db #0x00	; 0
    000002A4 00                     734 	.db #0x00	; 0
    000002A5 00                     735 	.db #0x00	; 0
    000002A6 00                     736 	.db #0x00	; 0
    000002A7 00                     737 	.db #0x00	; 0
    000002A8 00                     738 	.db #0x00	; 0
    000002A9 00                     739 	.db #0x00	; 0
    000002AA 00                     740 	.db #0x00	; 0
    000002AB 00                     741 	.db #0x00	; 0
    000002AC 00                     742 	.db #0x00	; 0
    000002AD 00                     743 	.db #0x00	; 0
    000002AE 00                     744 	.db #0x00	; 0
    000002AF 00                     745 	.db #0x00	; 0
    000002B0 00                     746 	.db #0x00	; 0
    000002B1 00                     747 	.db #0x00	; 0
    000002B2 00                     748 	.db #0x00	; 0
    000002B3 00                     749 	.db #0x00	; 0
    000002B4 00                     750 	.db #0x00	; 0
    000002B5 00                     751 	.db #0x00	; 0
    000002B6 00                     752 	.db #0x00	; 0
    000002B7 00                     753 	.db #0x00	; 0
    000002B8 00                     754 	.db #0x00	; 0
    000002B9 00                     755 	.db #0x00	; 0
    000002BA 00                     756 	.db #0x00	; 0
    000002BB 00                     757 	.db #0x00	; 0
    000002BC 00                     758 	.db #0x00	; 0
    000002BD 00                     759 	.db #0x00	; 0
    000002BE 00                     760 	.db #0x00	; 0
    000002BF 00                     761 	.db #0x00	; 0
    000002C0 00                     762 	.db #0x00	; 0
    000002C1 00                     763 	.db #0x00	; 0
    000002C2 00                     764 	.db #0x00	; 0
    000002C3 00                     765 	.db #0x00	; 0
    000002C4 00                     766 	.db #0x00	; 0
    000002C5 00                     767 	.db #0x00	; 0
    000002C6 00                     768 	.db #0x00	; 0
    000002C7 00                     769 	.db #0x00	; 0
    000002C8 00                     770 	.db #0x00	; 0
    000002C9 00                     771 	.db #0x00	; 0
    000002CA 00                     772 	.db #0x00	; 0
    000002CB 00                     773 	.db #0x00	; 0
    000002CC 00                     774 	.db #0x00	; 0
    000002CD 00                     775 	.db #0x00	; 0
    000002CE 00                     776 	.db #0x00	; 0
    000002CF 00                     777 	.db #0x00	; 0
    000002D0 00                     778 	.db #0x00	; 0
    000002D1 00                     779 	.db #0x00	; 0
    000002D2 00                     780 	.db #0x00	; 0
    000002D3 00                     781 	.db #0x00	; 0
    000002D4 00                     782 	.db #0x00	; 0
    000002D5 00                     783 	.db #0x00	; 0
    000002D6 00                     784 	.db #0x00	; 0
    000002D7 00                     785 	.db #0x00	; 0
    000002D8 00                     786 	.db #0x00	; 0
    000002D9 00                     787 	.db #0x00	; 0
    000002DA 00                     788 	.db #0x00	; 0
    000002DB 00                     789 	.db #0x00	; 0
    000002DC 00                     790 	.db #0x00	; 0
    000002DD 00                     791 	.db #0x00	; 0
    000002DE 00                     792 	.db #0x00	; 0
    000002DF 00                     793 	.db #0x00	; 0
    000002E0 00                     794 	.db #0x00	; 0
    000002E1 00                     795 	.db #0x00	; 0
    000002E2 00                     796 	.db #0x00	; 0
    000002E3 00                     797 	.db #0x00	; 0
    000002E4 00                     798 	.db #0x00	; 0
    000002E5 00                     799 	.db #0x00	; 0
    000002E6 00                     800 	.db #0x00	; 0
    000002E7 00                     801 	.db #0x00	; 0
    000002E8 00                     802 	.db #0x00	; 0
    000002E9 00                     803 	.db #0x00	; 0
    000002EA 00                     804 	.db #0x00	; 0
    000002EB 00                     805 	.db #0x00	; 0
    000002EC 00                     806 	.db #0x00	; 0
    000002ED 00                     807 	.db #0x00	; 0
    000002EE 00                     808 	.db #0x00	; 0
    000002EF 00                     809 	.db #0x00	; 0
    000002F0 00                     810 	.db #0x00	; 0
    000002F1 00                     811 	.db #0x00	; 0
    000002F2 00                     812 	.db #0x00	; 0
    000002F3 00                     813 	.db #0x00	; 0
    000002F4 00                     814 	.db #0x00	; 0
    000002F5 00                     815 	.db #0x00	; 0
    000002F6 00                     816 	.db #0x00	; 0
    000002F7 00                     817 	.db #0x00	; 0
    000002F8 00                     818 	.db #0x00	; 0
    000002F9 00                     819 	.db #0x00	; 0
    000002FA 00                     820 	.db #0x00	; 0
    000002FB 00                     821 	.db #0x00	; 0
    000002FC 00                     822 	.db #0x00	; 0
    000002FD 00                     823 	.db #0x00	; 0
    000002FE 00                     824 	.db #0x00	; 0
    000002FF 00                     825 	.db #0x00	; 0
    00000300 00                     826 	.db #0x00	; 0
    00000301 00                     827 	.db #0x00	; 0
    00000302 00                     828 	.db #0x00	; 0
    00000303 00                     829 	.db #0x00	; 0
    00000304 00                     830 	.db #0x00	; 0
    00000305 00                     831 	.db #0x00	; 0
    00000306 00                     832 	.db #0x00	; 0
    00000307 00                     833 	.db #0x00	; 0
    00000308 00                     834 	.db #0x00	; 0
    00000309 00                     835 	.db #0x00	; 0
    0000030A 00                     836 	.db #0x00	; 0
    0000030B 00                     837 	.db #0x00	; 0
    0000030C 00                     838 	.db #0x00	; 0
    0000030D 00                     839 	.db #0x00	; 0
    0000030E 00                     840 	.db #0x00	; 0
    0000030F 00                     841 	.db #0x00	; 0
    00000310 00                     842 	.db #0x00	; 0
    00000311 00                     843 	.db #0x00	; 0
    00000312 00                     844 	.db #0x00	; 0
    00000313 00                     845 	.db #0x00	; 0
    00000314 00                     846 	.db #0x00	; 0
    00000315 00                     847 	.db #0x00	; 0
    00000316 00                     848 	.db #0x00	; 0
    00000317 00                     849 	.db #0x00	; 0
    00000318 00                     850 	.db #0x00	; 0
    00000319 00                     851 	.db #0x00	; 0
    0000031A 00                     852 	.db #0x00	; 0
    0000031B 00                     853 	.db #0x00	; 0
    0000031C 00                     854 	.db #0x00	; 0
    0000031D 00                     855 	.db #0x00	; 0
    0000031E 00                     856 	.db #0x00	; 0
    0000031F 00                     857 	.db #0x00	; 0
    00000320 00                     858 	.db #0x00	; 0
    00000321 00                     859 	.db #0x00	; 0
    00000322 00                     860 	.db #0x00	; 0
    00000323 00                     861 	.db #0x00	; 0
    00000324 00                     862 	.db #0x00	; 0
    00000325 00                     863 	.db #0x00	; 0
    00000326 00                     864 	.db #0x00	; 0
    00000327 00                     865 	.db #0x00	; 0
    00000328 00                     866 	.db #0x00	; 0
    00000329 00                     867 	.db #0x00	; 0
    0000032A 00                     868 	.db #0x00	; 0
    0000032B 00                     869 	.db #0x00	; 0
    0000032C 00                     870 	.db #0x00	; 0
    0000032D 00                     871 	.db #0x00	; 0
    0000032E 00                     872 	.db #0x00	; 0
    0000032F 00                     873 	.db #0x00	; 0
    00000330 00                     874 	.db #0x00	; 0
    00000331 00                     875 	.db #0x00	; 0
    00000332 00                     876 	.db #0x00	; 0
    00000333 00                     877 	.db #0x00	; 0
    00000334 00                     878 	.db #0x00	; 0
    00000335 00                     879 	.db #0x00	; 0
    00000336 00                     880 	.db #0x00	; 0
    00000337 00                     881 	.db #0x00	; 0
    00000338 00                     882 	.db #0x00	; 0
    00000339 00                     883 	.db #0x00	; 0
    0000033A 00                     884 	.db #0x00	; 0
    0000033B 00                     885 	.db #0x00	; 0
    0000033C 00                     886 	.db #0x00	; 0
    0000033D 00                     887 	.db #0x00	; 0
    0000033E 00                     888 	.db #0x00	; 0
    0000033F 00                     889 	.db #0x00	; 0
    00000340 00                     890 	.db #0x00	; 0
    00000341 00                     891 	.db #0x00	; 0
    00000342 00                     892 	.db #0x00	; 0
    00000343 00                     893 	.db #0x00	; 0
    00000344 00                     894 	.db #0x00	; 0
    00000345 00                     895 	.db #0x00	; 0
    00000346 00                     896 	.db #0x00	; 0
    00000347 00                     897 	.db #0x00	; 0
    00000348 00                     898 	.db #0x00	; 0
    00000349 00                     899 	.db #0x00	; 0
    0000034A 00                     900 	.db #0x00	; 0
    0000034B 00                     901 	.db #0x00	; 0
    0000034C 00                     902 	.db #0x00	; 0
    0000034D 00                     903 	.db #0x00	; 0
    0000034E 00                     904 	.db #0x00	; 0
    0000034F 00                     905 	.db #0x00	; 0
    00000350 00                     906 	.db #0x00	; 0
    00000351 00                     907 	.db #0x00	; 0
    00000352 00                     908 	.db #0x00	; 0
    00000353 00                     909 	.db #0x00	; 0
    00000354 00                     910 	.db #0x00	; 0
    00000355 00                     911 	.db #0x00	; 0
    00000356 00                     912 	.db #0x00	; 0
    00000357 00                     913 	.db #0x00	; 0
    00000358 00                     914 	.db #0x00	; 0
    00000359 00                     915 	.db #0x00	; 0
    0000035A 00                     916 	.db #0x00	; 0
    0000035B 00                     917 	.db #0x00	; 0
    0000035C 00                     918 	.db #0x00	; 0
    0000035D 00                     919 	.db #0x00	; 0
    0000035E 00                     920 	.db #0x00	; 0
    0000035F 00                     921 	.db #0x00	; 0
    00000360 00                     922 	.db #0x00	; 0
    00000361 00                     923 	.db #0x00	; 0
    00000362 00                     924 	.db #0x00	; 0
    00000363 00                     925 	.db #0x00	; 0
    00000364 00                     926 	.db #0x00	; 0
    00000365 00                     927 	.db #0x00	; 0
    00000366 00                     928 	.db #0x00	; 0
    00000367 00                     929 	.db #0x00	; 0
    00000368 00                     930 	.db #0x00	; 0
    00000369 00                     931 	.db #0x00	; 0
    0000036A 00                     932 	.db #0x00	; 0
    0000036B 00                     933 	.db #0x00	; 0
    0000036C 00                     934 	.db #0x00	; 0
    0000036D 00                     935 	.db #0x00	; 0
    0000036E 00                     936 	.db #0x00	; 0
    0000036F 00                     937 	.db #0x00	; 0
    00000370 00                     938 	.db #0x00	; 0
    00000371 00                     939 	.db #0x00	; 0
    00000372 00                     940 	.db #0x00	; 0
    00000373 00                     941 	.db #0x00	; 0
    00000374 00                     942 	.db #0x00	; 0
    00000375 00                     943 	.db #0x00	; 0
    00000376 00                     944 	.db #0x00	; 0
    00000377 00                     945 	.db #0x00	; 0
    00000378 00                     946 	.db #0x00	; 0
    00000379 00                     947 	.db #0x00	; 0
    0000037A 00                     948 	.db #0x00	; 0
    0000037B 00                     949 	.db #0x00	; 0
    0000037C 00                     950 	.db #0x00	; 0
    0000037D 00                     951 	.db #0x00	; 0
    0000037E 00                     952 	.db #0x00	; 0
    0000037F 00                     953 	.db #0x00	; 0
    00000380 00                     954 	.db #0x00	; 0
    00000381 00                     955 	.db #0x00	; 0
    00000382 00                     956 	.db #0x00	; 0
    00000383 00                     957 	.db #0x00	; 0
    00000384 00                     958 	.db #0x00	; 0
    00000385 00                     959 	.db #0x00	; 0
    00000386 00                     960 	.db #0x00	; 0
    00000387 00                     961 	.db #0x00	; 0
    00000388 00                     962 	.db #0x00	; 0
    00000389 00                     963 	.db #0x00	; 0
    0000038A 00                     964 	.db #0x00	; 0
    0000038B 00                     965 	.db #0x00	; 0
    0000038C 00                     966 	.db #0x00	; 0
    0000038D 00                     967 	.db #0x00	; 0
    0000038E 00                     968 	.db #0x00	; 0
    0000038F 00                     969 	.db #0x00	; 0
    00000390 00                     970 	.db #0x00	; 0
    00000391 00                     971 	.db #0x00	; 0
    00000392 00                     972 	.db #0x00	; 0
    00000393 00                     973 	.db #0x00	; 0
    00000394 00                     974 	.db #0x00	; 0
    00000395 00                     975 	.db #0x00	; 0
    00000396 00                     976 	.db #0x00	; 0
    00000397 00                     977 	.db #0x00	; 0
    00000398 00                     978 	.db #0x00	; 0
    00000399 00                     979 	.db #0x00	; 0
    0000039A 00                     980 	.db #0x00	; 0
    0000039B 00                     981 	.db #0x00	; 0
    0000039C 00                     982 	.db #0x00	; 0
    0000039D 00                     983 	.db #0x00	; 0
    0000039E 00                     984 	.db #0x00	; 0
    0000039F 00                     985 	.db #0x00	; 0
    000003A0 00                     986 	.db #0x00	; 0
    000003A1 00                     987 	.db #0x00	; 0
    000003A2 00                     988 	.db #0x00	; 0
    000003A3 00                     989 	.db #0x00	; 0
    000003A4 00                     990 	.db #0x00	; 0
    000003A5 00                     991 	.db #0x00	; 0
    000003A6 00                     992 	.db #0x00	; 0
    000003A7 00                     993 	.db #0x00	; 0
    000003A8 00                     994 	.db #0x00	; 0
    000003A9 00                     995 	.db #0x00	; 0
    000003AA 00                     996 	.db #0x00	; 0
    000003AB 00                     997 	.db #0x00	; 0
    000003AC 00                     998 	.db #0x00	; 0
    000003AD 00                     999 	.db #0x00	; 0
    000003AE 00                    1000 	.db #0x00	; 0
    000003AF 00                    1001 	.db #0x00	; 0
    000003B0 00                    1002 	.db #0x00	; 0
    000003B1 00                    1003 	.db #0x00	; 0
    000003B2 00                    1004 	.db #0x00	; 0
    000003B3 00                    1005 	.db #0x00	; 0
    000003B4 00                    1006 	.db #0x00	; 0
    000003B5 00                    1007 	.db #0x00	; 0
    000003B6 00                    1008 	.db #0x00	; 0
    000003B7 00                    1009 	.db #0x00	; 0
    000003B8 00                    1010 	.db #0x00	; 0
    000003B9 00                    1011 	.db #0x00	; 0
    000003BA 00                    1012 	.db #0x00	; 0
    000003BB 00                    1013 	.db #0x00	; 0
    000003BC 00                    1014 	.db #0x00	; 0
    000003BD 00                    1015 	.db #0x00	; 0
    000003BE 00                    1016 	.db #0x00	; 0
    000003BF 00                    1017 	.db #0x00	; 0
    000003C0 00                    1018 	.db #0x00	; 0
    000003C1 00                    1019 	.db #0x00	; 0
    000003C2 00                    1020 	.db #0x00	; 0
    000003C3 00                    1021 	.db #0x00	; 0
    000003C4 00                    1022 	.db #0x00	; 0
    000003C5 00                    1023 	.db #0x00	; 0
    000003C6 00                    1024 	.db #0x00	; 0
    000003C7 00                    1025 	.db #0x00	; 0
    000003C8 00                    1026 	.db #0x00	; 0
    000003C9 00                    1027 	.db #0x00	; 0
    000003CA 00                    1028 	.db #0x00	; 0
    000003CB 00                    1029 	.db #0x00	; 0
    000003CC 00                    1030 	.db #0x00	; 0
    000003CD 00                    1031 	.db #0x00	; 0
    000003CE 00                    1032 	.db #0x00	; 0
    000003CF 00                    1033 	.db #0x00	; 0
    000003D0 00                    1034 	.db #0x00	; 0
    000003D1 00                    1035 	.db #0x00	; 0
    000003D2 00                    1036 	.db #0x00	; 0
    000003D3 00                    1037 	.db #0x00	; 0
    000003D4 00                    1038 	.db #0x00	; 0
    000003D5 00                    1039 	.db #0x00	; 0
    000003D6 00                    1040 	.db #0x00	; 0
    000003D7 00                    1041 	.db #0x00	; 0
                                   1042 	.area _INITIALIZER
                                   1043 	.area _CABS (ABS)
