                                      1 ;--------------------------------------------------------
                                      2 ; File Created by SDCC : free open source ISO C Compiler
                                      3 ; Version 4.5.1 #15267 (Linux)
                                      4 ;--------------------------------------------------------
                                      5 	.module ball
                                      6 	
                                      7 ;--------------------------------------------------------
                                      8 ; Public variables in this module
                                      9 ;--------------------------------------------------------
                                     10 	.globl _ball_metasprites
                                     11 	.globl _ball_metasprite0
                                     12 	.globl _ball_tiles
                                     13 	.globl _ball_palettes
                                     14 	.globl b___func_ball
                                     15 	.globl ___func_ball
                                     16 ;--------------------------------------------------------
                                     17 ; special function registers
                                     18 ;--------------------------------------------------------
                                     19 	.area _HRAM
                                     20 ;--------------------------------------------------------
                                     21 ; ram data
                                     22 ;--------------------------------------------------------
                                     23 	.area _DATA
                                     24 ;--------------------------------------------------------
                                     25 ; ram data
                                     26 ;--------------------------------------------------------
                                     27 	.area _INITIALIZED
                                     28 ;--------------------------------------------------------
                                     29 ; absolute external ram data
                                     30 ;--------------------------------------------------------
                                     31 	.area _DABS (ABS)
                                     32 ;--------------------------------------------------------
                                     33 ; global & static initialisations
                                     34 ;--------------------------------------------------------
                                     35 	.area _HOME
                                     36 	.area _GSINIT
                                     37 	.area _GSFINAL
                                     38 	.area _GSINIT
                                     39 ;--------------------------------------------------------
                                     40 ; Home
                                     41 ;--------------------------------------------------------
                                     42 	.area _HOME
                                     43 	.area _HOME
                                     44 ;--------------------------------------------------------
                                     45 ; code
                                     46 ;--------------------------------------------------------
                                     47 	.area _CODE
                                     48 ;source/gen/graphics/ball.c:8: BANKREF(ball)
                                     49 ;	---------------------------------
                                     50 ; Function __func_ball
                                     51 ; ---------------------------------
                         00000000    52 	b___func_ball	= 0
    00000000                         53 ___func_ball::
                                     54 	.local b___func_ball 
                         00000000    55 	___bank_ball = b___func_ball 
                                     56 	.globl ___bank_ball 
                                     57 	.area _CODE
    00000000                         58 _ball_palettes:
    00000000 FF 7F                   59 	.dw #0x7fff
    00000002 B5 56                   60 	.dw #0x56b5
    00000004 8C 31                   61 	.dw #0x318c
    00000006 00 00                   62 	.dw #0x0000
    00000008                         63 _ball_tiles:
    00000008 00                      64 	.db #0x00	; 0
    00000009 00                      65 	.db #0x00	; 0
    0000000A 00                      66 	.db #0x00	; 0
    0000000B 00                      67 	.db #0x00	; 0
    0000000C 1C                      68 	.db #0x1c	; 28
    0000000D 1C                      69 	.db #0x1c	; 28
    0000000E 26                      70 	.db #0x26	; 38
    0000000F 26                      71 	.db #0x26	; 38
    00000010 3E                      72 	.db #0x3e	; 62
    00000011 3E                      73 	.db #0x3e	; 62
    00000012 3E                      74 	.db #0x3e	; 62
    00000013 3E                      75 	.db #0x3e	; 62
    00000014 1C                      76 	.db #0x1c	; 28
    00000015 1C                      77 	.db #0x1c	; 28
    00000016 00                      78 	.db #0x00	; 0
    00000017 00                      79 	.db #0x00	; 0
    00000018                         80 _ball_metasprite0:
    00000018 FC                      81 	.db #0xfc	; -4
    00000019 FC                      82 	.db #0xfc	; -4
    0000001A 00                      83 	.db #0x00	; 0
    0000001B 00                      84 	.db #0x00	; 0
    0000001C 80                      85 	.db #0x80	; -128
    0000001D 00                      86 	.db #0x00	;  0
    0000001E 00                      87 	.db #0x00	; 0
    0000001F 00                      88 	.db #0x00	; 0
    00000020                         89 _ball_metasprites:
    00000020r18r00                   90 	.dw _ball_metasprite0
                                     91 	.area _INITIALIZER
                                     92 	.area _CABS (ABS)
