                                      1 ;--------------------------------------------------------
                                      2 ; File Created by SDCC : free open source ISO C Compiler
                                      3 ; Version 4.5.1 #15267 (Linux)
                                      4 ;--------------------------------------------------------
                                      5 	.module paddle
                                      6 	
                                      7 ;--------------------------------------------------------
                                      8 ; Public variables in this module
                                      9 ;--------------------------------------------------------
                                     10 	.globl _paddle_metasprites
                                     11 	.globl _paddle_metasprite0
                                     12 	.globl _paddle_tiles
                                     13 	.globl _paddle_palettes
                                     14 	.globl b___func_paddle
                                     15 	.globl ___func_paddle
                                     16 ;--------------------------------------------------------
                                     17 ; special function registers
                                     18 ;--------------------------------------------------------
                                     19 	.area _HRAM
                                     20 ;--------------------------------------------------------
                                     21 ; ram data
                                     22 ;--------------------------------------------------------
                                     23 	.area _DATA
                                     24 ;--------------------------------------------------------
                                     25 ; ram data
                                     26 ;--------------------------------------------------------
                                     27 	.area _INITIALIZED
                                     28 ;--------------------------------------------------------
                                     29 ; absolute external ram data
                                     30 ;--------------------------------------------------------
                                     31 	.area _DABS (ABS)
                                     32 ;--------------------------------------------------------
                                     33 ; global & static initialisations
                                     34 ;--------------------------------------------------------
                                     35 	.area _HOME
                                     36 	.area _GSINIT
                                     37 	.area _GSFINAL
                                     38 	.area _GSINIT
                                     39 ;--------------------------------------------------------
                                     40 ; Home
                                     41 ;--------------------------------------------------------
                                     42 	.area _HOME
                                     43 	.area _HOME
                                     44 ;--------------------------------------------------------
                                     45 ; code
                                     46 ;--------------------------------------------------------
                                     47 	.area _CODE
                                     48 ;source/gen/graphics/paddle.c:8: BANKREF(paddle)
                                     49 ;	---------------------------------
                                     50 ; Function __func_paddle
                                     51 ; ---------------------------------
                         00000000    52 	b___func_paddle	= 0
    00000000                         53 ___func_paddle::
                                     54 	.local b___func_paddle 
                         00000000    55 	___bank_paddle = b___func_paddle 
                                     56 	.globl ___bank_paddle 
                                     57 	.area _CODE
    00000000                         58 _paddle_palettes:
    00000000 FF 7F                   59 	.dw #0x7fff
    00000002 B5 56                   60 	.dw #0x56b5
    00000004 8C 31                   61 	.dw #0x318c
    00000006 00 00                   62 	.dw #0x0000
    00000008                         63 _paddle_tiles:
    00000008 7F                      64 	.db #0x7f	; 127
    00000009 7F                      65 	.db #0x7f	; 127
    0000000A E8                      66 	.db #0xe8	; 232
    0000000B FF                      67 	.db #0xff	; 255
    0000000C A8                      68 	.db #0xa8	; 168
    0000000D A8                      69 	.db #0xa8	; 168
    0000000E FF                      70 	.db #0xff	; 255
    0000000F E8                      71 	.db #0xe8	; 232
    00000010 E8                      72 	.db #0xe8	; 232
    00000011 FF                      73 	.db #0xff	; 255
    00000012 7F                      74 	.db #0x7f	; 127
    00000013 7F                      75 	.db #0x7f	; 127
    00000014 00                      76 	.db #0x00	; 0
    00000015 00                      77 	.db #0x00	; 0
    00000016 00                      78 	.db #0x00	; 0
    00000017 00                      79 	.db #0x00	; 0
    00000018 FF                      80 	.db #0xff	; 255
    00000019 FF                      81 	.db #0xff	; 255
    0000001A 00                      82 	.db #0x00	; 0
    0000001B FF                      83 	.db #0xff	; 255
    0000001C 00                      84 	.db #0x00	; 0
    0000001D 00                      85 	.db #0x00	; 0
    0000001E FF                      86 	.db #0xff	; 255
    0000001F 00                      87 	.db #0x00	; 0
    00000020 00                      88 	.db #0x00	; 0
    00000021 FF                      89 	.db #0xff	; 255
    00000022 FF                      90 	.db #0xff	; 255
    00000023 FF                      91 	.db #0xff	; 255
    00000024 00                      92 	.db #0x00	; 0
    00000025 00                      93 	.db #0x00	; 0
    00000026 00                      94 	.db #0x00	; 0
    00000027 00                      95 	.db #0x00	; 0
    00000028 FE                      96 	.db #0xfe	; 254
    00000029 FE                      97 	.db #0xfe	; 254
    0000002A 17                      98 	.db #0x17	; 23
    0000002B FF                      99 	.db #0xff	; 255
    0000002C 15                     100 	.db #0x15	; 21
    0000002D 15                     101 	.db #0x15	; 21
    0000002E FF                     102 	.db #0xff	; 255
    0000002F 17                     103 	.db #0x17	; 23
    00000030 17                     104 	.db #0x17	; 23
    00000031 FF                     105 	.db #0xff	; 255
    00000032 FE                     106 	.db #0xfe	; 254
    00000033 FE                     107 	.db #0xfe	; 254
    00000034 00                     108 	.db #0x00	; 0
    00000035 00                     109 	.db #0x00	; 0
    00000036 00                     110 	.db #0x00	; 0
    00000037 00                     111 	.db #0x00	; 0
    00000038                        112 _paddle_metasprite0:
    00000038 FC                     113 	.db #0xfc	; -4
    00000039 F0                     114 	.db #0xf0	; -16
    0000003A 00                     115 	.db #0x00	; 0
    0000003B 00                     116 	.db #0x00	; 0
    0000003C 00                     117 	.db #0x00	;  0
    0000003D 08                     118 	.db #0x08	;  8
    0000003E 01                     119 	.db #0x01	; 1
    0000003F 00                     120 	.db #0x00	; 0
    00000040 00                     121 	.db #0x00	;  0
    00000041 08                     122 	.db #0x08	;  8
    00000042 01                     123 	.db #0x01	; 1
    00000043 00                     124 	.db #0x00	; 0
    00000044 00                     125 	.db #0x00	;  0
    00000045 08                     126 	.db #0x08	;  8
    00000046 02                     127 	.db #0x02	; 2
    00000047 00                     128 	.db #0x00	; 0
    00000048 80                     129 	.db #0x80	; -128
    00000049 00                     130 	.db #0x00	;  0
    0000004A 00                     131 	.db #0x00	; 0
    0000004B 00                     132 	.db #0x00	; 0
    0000004C                        133 _paddle_metasprites:
    0000004Cr38r00                  134 	.dw _paddle_metasprite0
                                    135 	.area _INITIALIZER
                                    136 	.area _CABS (ABS)
