                                      1 ;--------------------------------------------------------
                                      2 ; File Created by SDCC : free open source ISO C Compiler
                                      3 ; Version 4.5.1 #15267 (Linux)
                                      4 ;--------------------------------------------------------
                                      5 	.module Bricks
                                      6 	
                                      7 ;--------------------------------------------------------
                                      8 ; Public variables in this module
                                      9 ;--------------------------------------------------------
                                     10 	.globl _Bricks_map_attributes
                                     11 	.globl _Bricks_map
                                     12 	.globl _Bricks_tiles
                                     13 	.globl _Bricks_palettes
                                     14 	.globl b___func_Bricks
                                     15 	.globl ___func_Bricks
                                     16 ;--------------------------------------------------------
                                     17 ; special function registers
                                     18 ;--------------------------------------------------------
                                     19 	.area _HRAM
                                     20 ;--------------------------------------------------------
                                     21 ; ram data
                                     22 ;--------------------------------------------------------
                                     23 	.area _DATA
                                     24 ;--------------------------------------------------------
                                     25 ; ram data
                                     26 ;--------------------------------------------------------
                                     27 	.area _INITIALIZED
                                     28 ;--------------------------------------------------------
                                     29 ; absolute external ram data
                                     30 ;--------------------------------------------------------
                                     31 	.area _DABS (ABS)
                                     32 ;--------------------------------------------------------
                                     33 ; global & static initialisations
                                     34 ;--------------------------------------------------------
                                     35 	.area _HOME
                                     36 	.area _GSINIT
                                     37 	.area _GSFINAL
                                     38 	.area _GSINIT
                                     39 ;--------------------------------------------------------
                                     40 ; Home
                                     41 ;--------------------------------------------------------
                                     42 	.area _HOME
                                     43 	.area _HOME
                                     44 ;--------------------------------------------------------
                                     45 ; code
                                     46 ;--------------------------------------------------------
                                     47 	.area _CODE
                                     48 ;source/gen/graphics/Bricks.c:8: BANKREF(Bricks)
                                     49 ;	---------------------------------
                                     50 ; Function __func_Bricks
                                     51 ; ---------------------------------
                         00000000    52 	b___func_Bricks	= 0
    00000000                         53 ___func_Bricks::
                                     54 	.local b___func_Bricks 
                         00000000    55 	___bank_Bricks = b___func_Bricks 
                                     56 	.globl ___bank_Bricks 
                                     57 	.area _CODE
    00000000                         58 _Bricks_palettes:
    00000000 FF 7F                   59 	.dw #0x7fff
    00000002 B5 56                   60 	.dw #0x56b5
    00000004 8C 31                   61 	.dw #0x318c
    00000006 00 00                   62 	.dw #0x0000
    00000008                         63 _Bricks_tiles:
    00000008 00                      64 	.db #0x00	; 0
    00000009 00                      65 	.db #0x00	; 0
    0000000A 00                      66 	.db #0x00	; 0
    0000000B 00                      67 	.db #0x00	; 0
    0000000C 00                      68 	.db #0x00	; 0
    0000000D 00                      69 	.db #0x00	; 0
    0000000E 00                      70 	.db #0x00	; 0
    0000000F 00                      71 	.db #0x00	; 0
    00000010 00                      72 	.db #0x00	; 0
    00000011 00                      73 	.db #0x00	; 0
    00000012 00                      74 	.db #0x00	; 0
    00000013 00                      75 	.db #0x00	; 0
    00000014 00                      76 	.db #0x00	; 0
    00000015 00                      77 	.db #0x00	; 0
    00000016 00                      78 	.db #0x00	; 0
    00000017 00                      79 	.db #0x00	; 0
    00000018 FF                      80 	.db #0xff	; 255
    00000019 01                      81 	.db #0x01	; 1
    0000001A 81                      82 	.db #0x81	; 129
    0000001B 01                      83 	.db #0x01	; 1
    0000001C 81                      84 	.db #0x81	; 129
    0000001D 01                      85 	.db #0x01	; 1
    0000001E FF                      86 	.db #0xff	; 255
    0000001F FF                      87 	.db #0xff	; 255
    00000020 FF                      88 	.db #0xff	; 255
    00000021 01                      89 	.db #0x01	; 1
    00000022 81                      90 	.db #0x81	; 129
    00000023 01                      91 	.db #0x01	; 1
    00000024 81                      92 	.db #0x81	; 129
    00000025 01                      93 	.db #0x01	; 1
    00000026 FF                      94 	.db #0xff	; 255
    00000027 FF                      95 	.db #0xff	; 255
    00000028 FF                      96 	.db #0xff	; 255
    00000029 01                      97 	.db #0x01	; 1
    0000002A 81                      98 	.db #0x81	; 129
    0000002B 01                      99 	.db #0x01	; 1
    0000002C 81                     100 	.db #0x81	; 129
    0000002D 01                     101 	.db #0x01	; 1
    0000002E FF                     102 	.db #0xff	; 255
    0000002F FF                     103 	.db #0xff	; 255
    00000030 FF                     104 	.db #0xff	; 255
    00000031 01                     105 	.db #0x01	; 1
    00000032 FF                     106 	.db #0xff	; 255
    00000033 01                     107 	.db #0x01	; 1
    00000034 FF                     108 	.db #0xff	; 255
    00000035 01                     109 	.db #0x01	; 1
    00000036 FF                     110 	.db #0xff	; 255
    00000037 FF                     111 	.db #0xff	; 255
    00000038 FF                     112 	.db #0xff	; 255
    00000039 01                     113 	.db #0x01	; 1
    0000003A 81                     114 	.db #0x81	; 129
    0000003B 01                     115 	.db #0x01	; 1
    0000003C 81                     116 	.db #0x81	; 129
    0000003D 01                     117 	.db #0x01	; 1
    0000003E FF                     118 	.db #0xff	; 255
    0000003F FF                     119 	.db #0xff	; 255
    00000040 01                     120 	.db #0x01	; 1
    00000041 FF                     121 	.db #0xff	; 255
    00000042 01                     122 	.db #0x01	; 1
    00000043 FF                     123 	.db #0xff	; 255
    00000044 01                     124 	.db #0x01	; 1
    00000045 FF                     125 	.db #0xff	; 255
    00000046 FF                     126 	.db #0xff	; 255
    00000047 FF                     127 	.db #0xff	; 255
    00000048 FF                     128 	.db #0xff	; 255
    00000049 01                     129 	.db #0x01	; 1
    0000004A 81                     130 	.db #0x81	; 129
    0000004B 01                     131 	.db #0x01	; 1
    0000004C 81                     132 	.db #0x81	; 129
    0000004D 01                     133 	.db #0x01	; 1
    0000004E FF                     134 	.db #0xff	; 255
    0000004F FF                     135 	.db #0xff	; 255
    00000050 00                     136 	.db #0x00	; 0
    00000051 00                     137 	.db #0x00	; 0
    00000052 00                     138 	.db #0x00	; 0
    00000053 00                     139 	.db #0x00	; 0
    00000054 00                     140 	.db #0x00	; 0
    00000055 00                     141 	.db #0x00	; 0
    00000056 00                     142 	.db #0x00	; 0
    00000057 00                     143 	.db #0x00	; 0
    00000058 FF                     144 	.db #0xff	; 255
    00000059 01                     145 	.db #0x01	; 1
    0000005A FF                     146 	.db #0xff	; 255
    0000005B 01                     147 	.db #0x01	; 1
    0000005C FF                     148 	.db #0xff	; 255
    0000005D 01                     149 	.db #0x01	; 1
    0000005E FF                     150 	.db #0xff	; 255
    0000005F FF                     151 	.db #0xff	; 255
    00000060 FF                     152 	.db #0xff	; 255
    00000061 01                     153 	.db #0x01	; 1
    00000062 81                     154 	.db #0x81	; 129
    00000063 01                     155 	.db #0x01	; 1
    00000064 81                     156 	.db #0x81	; 129
    00000065 01                     157 	.db #0x01	; 1
    00000066 FF                     158 	.db #0xff	; 255
    00000067 FF                     159 	.db #0xff	; 255
    00000068 FF                     160 	.db #0xff	; 255
    00000069 01                     161 	.db #0x01	; 1
    0000006A FF                     162 	.db #0xff	; 255
    0000006B 01                     163 	.db #0x01	; 1
    0000006C FF                     164 	.db #0xff	; 255
    0000006D 01                     165 	.db #0x01	; 1
    0000006E FF                     166 	.db #0xff	; 255
    0000006F FF                     167 	.db #0xff	; 255
    00000070 FF                     168 	.db #0xff	; 255
    00000071 01                     169 	.db #0x01	; 1
    00000072 FF                     170 	.db #0xff	; 255
    00000073 01                     171 	.db #0x01	; 1
    00000074 FF                     172 	.db #0xff	; 255
    00000075 01                     173 	.db #0x01	; 1
    00000076 FF                     174 	.db #0xff	; 255
    00000077 FF                     175 	.db #0xff	; 255
    00000078 FF                     176 	.db #0xff	; 255
    00000079 01                     177 	.db #0x01	; 1
    0000007A FF                     178 	.db #0xff	; 255
    0000007B 01                     179 	.db #0x01	; 1
    0000007C FF                     180 	.db #0xff	; 255
    0000007D 01                     181 	.db #0x01	; 1
    0000007E FF                     182 	.db #0xff	; 255
    0000007F FF                     183 	.db #0xff	; 255
    00000080 01                     184 	.db #0x01	; 1
    00000081 FF                     185 	.db #0xff	; 255
    00000082 01                     186 	.db #0x01	; 1
    00000083 FF                     187 	.db #0xff	; 255
    00000084 01                     188 	.db #0x01	; 1
    00000085 FF                     189 	.db #0xff	; 255
    00000086 FF                     190 	.db #0xff	; 255
    00000087 FF                     191 	.db #0xff	; 255
    00000088 FF                     192 	.db #0xff	; 255
    00000089 01                     193 	.db #0x01	; 1
    0000008A FF                     194 	.db #0xff	; 255
    0000008B 01                     195 	.db #0x01	; 1
    0000008C FF                     196 	.db #0xff	; 255
    0000008D 01                     197 	.db #0x01	; 1
    0000008E FF                     198 	.db #0xff	; 255
    0000008F FF                     199 	.db #0xff	; 255
    00000090 00                     200 	.db #0x00	; 0
    00000091 00                     201 	.db #0x00	; 0
    00000092 00                     202 	.db #0x00	; 0
    00000093 00                     203 	.db #0x00	; 0
    00000094 00                     204 	.db #0x00	; 0
    00000095 00                     205 	.db #0x00	; 0
    00000096 00                     206 	.db #0x00	; 0
    00000097 00                     207 	.db #0x00	; 0
    00000098 01                     208 	.db #0x01	; 1
    00000099 FF                     209 	.db #0xff	; 255
    0000009A 01                     210 	.db #0x01	; 1
    0000009B FF                     211 	.db #0xff	; 255
    0000009C 01                     212 	.db #0x01	; 1
    0000009D FF                     213 	.db #0xff	; 255
    0000009E FF                     214 	.db #0xff	; 255
    0000009F FF                     215 	.db #0xff	; 255
    000000A0 FF                     216 	.db #0xff	; 255
    000000A1 01                     217 	.db #0x01	; 1
    000000A2 81                     218 	.db #0x81	; 129
    000000A3 01                     219 	.db #0x01	; 1
    000000A4 81                     220 	.db #0x81	; 129
    000000A5 01                     221 	.db #0x01	; 1
    000000A6 FF                     222 	.db #0xff	; 255
    000000A7 FF                     223 	.db #0xff	; 255
    000000A8 01                     224 	.db #0x01	; 1
    000000A9 FF                     225 	.db #0xff	; 255
    000000AA 01                     226 	.db #0x01	; 1
    000000AB FF                     227 	.db #0xff	; 255
    000000AC 01                     228 	.db #0x01	; 1
    000000AD FF                     229 	.db #0xff	; 255
    000000AE FF                     230 	.db #0xff	; 255
    000000AF FF                     231 	.db #0xff	; 255
    000000B0 FF                     232 	.db #0xff	; 255
    000000B1 01                     233 	.db #0x01	; 1
    000000B2 FF                     234 	.db #0xff	; 255
    000000B3 01                     235 	.db #0x01	; 1
    000000B4 FF                     236 	.db #0xff	; 255
    000000B5 01                     237 	.db #0x01	; 1
    000000B6 FF                     238 	.db #0xff	; 255
    000000B7 FF                     239 	.db #0xff	; 255
    000000B8 01                     240 	.db #0x01	; 1
    000000B9 FF                     241 	.db #0xff	; 255
    000000BA 01                     242 	.db #0x01	; 1
    000000BB FF                     243 	.db #0xff	; 255
    000000BC 01                     244 	.db #0x01	; 1
    000000BD FF                     245 	.db #0xff	; 255
    000000BE FF                     246 	.db #0xff	; 255
    000000BF FF                     247 	.db #0xff	; 255
    000000C0 01                     248 	.db #0x01	; 1
    000000C1 FF                     249 	.db #0xff	; 255
    000000C2 01                     250 	.db #0x01	; 1
    000000C3 FF                     251 	.db #0xff	; 255
    000000C4 01                     252 	.db #0x01	; 1
    000000C5 FF                     253 	.db #0xff	; 255
    000000C6 FF                     254 	.db #0xff	; 255
    000000C7 FF                     255 	.db #0xff	; 255
    000000C8 01                     256 	.db #0x01	; 1
    000000C9 FF                     257 	.db #0xff	; 255
    000000CA 01                     258 	.db #0x01	; 1
    000000CB FF                     259 	.db #0xff	; 255
    000000CC 01                     260 	.db #0x01	; 1
    000000CD FF                     261 	.db #0xff	; 255
    000000CE FF                     262 	.db #0xff	; 255
    000000CF FF                     263 	.db #0xff	; 255
    000000D0 00                     264 	.db #0x00	; 0
    000000D1 00                     265 	.db #0x00	; 0
    000000D2 00                     266 	.db #0x00	; 0
    000000D3 00                     267 	.db #0x00	; 0
    000000D4 00                     268 	.db #0x00	; 0
    000000D5 00                     269 	.db #0x00	; 0
    000000D6 00                     270 	.db #0x00	; 0
    000000D7 00                     271 	.db #0x00	; 0
    000000D8 00                     272 	.db #0x00	; 0
    000000D9 00                     273 	.db #0x00	; 0
    000000DA 00                     274 	.db #0x00	; 0
    000000DB 00                     275 	.db #0x00	; 0
    000000DC 00                     276 	.db #0x00	; 0
    000000DD 00                     277 	.db #0x00	; 0
    000000DE 00                     278 	.db #0x00	; 0
    000000DF 00                     279 	.db #0x00	; 0
    000000E0 FF                     280 	.db #0xff	; 255
    000000E1 01                     281 	.db #0x01	; 1
    000000E2 81                     282 	.db #0x81	; 129
    000000E3 01                     283 	.db #0x01	; 1
    000000E4 81                     284 	.db #0x81	; 129
    000000E5 01                     285 	.db #0x01	; 1
    000000E6 FF                     286 	.db #0xff	; 255
    000000E7 FF                     287 	.db #0xff	; 255
    000000E8 00                     288 	.db #0x00	; 0
    000000E9 00                     289 	.db #0x00	; 0
    000000EA 00                     290 	.db #0x00	; 0
    000000EB 00                     291 	.db #0x00	; 0
    000000EC 00                     292 	.db #0x00	; 0
    000000ED 00                     293 	.db #0x00	; 0
    000000EE 00                     294 	.db #0x00	; 0
    000000EF 00                     295 	.db #0x00	; 0
    000000F0 FF                     296 	.db #0xff	; 255
    000000F1 01                     297 	.db #0x01	; 1
    000000F2 FF                     298 	.db #0xff	; 255
    000000F3 01                     299 	.db #0x01	; 1
    000000F4 FF                     300 	.db #0xff	; 255
    000000F5 01                     301 	.db #0x01	; 1
    000000F6 FF                     302 	.db #0xff	; 255
    000000F7 FF                     303 	.db #0xff	; 255
    000000F8 00                     304 	.db #0x00	; 0
    000000F9 00                     305 	.db #0x00	; 0
    000000FA 00                     306 	.db #0x00	; 0
    000000FB 00                     307 	.db #0x00	; 0
    000000FC 00                     308 	.db #0x00	; 0
    000000FD 00                     309 	.db #0x00	; 0
    000000FE 00                     310 	.db #0x00	; 0
    000000FF 00                     311 	.db #0x00	; 0
    00000100 01                     312 	.db #0x01	; 1
    00000101 FF                     313 	.db #0xff	; 255
    00000102 01                     314 	.db #0x01	; 1
    00000103 FF                     315 	.db #0xff	; 255
    00000104 01                     316 	.db #0x01	; 1
    00000105 FF                     317 	.db #0xff	; 255
    00000106 FF                     318 	.db #0xff	; 255
    00000107 FF                     319 	.db #0xff	; 255
    00000108 01                     320 	.db #0x01	; 1
    00000109 FF                     321 	.db #0xff	; 255
    0000010A 3D                     322 	.db #0x3d	; 61
    0000010B 83                     323 	.db #0x83	; 131
    0000010C 19                     324 	.db #0x19	; 25
    0000010D 87                     325 	.db #0x87	; 135
    0000010E 01                     326 	.db #0x01	; 1
    0000010F 8F                     327 	.db #0x8f	; 143
    00000110 19                     328 	.db #0x19	; 25
    00000111 9F                     329 	.db #0x9f	; 159
    00000112 3D                     330 	.db #0x3d	; 61
    00000113 BF                     331 	.db #0xbf	; 191
    00000114 7F                     332 	.db #0x7f	; 127
    00000115 FF                     333 	.db #0xff	; 255
    00000116 FF                     334 	.db #0xff	; 255
    00000117 FF                     335 	.db #0xff	; 255
    00000118                        336 _Bricks_map:
    00000118 00                     337 	.db #0x00	; 0
    00000119 00                     338 	.db #0x00	; 0
    0000011A 00                     339 	.db #0x00	; 0
    0000011B 00                     340 	.db #0x00	; 0
    0000011C 01                     341 	.db #0x01	; 1
    0000011D 02                     342 	.db #0x02	; 2
    0000011E 03                     343 	.db #0x03	; 3
    0000011F 04                     344 	.db #0x04	; 4
    00000120 05                     345 	.db #0x05	; 5
    00000121 06                     346 	.db #0x06	; 6
    00000122 07                     347 	.db #0x07	; 7
    00000123 08                     348 	.db #0x08	; 8
    00000124 09                     349 	.db #0x09	; 9
    00000125 0A                     350 	.db #0x0a	; 10
    00000126 0B                     351 	.db #0x0b	; 11
    00000127 0C                     352 	.db #0x0c	; 12
    00000128 0D                     353 	.db #0x0d	; 13
    00000129 0E                     354 	.db #0x0e	; 14
    0000012A 0F                     355 	.db #0x0f	; 15
    0000012B 10                     356 	.db #0x10	; 16
    0000012C                        357 _Bricks_map_attributes:
    0000012C 00                     358 	.db #0x00	; 0
    0000012D 00                     359 	.db #0x00	; 0
    0000012E 00                     360 	.db #0x00	; 0
    0000012F 00                     361 	.db #0x00	; 0
    00000130 00                     362 	.db #0x00	; 0
    00000131 00                     363 	.db #0x00	; 0
    00000132 00                     364 	.db #0x00	; 0
    00000133 00                     365 	.db #0x00	; 0
    00000134 00                     366 	.db #0x00	; 0
    00000135 00                     367 	.db #0x00	; 0
    00000136 00                     368 	.db #0x00	; 0
    00000137 00                     369 	.db #0x00	; 0
    00000138 00                     370 	.db #0x00	; 0
    00000139 00                     371 	.db #0x00	; 0
    0000013A 00                     372 	.db #0x00	; 0
    0000013B 00                     373 	.db #0x00	; 0
    0000013C 00                     374 	.db #0x00	; 0
    0000013D 00                     375 	.db #0x00	; 0
    0000013E 00                     376 	.db #0x00	; 0
    0000013F 00                     377 	.db #0x00	; 0
                                    378 	.area _INITIALIZER
                                    379 	.area _CABS (ABS)
