                                      1 ;--------------------------------------------------------
                                      2 ; File Created by SDCC : free open source ISO C Compiler
                                      3 ; Version 4.5.1 #15267 (Linux)
                                      4 ;--------------------------------------------------------
                                      5 	.module paddle
                                      6 	
                                      7 ;--------------------------------------------------------
                                      8 ; Public variables in this module
                                      9 ;--------------------------------------------------------
                                     10 	.globl _UpdatePaddle
                                     11 	.globl _ResetPaddle
                                     12 ;--------------------------------------------------------
                                     13 ; special function registers
                                     14 ;--------------------------------------------------------
                                     15 	.area _HRAM
                                     16 ;--------------------------------------------------------
                                     17 ; ram data
                                     18 ;--------------------------------------------------------
                                     19 	.area _DATA
                                     20 ;--------------------------------------------------------
                                     21 ; ram data
                                     22 ;--------------------------------------------------------
                                     23 	.area _INITIALIZED
                                     24 ;--------------------------------------------------------
                                     25 ; absolute external ram data
                                     26 ;--------------------------------------------------------
                                     27 	.area _DABS (ABS)
                                     28 ;--------------------------------------------------------
                                     29 ; global & static initialisations
                                     30 ;--------------------------------------------------------
                                     31 	.area _HOME
                                     32 	.area _GSINIT
                                     33 	.area _GSFINAL
                                     34 	.area _GSINIT
                                     35 ;--------------------------------------------------------
                                     36 ; Home
                                     37 ;--------------------------------------------------------
                                     38 	.area _HOME
                                     39 	.area _HOME
                                     40 ;--------------------------------------------------------
                                     41 ; code
                                     42 ;--------------------------------------------------------
                                     43 	.area _CODE
                                     44 ;source/default/paddle.c:5: void ResetPaddle(){
                                     45 ;	---------------------------------
                                     46 ; Function ResetPaddle
                                     47 ; ---------------------------------
    00000000                         48 _ResetPaddle::
                                     49 ;source/default/paddle.c:8: paddleX=80<<4;
    00000000 21r00r00         [12]   50 	ld	hl, #_paddleX
    00000003 AF               [ 4]   51 	xor	a, a
    00000004 22               [ 8]   52 	ld	(hl+), a
    00000005 36 05            [12]   53 	ld	(hl), #0x05
                                     54 ;source/default/paddle.c:9: paddleY=130<<4;
    00000007 21r00r00         [12]   55 	ld	hl, #_paddleY
    0000000A 3E 20            [ 8]   56 	ld	a, #0x20
    0000000C 22               [ 8]   57 	ld	(hl+), a
    0000000D 36 08            [12]   58 	ld	(hl), #0x08
                                     59 ;source/default/paddle.c:10: paddleXSpeed=0;
    0000000F AF               [ 4]   60 	xor	a, a
    00000010 21r00r00         [12]   61 	ld	hl, #_paddleXSpeed
    00000013 22               [ 8]   62 	ld	(hl+), a
    00000014 77               [ 8]   63 	ld	(hl), a
                                     64 ;source/default/paddle.c:12: }
    00000015 C9               [16]   65 	ret
                                     66 ;source/default/paddle.c:13: uint8_t UpdatePaddle(){
                                     67 ;	---------------------------------
                                     68 ; Function UpdatePaddle
                                     69 ; ---------------------------------
    00000016                         70 _UpdatePaddle::
    00000016 E8 F4            [16]   71 	add	sp, #-12
                                     72 ;source/default/paddle.c:15: if(joypadCurrent & J_LEFT){
    00000018 FAr00r00         [16]   73 	ld	a, (_joypadCurrent)
    0000001B CB 4F            [ 8]   74 	bit	1, a
    0000001D 28 0A            [12]   75 	jr	Z, 00111$
                                     76 ;source/default/paddle.c:16: paddleXSpeed=-600;
    0000001F 21r00r00         [12]   77 	ld	hl, #_paddleXSpeed
    00000022 3E A8            [ 8]   78 	ld	a, #0xa8
    00000024 22               [ 8]   79 	ld	(hl+), a
    00000025 36 FD            [12]   80 	ld	(hl), #0xfd
    00000027 18 71            [12]   81 	jr	00112$
    00000029                         82 00111$:
                                     83 ;source/default/paddle.c:18: }else if(joypadCurrent & J_RIGHT){
    00000029 0F               [ 4]   84 	rrca
    0000002A 30 0A            [12]   85 	jr	NC, 00108$
                                     86 ;source/default/paddle.c:19: paddleXSpeed=600;
    0000002C 21r00r00         [12]   87 	ld	hl, #_paddleXSpeed
    0000002F 3E 58            [ 8]   88 	ld	a, #0x58
    00000031 22               [ 8]   89 	ld	(hl+), a
    00000032 36 02            [12]   90 	ld	(hl), #0x02
    00000034 18 64            [12]   91 	jr	00112$
    00000036                         92 00108$:
                                     93 ;source/default/paddle.c:24: if(paddleXSpeed>30)paddleXSpeed-=30;
    00000036 FAr00r00         [16]   94 	ld	a, (_paddleXSpeed)
    00000039 4F               [ 4]   95 	ld	c, a
    0000003A 21r01r00         [12]   96 	ld	hl, #_paddleXSpeed + 1
    0000003D 46               [ 8]   97 	ld	b, (hl)
    0000003E 58               [ 4]   98 	ld	e, b
    0000003F 16 00            [ 8]   99 	ld	d, #0x00
    00000041 3E 1E            [ 8]  100 	ld	a, #0x1e
    00000043 B9               [ 4]  101 	cp	a, c
    00000044 3E 00            [ 8]  102 	ld	a, #0x00
    00000046 98               [ 4]  103 	sbc	a, b
    00000047 CB 7B            [ 8]  104 	bit	7, e
    00000049 28 07            [12]  105 	jr	Z, 00258$
    0000004B CB 7A            [ 8]  106 	bit	7, d
    0000004D 20 08            [12]  107 	jr	NZ, 00259$
    0000004F BF               [ 4]  108 	cp	a, a
    00000050 18 05            [12]  109 	jr	00259$
    00000052                        110 00258$:
    00000052 CB 7A            [ 8]  111 	bit	7, d
    00000054 28 01            [12]  112 	jr	Z, 00259$
    00000056 37               [ 4]  113 	scf
    00000057                        114 00259$:
    00000057 30 0F            [12]  115 	jr	NC, 00105$
    00000059 79               [ 4]  116 	ld	a, c
    0000005A C6 E2            [ 8]  117 	add	a, #0xe2
    0000005C 4F               [ 4]  118 	ld	c, a
    0000005D 78               [ 4]  119 	ld	a, b
    0000005E CE FF            [ 8]  120 	adc	a, #0xff
    00000060 21r00r00         [12]  121 	ld	hl, #_paddleXSpeed
    00000063 71               [ 8]  122 	ld	(hl), c
    00000064 23               [ 8]  123 	inc	hl
    00000065 77               [ 8]  124 	ld	(hl), a
    00000066 18 32            [12]  125 	jr	00112$
    00000068                        126 00105$:
                                    127 ;source/default/paddle.c:25: else if(paddleXSpeed<-30)paddleXSpeed+=30;
    00000068 21r00r00         [12]  128 	ld	hl, #_paddleXSpeed
    0000006B 2A               [ 8]  129 	ld	a, (hl+)
    0000006C D6 E2            [ 8]  130 	sub	a, #0xe2
    0000006E 7E               [ 8]  131 	ld	a, (hl)
    0000006F DE FF            [ 8]  132 	sbc	a, #0xff
    00000071 56               [ 8]  133 	ld	d, (hl)
    00000072 3E FF            [ 8]  134 	ld	a, #0xff
    00000074 CB 7F            [ 8]  135 	bit	7,a
    00000076 28 07            [12]  136 	jr	Z, 00260$
    00000078 CB 7A            [ 8]  137 	bit	7, d
    0000007A 20 08            [12]  138 	jr	NZ, 00261$
    0000007C BF               [ 4]  139 	cp	a, a
    0000007D 18 05            [12]  140 	jr	00261$
    0000007F                        141 00260$:
    0000007F CB 7A            [ 8]  142 	bit	7, d
    00000081 28 01            [12]  143 	jr	Z, 00261$
    00000083 37               [ 4]  144 	scf
    00000084                        145 00261$:
    00000084 30 0E            [12]  146 	jr	NC, 00102$
    00000086 21 1E 00         [12]  147 	ld	hl, #0x001e
    00000089 09               [ 8]  148 	add	hl, bc
    0000008A 4D               [ 4]  149 	ld	c, l
    0000008B 7C               [ 4]  150 	ld	a, h
    0000008C 21r00r00         [12]  151 	ld	hl, #_paddleXSpeed
    0000008F 71               [ 8]  152 	ld	(hl), c
    00000090 23               [ 8]  153 	inc	hl
    00000091 77               [ 8]  154 	ld	(hl), a
    00000092 18 06            [12]  155 	jr	00112$
    00000094                        156 00102$:
                                    157 ;source/default/paddle.c:26: else paddleXSpeed=0;
    00000094 AF               [ 4]  158 	xor	a, a
    00000095 21r00r00         [12]  159 	ld	hl, #_paddleXSpeed
    00000098 22               [ 8]  160 	ld	(hl+), a
    00000099 77               [ 8]  161 	ld	(hl), a
    0000009A                        162 00112$:
                                    163 ;source/default/paddle.c:29: paddleX=CLAMP(paddleX+(paddleXSpeed>>4),LEFT_PADDLE_LIMIT,RIGHT_PADDLE_LIMIT);
    0000009A 21r00r00         [12]  164 	ld	hl, #_paddleXSpeed
    0000009D 2A               [ 8]  165 	ld	a, (hl+)
    0000009E 4F               [ 4]  166 	ld	c, a
    0000009F 46               [ 8]  167 	ld	b, (hl)
    000000A0 CB 28            [ 8]  168 	sra	b
    000000A2 CB 19            [ 8]  169 	rr	c
    000000A4 CB 28            [ 8]  170 	sra	b
    000000A6 CB 19            [ 8]  171 	rr	c
    000000A8 CB 28            [ 8]  172 	sra	b
    000000AA CB 19            [ 8]  173 	rr	c
    000000AC CB 28            [ 8]  174 	sra	b
    000000AE CB 19            [ 8]  175 	rr	c
    000000B0 79               [ 4]  176 	ld	a, c
    000000B1 21r00r00         [12]  177 	ld	hl, #_paddleX
    000000B4 86               [ 8]  178 	add	a, (hl)
    000000B5 23               [ 8]  179 	inc	hl
    000000B6 4F               [ 4]  180 	ld	c, a
    000000B7 78               [ 4]  181 	ld	a, b
    000000B8 8E               [ 8]  182 	adc	a, (hl)
    000000B9 47               [ 4]  183 	ld	b, a
    000000BA 3E 80            [ 8]  184 	ld	a, #0x80
    000000BC B9               [ 4]  185 	cp	a, c
    000000BD 3E 01            [ 8]  186 	ld	a, #0x01
    000000BF 98               [ 4]  187 	sbc	a, b
    000000C0 3E 00            [ 8]  188 	ld	a, #0x00
    000000C2 17               [ 4]  189 	rla
    000000C3 5F               [ 4]  190 	ld	e, a
    000000C4 B7               [ 4]  191 	or	a, a
    000000C5 28 04            [12]  192 	jr	Z, 00123$
    000000C7 69               [ 4]  193 	ld	l, c
    000000C8 60               [ 4]  194 	ld	h, b
    000000C9 18 03            [12]  195 	jr	00124$
    000000CB                        196 00123$:
    000000CB 21 80 01         [12]  197 	ld	hl, #0x0180
    000000CE                        198 00124$:
    000000CE 7D               [ 4]  199 	ld	a, l
    000000CF D6 80            [ 8]  200 	sub	a, #0x80
    000000D1 7C               [ 4]  201 	ld	a, h
    000000D2 DE 06            [ 8]  202 	sbc	a, #0x06
    000000D4 30 09            [12]  203 	jr	NC, 00121$
    000000D6 7B               [ 4]  204 	ld	a, e
    000000D7 B7               [ 4]  205 	or	a, a
    000000D8 20 08            [12]  206 	jr	NZ, 00122$
    000000DA 01 80 01         [12]  207 	ld	bc, #0x0180
    000000DD 18 03            [12]  208 	jr	00122$
    000000DF                        209 00121$:
    000000DF 01 80 06         [12]  210 	ld	bc, #0x0680
    000000E2                        211 00122$:
    000000E2 21r00r00         [12]  212 	ld	hl, #_paddleX
    000000E5 79               [ 4]  213 	ld	a, c
    000000E6 22               [ 8]  214 	ld	(hl+), a
                                    215 ;source/default/paddle.c:33: if(paddleX>=RIGHT_PADDLE_LIMIT){
    000000E7 78               [ 4]  216 	ld	a, b
    000000E8 32               [ 8]  217 	ld	(hl-), a
    000000E9 7E               [ 8]  218 	ld	a, (hl)
    000000EA F8 0A            [12]  219 	ldhl	sp,	#10
    000000EC 77               [ 8]  220 	ld	(hl), a
    000000ED FAr01r00         [16]  221 	ld	a, (#_paddleX + 1)
    000000F0 F8 0B            [12]  222 	ldhl	sp,	#11
    000000F2 77               [ 8]  223 	ld	(hl), a
                                    224 ;source/default/paddle.c:24: if(paddleXSpeed>30)paddleXSpeed-=30;
    000000F3 FAr00r00         [16]  225 	ld	a, (#_paddleXSpeed)
    000000F6 F8 00            [12]  226 	ldhl	sp,	#0
    000000F8 77               [ 8]  227 	ld	(hl), a
    000000F9 FAr01r00         [16]  228 	ld	a, (#_paddleXSpeed + 1)
    000000FC F8 01            [12]  229 	ldhl	sp,	#1
    000000FE 77               [ 8]  230 	ld	(hl), a
                                    231 ;source/default/paddle.c:35: paddleXSpeed=-ABS((paddleXSpeed)/4)*2;
    000000FF D1               [12]  232 	pop	de
    00000100 D5               [16]  233 	push	de
    00000101 21 03 00         [12]  234 	ld	hl, #0x0003
    00000104 19               [ 8]  235 	add	hl, de
    00000105 E5               [16]  236 	push	hl
    00000106 7D               [ 4]  237 	ld	a, l
    00000107 F8 04            [12]  238 	ldhl	sp,	#4
    00000109 77               [ 8]  239 	ld	(hl), a
    0000010A E1               [12]  240 	pop	hl
    0000010B 7C               [ 4]  241 	ld	a, h
    0000010C F8 03            [12]  242 	ldhl	sp,	#3
    0000010E 77               [ 8]  243 	ld	(hl), a
    0000010F AF               [ 4]  244 	xor	a, a
    00000110 21r00r00         [12]  245 	ld	hl, #_paddleXSpeed
    00000113 96               [ 8]  246 	sub	a, (hl)
    00000114 23               [ 8]  247 	inc	hl
    00000115 4F               [ 4]  248 	ld	c, a
    00000116 9F               [ 4]  249 	sbc	a, a
    00000117 96               [ 8]  250 	sub	a, (hl)
    00000118 47               [ 4]  251 	ld	b, a
    00000119 F8 01            [12]  252 	ldhl	sp,	#1
    0000011B 7E               [ 8]  253 	ld	a, (hl)
    0000011C 07               [ 4]  254 	rlca
    0000011D E6 01            [ 8]  255 	and	a,#0x01
    0000011F F8 04            [12]  256 	ldhl	sp,	#4
    00000121 22               [ 8]  257 	ld	(hl+), a
    00000122 79               [ 4]  258 	ld	a, c
    00000123 22               [ 8]  259 	ld	(hl+), a
    00000124 70               [ 8]  260 	ld	(hl), b
    00000125 2A               [ 8]  261 	ld	a, (hl+)
    00000126 07               [ 4]  262 	rlca
    00000127 E6 01            [ 8]  263 	and	a,#0x01
    00000129 32               [ 8]  264 	ld	(hl-), a
    0000012A 2B               [ 8]  265 	dec	hl
    0000012B 2A               [ 8]  266 	ld	a, (hl+)
    0000012C 5F               [ 4]  267 	ld	e, a
    0000012D 56               [ 8]  268 	ld	d, (hl)
    0000012E 21 03 00         [12]  269 	ld	hl, #0x0003
    00000131 19               [ 8]  270 	add	hl, de
    00000132 E5               [16]  271 	push	hl
    00000133 7D               [ 4]  272 	ld	a, l
    00000134 F8 0A            [12]  273 	ldhl	sp,	#10
    00000136 77               [ 8]  274 	ld	(hl), a
    00000137 E1               [12]  275 	pop	hl
    00000138 7C               [ 4]  276 	ld	a, h
    00000139 F8 09            [12]  277 	ldhl	sp,	#9
                                    278 ;source/default/paddle.c:33: if(paddleX>=RIGHT_PADDLE_LIMIT){
    0000013B 22               [ 8]  279 	ld	(hl+), a
    0000013C 2A               [ 8]  280 	ld	a, (hl+)
    0000013D D6 80            [ 8]  281 	sub	a, #0x80
    0000013F 7E               [ 8]  282 	ld	a, (hl)
    00000140 DE 06            [ 8]  283 	sbc	a, #0x06
    00000142 DArCAr01         [16]  284 	jp	C, 00116$
                                    285 ;source/default/paddle.c:34: paddleX=RIGHT_PADDLE_LIMIT;
    00000145 21r00r00         [12]  286 	ld	hl, #_paddleX
    00000148 3E 80            [ 8]  287 	ld	a, #0x80
    0000014A 22               [ 8]  288 	ld	(hl+), a
    0000014B 36 06            [12]  289 	ld	(hl), #0x06
                                    290 ;source/default/paddle.c:35: paddleXSpeed=-ABS((paddleXSpeed)/4)*2;
    0000014D F8 00            [12]  291 	ldhl	sp,	#0
    0000014F 7E               [ 8]  292 	ld	a, (hl)
    00000150 F8 0A            [12]  293 	ldhl	sp,	#10
    00000152 77               [ 8]  294 	ld	(hl), a
    00000153 F8 01            [12]  295 	ldhl	sp,	#1
    00000155 7E               [ 8]  296 	ld	a, (hl)
    00000156 F8 0B            [12]  297 	ldhl	sp,	#11
    00000158 77               [ 8]  298 	ld	(hl), a
    00000159 F8 04            [12]  299 	ldhl	sp,	#4
    0000015B 7E               [ 8]  300 	ld	a, (hl)
    0000015C B7               [ 4]  301 	or	a, a
    0000015D 28 0C            [12]  302 	jr	Z, 00129$
    0000015F 2B               [ 8]  303 	dec	hl
    00000160 2B               [ 8]  304 	dec	hl
    00000161 7E               [ 8]  305 	ld	a, (hl)
    00000162 F8 0A            [12]  306 	ldhl	sp,	#10
    00000164 77               [ 8]  307 	ld	(hl), a
    00000165 F8 03            [12]  308 	ldhl	sp,	#3
    00000167 7E               [ 8]  309 	ld	a, (hl)
    00000168 F8 0B            [12]  310 	ldhl	sp,	#11
    0000016A 77               [ 8]  311 	ld	(hl), a
    0000016B                        312 00129$:
    0000016B F8 0A            [12]  313 	ldhl	sp,#10
    0000016D 2A               [ 8]  314 	ld	a, (hl+)
    0000016E 46               [ 8]  315 	ld	b, (hl)
    0000016F CB 28            [ 8]  316 	sra	b
    00000171 CB 28            [ 8]  317 	sra	b
    00000173 CB 78            [ 8]  318 	bit	7, b
    00000175 28 18            [12]  319 	jr	Z, 00127$
    00000177 F8 05            [12]  320 	ldhl	sp,	#5
    00000179 2A               [ 8]  321 	ld	a, (hl+)
    0000017A 5F               [ 4]  322 	ld	e, a
    0000017B 2A               [ 8]  323 	ld	a, (hl+)
    0000017C 57               [ 4]  324 	ld	d, a
    0000017D 7E               [ 8]  325 	ld	a, (hl)
    0000017E B7               [ 4]  326 	or	a, a
    0000017F 28 04            [12]  327 	jr	Z, 00130$
    00000181 23               [ 8]  328 	inc	hl
    00000182 2A               [ 8]  329 	ld	a, (hl+)
    00000183 5F               [ 4]  330 	ld	e, a
    00000184 56               [ 8]  331 	ld	d, (hl)
    00000185                        332 00130$:
    00000185 CB 2A            [ 8]  333 	sra	d
    00000187 CB 1B            [ 8]  334 	rr	e
    00000189 CB 2A            [ 8]  335 	sra	d
    0000018B CB 1B            [ 8]  336 	rr	e
    0000018D 18 2B            [12]  337 	jr	00128$
    0000018F                        338 00127$:
    0000018F F8 00            [12]  339 	ldhl	sp,	#0
    00000191 7E               [ 8]  340 	ld	a, (hl)
    00000192 F8 0A            [12]  341 	ldhl	sp,	#10
    00000194 77               [ 8]  342 	ld	(hl), a
    00000195 F8 01            [12]  343 	ldhl	sp,	#1
    00000197 7E               [ 8]  344 	ld	a, (hl)
    00000198 F8 0B            [12]  345 	ldhl	sp,	#11
    0000019A 77               [ 8]  346 	ld	(hl), a
    0000019B F8 04            [12]  347 	ldhl	sp,	#4
    0000019D 7E               [ 8]  348 	ld	a, (hl)
    0000019E B7               [ 4]  349 	or	a, a
    0000019F 28 0C            [12]  350 	jr	Z, 00131$
    000001A1 2B               [ 8]  351 	dec	hl
    000001A2 2B               [ 8]  352 	dec	hl
    000001A3 7E               [ 8]  353 	ld	a, (hl)
    000001A4 F8 0A            [12]  354 	ldhl	sp,	#10
    000001A6 77               [ 8]  355 	ld	(hl), a
    000001A7 F8 03            [12]  356 	ldhl	sp,	#3
    000001A9 7E               [ 8]  357 	ld	a, (hl)
    000001AA F8 0B            [12]  358 	ldhl	sp,	#11
    000001AC 77               [ 8]  359 	ld	(hl), a
    000001AD                        360 00131$:
    000001AD F8 0A            [12]  361 	ldhl	sp,#10
    000001AF 2A               [ 8]  362 	ld	a, (hl+)
    000001B0 5F               [ 4]  363 	ld	e, a
    000001B1 56               [ 8]  364 	ld	d, (hl)
    000001B2 CB 2A            [ 8]  365 	sra	d
    000001B4 CB 1B            [ 8]  366 	rr	e
    000001B6 CB 2A            [ 8]  367 	sra	d
    000001B8 CB 1B            [ 8]  368 	rr	e
    000001BA                        369 00128$:
    000001BA AF               [ 4]  370 	xor	a, a
    000001BB 93               [ 4]  371 	sub	a, e
    000001BC 6F               [ 4]  372 	ld	l, a
    000001BD 9F               [ 4]  373 	sbc	a, a
    000001BE 92               [ 4]  374 	sub	a, d
    000001BF 67               [ 4]  375 	ld	h, a
    000001C0 29               [ 8]  376 	add	hl, hl
    000001C1 7D               [ 4]  377 	ld	a, l
    000001C2 4C               [ 4]  378 	ld	c, h
    000001C3 21r00r00         [12]  379 	ld	hl, #_paddleXSpeed
    000001C6 22               [ 8]  380 	ld	(hl+), a
    000001C7 71               [ 8]  381 	ld	(hl), c
    000001C8 18 5D            [12]  382 	jr	00117$
    000001CA                        383 00116$:
                                    384 ;source/default/paddle.c:38: else if(paddleX<=LEFT_PADDLE_LIMIT){
    000001CA F8 0A            [12]  385 	ldhl	sp,	#10
    000001CC 3E 80            [ 8]  386 	ld	a, #0x80
    000001CE 96               [ 8]  387 	sub	a, (hl)
    000001CF 23               [ 8]  388 	inc	hl
    000001D0 3E 01            [ 8]  389 	ld	a, #0x01
    000001D2 9E               [ 8]  390 	sbc	a, (hl)
    000001D3 38 52            [12]  391 	jr	C, 00117$
                                    392 ;source/default/paddle.c:39: paddleX=LEFT_PADDLE_LIMIT;
    000001D5 21r00r00         [12]  393 	ld	hl, #_paddleX
    000001D8 3E 80            [ 8]  394 	ld	a, #0x80
    000001DA 22               [ 8]  395 	ld	(hl+), a
    000001DB 36 01            [12]  396 	ld	(hl), #0x01
                                    397 ;source/default/paddle.c:40: paddleXSpeed=ABS((paddleXSpeed)/4)*2;
    000001DD C1               [12]  398 	pop	bc
    000001DE C5               [16]  399 	push	bc
    000001DF F8 04            [12]  400 	ldhl	sp,	#4
    000001E1 7E               [ 8]  401 	ld	a, (hl)
    000001E2 B7               [ 4]  402 	or	a, a
    000001E3 28 04            [12]  403 	jr	Z, 00134$
    000001E5 2B               [ 8]  404 	dec	hl
    000001E6 2B               [ 8]  405 	dec	hl
    000001E7 2A               [ 8]  406 	ld	a, (hl+)
    000001E8 46               [ 8]  407 	ld	b, (hl)
    000001E9                        408 00134$:
    000001E9 CB 28            [ 8]  409 	sra	b
    000001EB CB 28            [ 8]  410 	sra	b
    000001ED CB 78            [ 8]  411 	bit	7, b
    000001EF 28 18            [12]  412 	jr	Z, 00132$
    000001F1 F8 05            [12]  413 	ldhl	sp,	#5
    000001F3 2A               [ 8]  414 	ld	a, (hl+)
    000001F4 5F               [ 4]  415 	ld	e, a
    000001F5 2A               [ 8]  416 	ld	a, (hl+)
    000001F6 57               [ 4]  417 	ld	d, a
    000001F7 7E               [ 8]  418 	ld	a, (hl)
    000001F8 B7               [ 4]  419 	or	a, a
    000001F9 28 04            [12]  420 	jr	Z, 00135$
    000001FB 23               [ 8]  421 	inc	hl
    000001FC 2A               [ 8]  422 	ld	a, (hl+)
    000001FD 5F               [ 4]  423 	ld	e, a
    000001FE 56               [ 8]  424 	ld	d, (hl)
    000001FF                        425 00135$:
    000001FF CB 2A            [ 8]  426 	sra	d
    00000201 CB 1B            [ 8]  427 	rr	e
    00000203 CB 2A            [ 8]  428 	sra	d
    00000205 CB 1B            [ 8]  429 	rr	e
    00000207 18 15            [12]  430 	jr	00133$
    00000209                        431 00132$:
    00000209 D1               [12]  432 	pop	de
    0000020A D5               [16]  433 	push	de
    0000020B F8 04            [12]  434 	ldhl	sp,	#4
    0000020D 7E               [ 8]  435 	ld	a, (hl)
    0000020E B7               [ 4]  436 	or	a, a
    0000020F 28 05            [12]  437 	jr	Z, 00136$
    00000211 2B               [ 8]  438 	dec	hl
    00000212 2B               [ 8]  439 	dec	hl
    00000213 2A               [ 8]  440 	ld	a, (hl+)
    00000214 5F               [ 4]  441 	ld	e, a
    00000215 56               [ 8]  442 	ld	d, (hl)
    00000216                        443 00136$:
    00000216 CB 2A            [ 8]  444 	sra	d
    00000218 CB 1B            [ 8]  445 	rr	e
    0000021A CB 2A            [ 8]  446 	sra	d
    0000021C CB 1B            [ 8]  447 	rr	e
    0000021E                        448 00133$:
    0000021E 7B               [ 4]  449 	ld	a, e
    0000021F 87               [ 4]  450 	add	a, a
    00000220 CB 12            [ 8]  451 	rl	d
    00000222 21r00r00         [12]  452 	ld	hl, #_paddleXSpeed
    00000225 22               [ 8]  453 	ld	(hl+), a
    00000226 72               [ 8]  454 	ld	(hl), d
    00000227                        455 00117$:
                                    456 ;source/default/paddle.c:42: return move_metasprite(paddle_metasprites[0],0,0,(paddleX>>4)+8,(paddleY>>4)+16);
    00000227 21r00r00         [12]  457 	ld	hl, #_paddleY
    0000022A 2A               [ 8]  458 	ld	a, (hl+)
    0000022B 4F               [ 4]  459 	ld	c, a
    0000022C 46               [ 8]  460 	ld	b, (hl)
    0000022D CB 38            [ 8]  461 	srl	b
    0000022F CB 19            [ 8]  462 	rr	c
    00000231 CB 38            [ 8]  463 	srl	b
    00000233 CB 19            [ 8]  464 	rr	c
    00000235 CB 38            [ 8]  465 	srl	b
    00000237 CB 19            [ 8]  466 	rr	c
    00000239 CB 38            [ 8]  467 	srl	b
    0000023B CB 19            [ 8]  468 	rr	c
    0000023D 79               [ 4]  469 	ld	a, c
    0000023E C6 10            [ 8]  470 	add	a, #0x10
    00000240 47               [ 4]  471 	ld	b, a
    00000241 FAr00r00         [16]  472 	ld	a, (_paddleX)
    00000244 4F               [ 4]  473 	ld	c, a
    00000245 21r01r00         [12]  474 	ld	hl, #_paddleX + 1
    00000248 5E               [ 8]  475 	ld	e, (hl)
    00000249 CB 3B            [ 8]  476 	srl	e
    0000024B CB 19            [ 8]  477 	rr	c
    0000024D CB 3B            [ 8]  478 	srl	e
    0000024F CB 19            [ 8]  479 	rr	c
    00000251 CB 3B            [ 8]  480 	srl	e
    00000253 CB 19            [ 8]  481 	rr	c
    00000255 CB 3B            [ 8]  482 	srl	e
    00000257 CB 19            [ 8]  483 	rr	c
    00000259 79               [ 4]  484 	ld	a, c
    0000025A C6 08            [ 8]  485 	add	a, #0x08
    0000025C 4F               [ 4]  486 	ld	c, a
    0000025D 21r00r00         [12]  487 	ld	hl, #_paddle_metasprites
    00000260 2A               [ 8]  488 	ld	a,	(hl+)
    00000261 66               [ 8]  489 	ld	h, (hl)
                                    490 ;/opt/gbdk/include/gb/metasprites.h:169: __current_metasprite = metasprite;
    00000262 5F               [ 4]  491 	ld	e, a
    00000263 54               [ 4]  492 	ld	d, h
    00000264 21r00r00         [12]  493 	ld	hl, #___current_metasprite
    00000267 7B               [ 4]  494 	ld	a, e
    00000268 22               [ 8]  495 	ld	(hl+), a
    00000269 72               [ 8]  496 	ld	(hl), d
                                    497 ;/opt/gbdk/include/gb/metasprites.h:170: __current_base_tile = base_tile;
                                    498 ;/opt/gbdk/include/gb/metasprites.h:171: __current_base_prop = 0;
    0000026A AF               [ 4]  499 	xor	a, a
    0000026B EAr00r00         [16]  500 	ld	(#___current_base_tile), a
    0000026E EAr00r00         [16]  501 	ld	(#___current_base_prop),a
                                    502 ;/opt/gbdk/include/gb/metasprites.h:172: return __move_metasprite(base_sprite, (y << 8) | (uint8_t)x);
    00000271 50               [ 4]  503 	ld	d, b
    00000272 59               [ 4]  504 	ld	e, c
    00000273 AF               [ 4]  505 	xor	a, a
    00000274 CDr00r00         [24]  506 	call	___move_metasprite
                                    507 ;source/default/paddle.c:42: return move_metasprite(paddle_metasprites[0],0,0,(paddleX>>4)+8,(paddleY>>4)+16);
                                    508 ;source/default/paddle.c:43: }
    00000277 E8 0C            [16]  509 	add	sp, #12
    00000279 C9               [16]  510 	ret
                                    511 	.area _CODE
                                    512 	.area _INITIALIZER
                                    513 	.area _CABS (ABS)
