                                      1 ;--------------------------------------------------------
                                      2 ; File Created by SDCC : free open source ISO C Compiler
                                      3 ; Version 4.5.1 #15267 (Linux)
                                      4 ;--------------------------------------------------------
                                      5 	.module userinterface
                                      6 	
                                      7 ;--------------------------------------------------------
                                      8 ; Public variables in this module
                                      9 ;--------------------------------------------------------
                                     10 	.globl _IncreaseScore
                                     11 	.globl _ResetUserInterface
                                     12 	.globl _UpdateScore
                                     13 	.globl _DrawNumber
                                     14 	.globl _strlen
                                     15 	.globl _uitoa
                                     16 	.globl _set_bkg_tile_xy
                                     17 	.globl _set_bkg_tiles
                                     18 ;--------------------------------------------------------
                                     19 ; special function registers
                                     20 ;--------------------------------------------------------
                                     21 	.area _HRAM
                                     22 ;--------------------------------------------------------
                                     23 ; ram data
                                     24 ;--------------------------------------------------------
                                     25 	.area _DATA
                                     26 ;--------------------------------------------------------
                                     27 ; ram data
                                     28 ;--------------------------------------------------------
                                     29 	.area _INITIALIZED
                                     30 ;--------------------------------------------------------
                                     31 ; absolute external ram data
                                     32 ;--------------------------------------------------------
                                     33 	.area _DABS (ABS)
                                     34 ;--------------------------------------------------------
                                     35 ; global & static initialisations
                                     36 ;--------------------------------------------------------
                                     37 	.area _HOME
                                     38 	.area _GSINIT
                                     39 	.area _GSFINAL
                                     40 	.area _GSINIT
                                     41 ;--------------------------------------------------------
                                     42 ; Home
                                     43 ;--------------------------------------------------------
                                     44 	.area _HOME
                                     45 	.area _HOME
                                     46 ;--------------------------------------------------------
                                     47 ; code
                                     48 ;--------------------------------------------------------
                                     49 	.area _CODE
                                     50 ;source/default/userinterface.c:9: void DrawNumber(uint8_t x,uint8_t y, uint16_t number,uint8_t digits){
                                     51 ;	---------------------------------
                                     52 ; Function DrawNumber
                                     53 ; ---------------------------------
    00000000                         54 _DrawNumber::
    00000000 E8 EF            [16]   55 	add	sp, #-17
    00000002 4F               [ 4]   56 	ld	c, a
    00000003 F8 10            [12]   57 	ldhl	sp,	#16
    00000005 73               [ 8]   58 	ld	(hl), e
                                     59 ;source/default/userinterface.c:11: unsigned char buffer[]="00000000";
    00000006 F8 00            [12]   60 	ldhl	sp,	#0
    00000008 3E 30            [ 8]   61 	ld	a,#0x30
    0000000A 22               [ 8]   62 	ld	(hl+),a
    0000000B 22               [ 8]   63 	ld	(hl+), a
    0000000C 3E 30            [ 8]   64 	ld	a,#0x30
    0000000E 22               [ 8]   65 	ld	(hl+),a
    0000000F 22               [ 8]   66 	ld	(hl+), a
    00000010 3E 30            [ 8]   67 	ld	a,#0x30
    00000012 22               [ 8]   68 	ld	(hl+),a
    00000013 22               [ 8]   69 	ld	(hl+), a
    00000014 3E 30            [ 8]   70 	ld	a,#0x30
    00000016 22               [ 8]   71 	ld	(hl+),a
    00000017 22               [ 8]   72 	ld	(hl+), a
    00000018 36 00            [12]   73 	ld	(hl), #0x00
                                     74 ;source/default/userinterface.c:14: uitoa(number, buffer, 10);
    0000001A F8 13            [12]   75 	ldhl	sp,	#19
    0000001C 2A               [ 8]   76 	ld	a, (hl+)
    0000001D 5F               [ 4]   77 	ld	e, a
    0000001E 56               [ 8]   78 	ld	d, (hl)
    0000001F C5               [16]   79 	push	bc
    00000020 3E 0A            [ 8]   80 	ld	a, #0x0a
    00000022 F5               [16]   81 	push	af
    00000023 33               [ 8]   82 	inc	sp
    00000024 21 03 00         [12]   83 	ld	hl, #3
    00000027 39               [ 8]   84 	add	hl, sp
    00000028 E5               [16]   85 	push	hl
    00000029 D5               [16]   86 	push	de
    0000002A CDr00r00         [24]   87 	call	_uitoa
    0000002D E8 05            [16]   88 	add	sp, #5
    0000002F C1               [12]   89 	pop	bc
                                     90 ;source/default/userinterface.c:17: uint8_t len =strlen(buffer);
    00000030 21 00 00         [12]   91 	ld	hl, #0
    00000033 39               [ 8]   92 	add	hl, sp
    00000034 E5               [16]   93 	push	hl
    00000035 CDr00r00         [24]   94 	call	_strlen
    00000038 E1               [12]   95 	pop	hl
    00000039 F8 09            [12]   96 	ldhl	sp,	#9
    0000003B 73               [ 8]   97 	ld	(hl), e
                                     98 ;source/default/userinterface.c:22: for(uint8_t i=0;i<digits-len;i++){
    0000003C 06 00            [ 8]   99 	ld	b, #0x00
    0000003E                        100 00104$:
    0000003E F8 15            [12]  101 	ldhl	sp,	#21
    00000040 7E               [ 8]  102 	ld	a, (hl)
    00000041 F8 0A            [12]  103 	ldhl	sp,	#10
    00000043 22               [ 8]  104 	ld	(hl+), a
    00000044 AF               [ 4]  105 	xor	a, a
    00000045 32               [ 8]  106 	ld	(hl-), a
    00000046 2B               [ 8]  107 	dec	hl
    00000047 7E               [ 8]  108 	ld	a, (hl)
    00000048 F8 0C            [12]  109 	ldhl	sp,	#12
    0000004A 22               [ 8]  110 	ld	(hl+), a
    0000004B AF               [ 4]  111 	xor	a, a
    0000004C 32               [ 8]  112 	ld	(hl-), a
    0000004D 2B               [ 8]  113 	dec	hl
    0000004E 2B               [ 8]  114 	dec	hl
    0000004F 2A               [ 8]  115 	ld	a, (hl+)
    00000050 5F               [ 4]  116 	ld	e, a
    00000051 2A               [ 8]  117 	ld	a, (hl+)
    00000052 57               [ 4]  118 	ld	d, a
    00000053 2A               [ 8]  119 	ld	a,	(hl+)
    00000054 66               [ 8]  120 	ld	h, (hl)
    00000055 6F               [ 4]  121 	ld	l, a
    00000056 7B               [ 4]  122 	ld	a, e
    00000057 95               [ 4]  123 	sub	a, l
    00000058 5F               [ 4]  124 	ld	e, a
    00000059 7A               [ 4]  125 	ld	a, d
    0000005A 9C               [ 4]  126 	sbc	a, h
    0000005B F8 0F            [12]  127 	ldhl	sp,	#15
    0000005D 32               [ 8]  128 	ld	(hl-), a
    0000005E 7B               [ 4]  129 	ld	a, e
    0000005F 32               [ 8]  130 	ld	(hl-), a
    00000060 2B               [ 8]  131 	dec	hl
    00000061 78               [ 4]  132 	ld	a, b
    00000062 22               [ 8]  133 	ld	(hl+), a
    00000063 36 00            [12]  134 	ld	(hl), #0x00
    00000065 F8 0C            [12]  135 	ldhl	sp,	#12
    00000067 5D               [ 4]  136 	ld	e, l
    00000068 54               [ 4]  137 	ld	d, h
    00000069 F8 0E            [12]  138 	ldhl	sp,	#14
    0000006B 1A               [ 8]  139 	ld	a, (de)
    0000006C 13               [ 8]  140 	inc	de
    0000006D 96               [ 8]  141 	sub	a, (hl)
    0000006E 23               [ 8]  142 	inc	hl
    0000006F 1A               [ 8]  143 	ld	a, (de)
    00000070 9E               [ 8]  144 	sbc	a, (hl)
    00000071 1A               [ 8]  145 	ld	a, (de)
    00000072 57               [ 4]  146 	ld	d, a
    00000073 5E               [ 8]  147 	ld	e, (hl)
    00000074 CB 7B            [ 8]  148 	bit	7, e
    00000076 28 07            [12]  149 	jr	Z, 00141$
    00000078 CB 7A            [ 8]  150 	bit	7, d
    0000007A 20 08            [12]  151 	jr	NZ, 00142$
    0000007C BF               [ 4]  152 	cp	a, a
    0000007D 18 05            [12]  153 	jr	00142$
    0000007F                        154 00141$:
    0000007F CB 7A            [ 8]  155 	bit	7, d
    00000081 28 01            [12]  156 	jr	Z, 00142$
    00000083 37               [ 4]  157 	scf
    00000084                        158 00142$:
    00000084 30 24            [12]  159 	jr	NC, 00101$
                                    160 ;source/default/userinterface.c:23: VBK_REG=1; set_bkg_tile_xy(x,y,0);
    00000086 3E 01            [ 8]  161 	ld	a, #0x01
    00000088 E0r00            [12]  162 	ldh	(_VBK_REG + 0), a
    0000008A C5               [16]  163 	push	bc
    0000008B AF               [ 4]  164 	xor	a, a
    0000008C F5               [16]  165 	push	af
    0000008D 33               [ 8]  166 	inc	sp
    0000008E F8 13            [12]  167 	ldhl	sp,	#19
    00000090 5E               [ 8]  168 	ld	e, (hl)
    00000091 79               [ 4]  169 	ld	a, c
    00000092 CDr00r00         [24]  170 	call	_set_bkg_tile_xy
    00000095 C1               [12]  171 	pop	bc
                                    172 ;source/default/userinterface.c:24: VBK_REG=0;set_bkg_tile_xy(x++,y,USERINTERFACE_TILES_START+42);
    00000096 AF               [ 4]  173 	xor	a, a
    00000097 E0r00            [12]  174 	ldh	(_VBK_REG + 0), a
    00000099 79               [ 4]  175 	ld	a, c
    0000009A 0C               [ 4]  176 	inc	c
    0000009B C5               [16]  177 	push	bc
    0000009C 26 3B            [ 8]  178 	ld	h, #0x3b
    0000009E E5               [16]  179 	push	hl
    0000009F 33               [ 8]  180 	inc	sp
    000000A0 F8 13            [12]  181 	ldhl	sp,	#19
    000000A2 5E               [ 8]  182 	ld	e, (hl)
    000000A3 CDr00r00         [24]  183 	call	_set_bkg_tile_xy
    000000A6 C1               [12]  184 	pop	bc
                                    185 ;source/default/userinterface.c:22: for(uint8_t i=0;i<digits-len;i++){
    000000A7 04               [ 4]  186 	inc	b
    000000A8 18 94            [12]  187 	jr	00104$
    000000AA                        188 00101$:
                                    189 ;source/default/userinterface.c:29: for(uint8_t i=0;i<len;i++){
    000000AA 06 00            [ 8]  190 	ld	b, #0x00
    000000AC                        191 00107$:
    000000AC 78               [ 4]  192 	ld	a, b
    000000AD F8 09            [12]  193 	ldhl	sp,	#9
    000000AF 96               [ 8]  194 	sub	a, (hl)
    000000B0 30 2E            [12]  195 	jr	NC, 00109$
                                    196 ;source/default/userinterface.c:31: VBK_REG=1;set_bkg_tile_xy(x,y,0);
    000000B2 3E 01            [ 8]  197 	ld	a, #0x01
    000000B4 E0r00            [12]  198 	ldh	(_VBK_REG + 0), a
    000000B6 C5               [16]  199 	push	bc
    000000B7 AF               [ 4]  200 	xor	a, a
    000000B8 F5               [16]  201 	push	af
    000000B9 33               [ 8]  202 	inc	sp
    000000BA F8 13            [12]  203 	ldhl	sp,	#19
    000000BC 5E               [ 8]  204 	ld	e, (hl)
    000000BD 79               [ 4]  205 	ld	a, c
    000000BE CDr00r00         [24]  206 	call	_set_bkg_tile_xy
    000000C1 C1               [12]  207 	pop	bc
                                    208 ;source/default/userinterface.c:32: VBK_REG=0;set_bkg_tile_xy(x++,y,(buffer[i]-'0')+USERINTERFACE_TILES_START+42);
    000000C2 AF               [ 4]  209 	xor	a, a
    000000C3 E0r00            [12]  210 	ldh	(_VBK_REG + 0), a
    000000C5 58               [ 4]  211 	ld	e, b
    000000C6 16 00            [ 8]  212 	ld	d, #0x00
    000000C8 21 00 00         [12]  213 	ld	hl, #0
    000000CB 39               [ 8]  214 	add	hl, sp
    000000CC 19               [ 8]  215 	add	hl, de
    000000CD 7E               [ 8]  216 	ld	a, (hl)
    000000CE C6 0B            [ 8]  217 	add	a, #0x0b
    000000D0 57               [ 4]  218 	ld	d, a
    000000D1 79               [ 4]  219 	ld	a, c
    000000D2 0C               [ 4]  220 	inc	c
    000000D3 C5               [16]  221 	push	bc
    000000D4 D5               [16]  222 	push	de
    000000D5 33               [ 8]  223 	inc	sp
    000000D6 F8 13            [12]  224 	ldhl	sp,	#19
    000000D8 5E               [ 8]  225 	ld	e, (hl)
    000000D9 CDr00r00         [24]  226 	call	_set_bkg_tile_xy
    000000DC C1               [12]  227 	pop	bc
                                    228 ;source/default/userinterface.c:29: for(uint8_t i=0;i<len;i++){
    000000DD 04               [ 4]  229 	inc	b
    000000DE 18 CC            [12]  230 	jr	00107$
    000000E0                        231 00109$:
                                    232 ;source/default/userinterface.c:34: }
    000000E0 E8 11            [16]  233 	add	sp, #17
    000000E2 E1               [12]  234 	pop	hl
    000000E3 E8 03            [16]  235 	add	sp, #3
    000000E5 E9               [ 4]  236 	jp	(hl)
                                    237 ;source/default/userinterface.c:37: void UpdateScore(){
                                    238 ;	---------------------------------
                                    239 ; Function UpdateScore
                                    240 ; ---------------------------------
    000000E6                        241 _UpdateScore::
                                    242 ;source/default/userinterface.c:39: DrawNumber(16,2,topScore,4);
    000000E6 3E 04            [ 8]  243 	ld	a, #0x04
    000000E8 F5               [16]  244 	push	af
    000000E9 33               [ 8]  245 	inc	sp
    000000EA FAr00r00         [16]  246 	ld	a, (_topScore)
    000000ED 5F               [ 4]  247 	ld	e, a
    000000EE 21r01r00         [12]  248 	ld	hl, #_topScore + 1
    000000F1 56               [ 8]  249 	ld	d, (hl)
    000000F2 D5               [16]  250 	push	de
    000000F3 1E 02            [ 8]  251 	ld	e, #0x02
    000000F5 3E 10            [ 8]  252 	ld	a, #0x10
    000000F7 CDr00r00         [24]  253 	call	_DrawNumber
                                    254 ;source/default/userinterface.c:40: DrawNumber(16,5,score,4);
    000000FA 3E 04            [ 8]  255 	ld	a, #0x04
    000000FC F5               [16]  256 	push	af
    000000FD 33               [ 8]  257 	inc	sp
    000000FE FAr00r00         [16]  258 	ld	a, (_score)
    00000101 5F               [ 4]  259 	ld	e, a
    00000102 21r01r00         [12]  260 	ld	hl, #_score + 1
    00000105 56               [ 8]  261 	ld	d, (hl)
    00000106 D5               [16]  262 	push	de
    00000107 1E 05            [ 8]  263 	ld	e, #0x05
    00000109 3E 10            [ 8]  264 	ld	a, #0x10
    0000010B CDr00r00         [24]  265 	call	_DrawNumber
                                    266 ;source/default/userinterface.c:41: DrawNumber(17,10,stage+1,2);
    0000010E FAr00r00         [16]  267 	ld	a, (_stage)
    00000111 06 00            [ 8]  268 	ld	b, #0x00
    00000113 4F               [ 4]  269 	ld	c, a
    00000114 03               [ 8]  270 	inc	bc
    00000115 3E 02            [ 8]  271 	ld	a, #0x02
    00000117 F5               [16]  272 	push	af
    00000118 33               [ 8]  273 	inc	sp
    00000119 C5               [16]  274 	push	bc
    0000011A 1E 0A            [ 8]  275 	ld	e, #0x0a
    0000011C 3E 11            [ 8]  276 	ld	a, #0x11
    0000011E CDr00r00         [24]  277 	call	_DrawNumber
                                    278 ;source/default/userinterface.c:42: }
    00000121 C9               [16]  279 	ret
                                    280 ;source/default/userinterface.c:44: void ResetUserInterface(){
                                    281 ;	---------------------------------
                                    282 ; Function ResetUserInterface
                                    283 ; ---------------------------------
    00000122                        284 _ResetUserInterface::
                                    285 ;source/default/userinterface.c:47: set_bkg_based_tiles(0,0,20,18,UserInterface_map,USERINTERFACE_TILES_START);
                                    286 ;/opt/gbdk/include/gb/gb.h:1182: _map_tile_offset = base_tile;
    00000122 21r00r00         [12]  287 	ld	hl, #__map_tile_offset
    00000125 36 11            [12]  288 	ld	(hl), #0x11
                                    289 ;/opt/gbdk/include/gb/gb.h:1183: set_bkg_tiles(x, y, w, h, tiles);
    00000127 11r00r00         [12]  290 	ld	de, #_UserInterface_map
    0000012A D5               [16]  291 	push	de
    0000012B 21 14 12         [12]  292 	ld	hl, #0x1214
    0000012E E5               [16]  293 	push	hl
    0000012F AF               [ 4]  294 	xor	a, a
    00000130 0F               [ 4]  295 	rrca
    00000131 F5               [16]  296 	push	af
    00000132 CDr00r00         [24]  297 	call	_set_bkg_tiles
    00000135 E8 06            [16]  298 	add	sp, #6
                                    299 ;/opt/gbdk/include/gb/gb.h:1184: _map_tile_offset = 0;
    00000137 AF               [ 4]  300 	xor	a, a
    00000138 EAr00r00         [16]  301 	ld	(#__map_tile_offset),a
                                    302 ;source/default/userinterface.c:49: UpdateScore();
                                    303 ;source/default/userinterface.c:50: }
    0000013B C3rE6r00         [16]  304 	jp	_UpdateScore
                                    305 ;source/default/userinterface.c:52: void IncreaseScore(uint16_t amount){
                                    306 ;	---------------------------------
                                    307 ; Function IncreaseScore
                                    308 ; ---------------------------------
    0000013E                        309 _IncreaseScore::
                                    310 ;source/default/userinterface.c:53: score+=amount;
    0000013E 21r00r00         [12]  311 	ld	hl, #_score
    00000141 7E               [ 8]  312 	ld	a, (hl)
    00000142 83               [ 4]  313 	add	a, e
    00000143 22               [ 8]  314 	ld	(hl+), a
    00000144 7E               [ 8]  315 	ld	a, (hl)
    00000145 8A               [ 4]  316 	adc	a, d
    00000146 77               [ 8]  317 	ld	(hl), a
                                    318 ;source/default/userinterface.c:54: topScore =MAX(topScore,score);
    00000147 11r00r00         [12]  319 	ld	de, #_score
    0000014A 21r00r00         [12]  320 	ld	hl, #_topScore
    0000014D 1A               [ 8]  321 	ld	a, (de)
    0000014E 13               [ 8]  322 	inc	de
    0000014F 96               [ 8]  323 	sub	a, (hl)
    00000150 23               [ 8]  324 	inc	hl
    00000151 1A               [ 8]  325 	ld	a, (de)
    00000152 9E               [ 8]  326 	sbc	a, (hl)
    00000153 30 09            [12]  327 	jr	NC, 00103$
    00000155 FAr00r00         [16]  328 	ld	a, (_topScore)
    00000158 21r01r00         [12]  329 	ld	hl, #_topScore + 1
    0000015B 4E               [ 8]  330 	ld	c, (hl)
    0000015C 18 07            [12]  331 	jr	00104$
    0000015E                        332 00103$:
    0000015E FAr00r00         [16]  333 	ld	a, (_score)
    00000161 21r01r00         [12]  334 	ld	hl, #_score + 1
    00000164 4E               [ 8]  335 	ld	c, (hl)
    00000165                        336 00104$:
    00000165 21r00r00         [12]  337 	ld	hl, #_topScore
    00000168 22               [ 8]  338 	ld	(hl+), a
    00000169 71               [ 8]  339 	ld	(hl), c
                                    340 ;source/default/userinterface.c:55: UpdateScore();
                                    341 ;source/default/userinterface.c:56: }
    0000016A C3rE6r00         [16]  342 	jp	_UpdateScore
                                    343 	.area _CODE
                                    344 	.area _INITIALIZER
                                    345 	.area _CABS (ABS)
