                                      1 ;--------------------------------------------------------
                                      2 ; File Created by SDCC : free open source ISO C Compiler
                                      3 ; Version 4.6.0 #16555 (Linux)
                                      4 ;--------------------------------------------------------
                                      5 	.module smirk
                                      6 	
                                      7 ;--------------------------------------------------------
                                      8 ; Public variables in this module
                                      9 ;--------------------------------------------------------
                                     10 	.globl _smirk
                                     11 ;--------------------------------------------------------
                                     12 ; special function registers
                                     13 ;--------------------------------------------------------
                                     14 ;--------------------------------------------------------
                                     15 ; ram data
                                     16 ;--------------------------------------------------------
                                     17 	.area _DATA
                                     18 ;--------------------------------------------------------
                                     19 ; ram data
                                     20 ;--------------------------------------------------------
                                     21 	.area _INITIALIZED
                                     22 ;--------------------------------------------------------
                                     23 ; absolute ram data
                                     24 ;--------------------------------------------------------
                                     25 	.area _DABS (ABS)
                                     26 	.area _DABS (ABS)
                                     27 ;--------------------------------------------------------
                                     28 ; global & static initialisations
                                     29 ;--------------------------------------------------------
                                     30 	.area _HOME
                                     31 	.area _GSINIT
                                     32 	.area _GSFINAL
                                     33 	.area _GSINIT
                                     34 ;--------------------------------------------------------
                                     35 ; Home
                                     36 ;--------------------------------------------------------
                                     37 	.area _HOME
                                     38 	.area _HOME
                                     39 ;--------------------------------------------------------
                                     40 ; code
                                     41 ;--------------------------------------------------------
                                     42 	.area _CODE
                                     43 	.area _CODE
    00000000                         44 _smirk:
    00000000 0F                      45 	.db #0x0f	; 15
    00000001 0F                      46 	.db #0x0f	; 15
    00000002 30                      47 	.db #0x30	; 48	'0'
    00000003 30                      48 	.db #0x30	; 48	'0'
    00000004 40                      49 	.db #0x40	; 64
    00000005 40                      50 	.db #0x40	; 64
    00000006 40                      51 	.db #0x40	; 64
    00000007 40                      52 	.db #0x40	; 64
    00000008 80                      53 	.db #0x80	; 128
    00000009 80                      54 	.db #0x80	; 128
    0000000A 84                      55 	.db #0x84	; 132
    0000000B 84                      56 	.db #0x84	; 132
    0000000C 8A                      57 	.db #0x8a	; 138
    0000000D 8A                      58 	.db #0x8a	; 138
    0000000E 80                      59 	.db #0x80	; 128
    0000000F 80                      60 	.db #0x80	; 128
    00000010 80                      61 	.db #0x80	; 128
    00000011 80                      62 	.db #0x80	; 128
    00000012 80                      63 	.db #0x80	; 128
    00000013 80                      64 	.db #0x80	; 128
    00000014 80                      65 	.db #0x80	; 128
    00000015 80                      66 	.db #0x80	; 128
    00000016 83                      67 	.db #0x83	; 131
    00000017 83                      68 	.db #0x83	; 131
    00000018 40                      69 	.db #0x40	; 64
    00000019 40                      70 	.db #0x40	; 64
    0000001A 40                      71 	.db #0x40	; 64
    0000001B 40                      72 	.db #0x40	; 64
    0000001C 30                      73 	.db #0x30	; 48	'0'
    0000001D 30                      74 	.db #0x30	; 48	'0'
    0000001E 0F                      75 	.db #0x0f	; 15
    0000001F 0F                      76 	.db #0x0f	; 15
    00000020 F0                      77 	.db #0xf0	; 240
    00000021 F0                      78 	.db #0xf0	; 240
    00000022 0C                      79 	.db #0x0c	; 12
    00000023 0C                      80 	.db #0x0c	; 12
    00000024 02                      81 	.db #0x02	; 2
    00000025 02                      82 	.db #0x02	; 2
    00000026 02                      83 	.db #0x02	; 2
    00000027 02                      84 	.db #0x02	; 2
    00000028 01                      85 	.db #0x01	; 1
    00000029 01                      86 	.db #0x01	; 1
    0000002A 21                      87 	.db #0x21	; 33
    0000002B 21                      88 	.db #0x21	; 33
    0000002C 51                      89 	.db #0x51	; 81	'Q'
    0000002D 51                      90 	.db #0x51	; 81	'Q'
    0000002E 01                      91 	.db #0x01	; 1
    0000002F 01                      92 	.db #0x01	; 1
    00000030 01                      93 	.db #0x01	; 1
    00000031 01                      94 	.db #0x01	; 1
    00000032 01                      95 	.db #0x01	; 1
    00000033 01                      96 	.db #0x01	; 1
    00000034 01                      97 	.db #0x01	; 1
    00000035 01                      98 	.db #0x01	; 1
    00000036 C1                      99 	.db #0xc1	; 193
    00000037 C1                     100 	.db #0xc1	; 193
    00000038 02                     101 	.db #0x02	; 2
    00000039 02                     102 	.db #0x02	; 2
    0000003A 02                     103 	.db #0x02	; 2
    0000003B 02                     104 	.db #0x02	; 2
    0000003C 0C                     105 	.db #0x0c	; 12
    0000003D 0C                     106 	.db #0x0c	; 12
    0000003E F0                     107 	.db #0xf0	; 240
    0000003F F0                     108 	.db #0xf0	; 240
                                    109 	.area _INITIALIZER
                                    110 	.area _CABS (ABS)
