                                      1 ;--------------------------------------------------------
                                      2 ; File Created by SDCC : free open source ISO C Compiler
                                      3 ; Version 4.6.0 #16555 (Linux)
                                      4 ;--------------------------------------------------------
                                      5 	.module test
                                      6 	
                                      7 ;--------------------------------------------------------
                                      8 ; Public variables in this module
                                      9 ;--------------------------------------------------------
                                     10 	.globl _main
                                     11 	.globl _set_sprite_data
                                     12 ;--------------------------------------------------------
                                     13 ; special function registers
                                     14 ;--------------------------------------------------------
                                     15 ;--------------------------------------------------------
                                     16 ; ram data
                                     17 ;--------------------------------------------------------
                                     18 	.area _DATA
                                     19 ;--------------------------------------------------------
                                     20 ; ram data
                                     21 ;--------------------------------------------------------
                                     22 	.area _INITIALIZED
                                     23 ;--------------------------------------------------------
                                     24 ; absolute ram data
                                     25 ;--------------------------------------------------------
                                     26 	.area _DABS (ABS)
                                     27 	.area _DABS (ABS)
                                     28 ;--------------------------------------------------------
                                     29 ; global & static initialisations
                                     30 ;--------------------------------------------------------
                                     31 	.area _HOME
                                     32 	.area _GSINIT
                                     33 	.area _GSFINAL
                                     34 	.area _GSINIT
                                     35 ;--------------------------------------------------------
                                     36 ; Home
                                     37 ;--------------------------------------------------------
                                     38 	.area _HOME
                                     39 	.area _HOME
                                     40 ;--------------------------------------------------------
                                     41 ; code
                                     42 ;--------------------------------------------------------
                                     43 	.area _CODE
                                     44 ;test.c:4: void main() {
                                     45 ;	---------------------------------
                                     46 ; Function main
                                     47 ; ---------------------------------
    00000000                         48 _main::
                                     49 ;test.c:5: SPRITES_8x16;
    00000000 F0r00            [12]   50 	ldh	a, (_LCDC_REG + 0)
    00000002 F6 04            [ 8]   51 	or	a, #0x04
    00000004 E0r00            [12]   52 	ldh	(_LCDC_REG + 0), a
                                     53 ;test.c:6: set_sprite_data(0, 8, smirk);
    00000006 11r00r00         [12]   54 	ld	de, #_smirk
    00000009 D5               [16]   55 	push	de
    0000000A 21 00 08         [12]   56 	ld	hl, #0x800
    0000000D E5               [16]   57 	push	hl
    0000000E CDr00r00         [24]   58 	call	_set_sprite_data
    00000011 E8 04            [16]   59 	add	sp, #4
                                     60 ;/usr/share/gbdk-2020/include/gb/gb.h:1887: shadow_OAM[nb].tile=tile;
    00000013 21r02r00         [12]   61 	ld	hl, #_shadow_OAM+2
    00000016 36 00            [12]   62 	ld	(hl), #0x00
                                     63 ;/usr/share/gbdk-2020/include/gb/gb.h:1973: OAM_item_t * itm = &shadow_OAM[nb];
    00000018 21r00r00         [12]   64 	ld	hl, #_shadow_OAM+0
                                     65 ;/usr/share/gbdk-2020/include/gb/gb.h:1974: itm->y=y, itm->x=x;
    0000001B 3E 4B            [ 8]   66 	ld	a, #0x4b
    0000001D 22               [ 8]   67 	ld	(hl+), a
    0000001E 36 4B            [12]   68 	ld	(hl), #0x4b
                                     69 ;test.c:9: SHOW_SPRITES;
    00000020 F0r00            [12]   70 	ldh	a, (_LCDC_REG + 0)
    00000022 F6 02            [ 8]   71 	or	a, #0x02
    00000024 E0r00            [12]   72 	ldh	(_LCDC_REG + 0), a
                                     73 ;test.c:10: }
    00000026 C9               [16]   74 	ret
                                     75 	.area _CODE
                                     76 	.area _INITIALIZER
                                     77 	.area _CABS (ABS)
